80.82.70.206 - - [07/Feb/2020:12:30:59 -0800] "POST /wp/wp-login.php HTTP/1.1" 200 6045 "-" "Mozilla/5.0 (Windows NT 6.1; WOW64; rv:18.0) Gecko/20100101 Firefox/18.0"
80.82.70.206 - - [07/Feb/2020:12:31:01 -0800] "POST /wp/wp-login.php HTTP/1.1" 200 6045 "-" "Mozilla/5.0 (Windows NT 6.1; WOW64; rv:18.0) Gecko/20100101 Firefox/18.0"
80.82.70.206 - - [07/Feb/2020:12:31:01 -0800] "POST /wp/wp-login.php HTTP/1.1" 200 6045 "-" "Mozilla/5.0 (Windows NT 6.1; WOW64; rv:18.0) Gecko/20100101 Firefox/18.0"
80.82.70.206 - - [07/Feb/2020:12:31:02 -0800] "POST /wp/wp-login.php HTTP/1.1" 200 6045 "-" "Mozilla/5.0 (Windows NT 6.1; WOW64; rv:18.0) Gecko/20100101 Firefox/18.0"
80.82.70.206 - - [07/Feb/2020:12:31:03 -0800] "POST /wp/wp-login.php HTTP/1.1" 200 6045 "-" "Mozilla/5.0 (Windows NT 6.1; WOW64; rv:18.0) Gecko/20100101 Firefox/18.0"
80.82.70.206 - - [07/Feb/2020:12:31:04 -0800] "POST /wp/wp-login.php HTTP/1.1" 200 6045 "-" "Mozilla/5.0 (Windows NT 6.1; WOW64; rv:18.0) Gecko/20100101 Firefox/18.0"
80.82.70.206 - - [07/Feb/2020:12:31:05 -0800] "POST /wp/wp-login.php HTTP/1.1" 200 6045 "-" "Mozilla/5.0 (Windows NT 6.1; WOW64; rv:18.0) Gecko/20100101 Firefox/18.0"
80.82.70.206 - - [07/Feb/2020:12:31:05 -0800] "POST /wp/wp-login.php HTTP/1.1" 200 6045 "-" "Mozilla/5.0 (Windows NT 6.1; WOW64; rv:18.0) Gecko/20100101 Firefox/18.0"
80.82.70.206 - - [07/Feb/2020:12:31:06 -0800] "POST /wp/wp-login.php HTTP/1.1" 200 6045 "-" "Mozilla/5.0 (Windows NT 6.1; WOW64; rv:18.0) Gecko/20100101 Firefox/18.0"
80.82.70.206 - - [07/Feb/2020:12:31:07 -0800] "POST /wp/wp-login.php HTTP/1.1" 200 6045 "-" "Mozilla/5.0 (Windows NT 6.1; WOW64; rv:18.0) Gecko/20100101 Firefox/18.0"
80.82.70.206 - - [07/Feb/2020:12:31:08 -0800] "POST /wp/wp-login.php HTTP/1.1" 200 6045 "-" "Mozilla/5.0 (Windows NT 6.1; WOW64; rv:18.0) Gecko/20100101 Firefox/18.0"
80.82.70.206 - - [07/Feb/2020:12:31:09 -0800] "POST /wp/wp-login.php HTTP/1.1" 200 6045 "-" "Mozilla/5.0 (Windows NT 6.1; WOW64; rv:18.0) Gecko/20100101 Firefox/18.0"
80.82.70.206 - - [07/Feb/2020:12:31:10 -0800] "POST /wp/wp-login.php HTTP/1.1" 200 6045 "-" "Mozilla/5.0 (Windows NT 6.1; WOW64; rv:18.0) Gecko/20100101 Firefox/18.0"
80.82.70.206 - - [07/Feb/2020:12:31:10 -0800] "POST /wp/wp-login.php HTTP/1.1" 200 6045 "-" "Mozilla/5.0 (Windows NT 6.1; WOW64; rv:18.0) Gecko/20100101 Firefox/18.0"
80.82.70.206 - - [07/Feb/2020:12:31:11 -0800] "POST /wp/wp-login.php HTTP/1.1" 200 6045 "-" "Mozilla/5.0 (Windows NT 6.1; WOW64; rv:18.0) Gecko/20100101 Firefox/18.0"
80.82.70.206 - - [07/Feb/2020:12:31:12 -0800] "POST /wp/wp-login.php HTTP/1.1" 200 6045 "-" "Mozilla/5.0 (Windows NT 6.1; WOW64; rv:18.0) Gecko/20100101 Firefox/18.0"
80.82.70.206 - - [07/Feb/2020:12:31:13 -0800] "POST /wp/wp-login.php HTTP/1.1" 200 6045 "-" "Mozilla/5.0 (Windows NT 6.1; WOW64; rv:18.0) Gecko/20100101 Firefox/18.0"
80.82.70.206 - - [07/Feb/2020:12:31:14 -0800] "POST /wp/wp-login.php HTTP/1.1" 200 6045 "-" "Mozilla/5.0 (Windows NT 6.1; WOW64; rv:18.0) Gecko/20100101 Firefox/18.0"
80.82.70.206 - - [07/Feb/2020:12:31:15 -0800] "POST /wp/wp-login.php HTTP/1.1" 200 6045 "-" "Mozilla/5.0 (Windows NT 6.1; WOW64; rv:18.0) Gecko/20100101 Firefox/18.0"
80.82.70.206 - - [07/Feb/2020:12:31:16 -0800] "POST /wp/wp-login.php HTTP/1.1" 200 6045 "-" "Mozilla/5.0 (Windows NT 6.1; WOW64; rv:18.0) Gecko/20100101 Firefox/18.0"
80.82.70.206 - - [07/Feb/2020:12:31:16 -0800] "POST /wp/wp-login.php HTTP/1.1" 200 6045 "-" "Mozilla/5.0 (Windows NT 6.1; WOW64; rv:18.0) Gecko/20100101 Firefox/18.0"
80.82.70.206 - - [07/Feb/2020:12:31:17 -0800] "POST /wp/wp-login.php HTTP/1.1" 200 6045 "-" "Mozilla/5.0 (Windows NT 6.1; WOW64; rv:18.0) Gecko/20100101 Firefox/18.0"
80.82.70.206 - - [07/Feb/2020:12:31:18 -0800] "POST /wp/wp-login.php HTTP/1.1" 200 6045 "-" "Mozilla/5.0 (Windows NT 6.1; WOW64; rv:18.0) Gecko/20100101 Firefox/18.0"
80.82.70.206 - - [07/Feb/2020:12:31:19 -0800] "POST /wp/wp-login.php HTTP/1.1" 200 6045 "-" "Mozilla/5.0 (Windows NT 6.1; WOW64; rv:18.0) Gecko/20100101 Firefox/18.0"
148.251.9.145 - - [07/Feb/2020:12:31:10 -0800] "GET /MediaWiki:Apihelp-query%2Bprotectedtitles-description HTTP/1.1" 404 12620 "-" "Mozilla/5.0 (compatible; MJ12bot/v1.4.8; http://mj12bot.com/)"
80.82.70.206 - - [07/Feb/2020:12:31:20 -0800] "POST /wp/wp-login.php HTTP/1.1" 200 6045 "-" "Mozilla/5.0 (Windows NT 6.1; WOW64; rv:18.0) Gecko/20100101 Firefox/18.0"
80.82.70.206 - - [07/Feb/2020:12:31:20 -0800] "POST /wp/wp-login.php HTTP/1.1" 200 6045 "-" "Mozilla/5.0 (Windows NT 6.1; WOW64; rv:18.0) Gecko/20100101 Firefox/18.0"
80.82.70.206 - - [07/Feb/2020:12:31:21 -0800] "POST /wp/wp-login.php HTTP/1.1" 200 6045 "-" "Mozilla/5.0 (Windows NT 6.1; WOW64; rv:18.0) Gecko/20100101 Firefox/18.0"
80.82.70.206 - - [07/Feb/2020:12:31:22 -0800] "POST /wp/wp-login.php HTTP/1.1" 200 6045 "-" "Mozilla/5.0 (Windows NT 6.1; WOW64; rv:18.0) Gecko/20100101 Firefox/18.0"
80.82.70.206 - - [07/Feb/2020:12:31:23 -0800] "POST /wp/wp-login.php HTTP/1.1" 200 6045 "-" "Mozilla/5.0 (Windows NT 6.1; WOW64; rv:18.0) Gecko/20100101 Firefox/18.0"
80.82.70.206 - - [07/Feb/2020:12:31:24 -0800] "POST /wp/wp-login.php HTTP/1.1" 200 6045 "-" "Mozilla/5.0 (Windows NT 6.1; WOW64; rv:18.0) Gecko/20100101 Firefox/18.0"
80.82.70.206 - - [07/Feb/2020:12:31:25 -0800] "POST /wp/wp-login.php HTTP/1.1" 200 6045 "-" "Mozilla/5.0 (Windows NT 6.1; WOW64; rv:18.0) Gecko/20100101 Firefox/18.0"
80.82.70.206 - - [07/Feb/2020:12:31:26 -0800] "POST /wp/wp-login.php HTTP/1.1" 200 6045 "-" "Mozilla/5.0 (Windows NT 6.1; WOW64; rv:18.0) Gecko/20100101 Firefox/18.0"
80.82.70.206 - - [07/Feb/2020:12:31:27 -0800] "POST /wp/wp-login.php HTTP/1.1" 200 6045 "-" "Mozilla/5.0 (Windows NT 6.1; WOW64; rv:18.0) Gecko/20100101 Firefox/18.0"
80.82.70.206 - - [07/Feb/2020:12:31:27 -0800] "POST /wp/wp-login.php HTTP/1.1" 200 6045 "-" "Mozilla/5.0 (Windows NT 6.1; WOW64; rv:18.0) Gecko/20100101 Firefox/18.0"
80.82.70.206 - - [07/Feb/2020:12:31:28 -0800] "POST /wp/wp-login.php HTTP/1.1" 200 6045 "-" "Mozilla/5.0 (Windows NT 6.1; WOW64; rv:18.0) Gecko/20100101 Firefox/18.0"
80.82.70.206 - - [07/Feb/2020:12:31:30 -0800] "POST /wp/wp-login.php HTTP/1.1" 200 6045 "-" "Mozilla/5.0 (Windows NT 6.1; WOW64; rv:18.0) Gecko/20100101 Firefox/18.0"
80.82.70.206 - - [07/Feb/2020:12:31:30 -0800] "POST /wp/wp-login.php HTTP/1.1" 200 6045 "-" "Mozilla/5.0 (Windows NT 6.1; WOW64; rv:18.0) Gecko/20100101 Firefox/18.0"
80.82.70.206 - - [07/Feb/2020:12:31:31 -0800] "POST /wp/wp-login.php HTTP/1.1" 200 6045 "-" "Mozilla/5.0 (Windows NT 6.1; WOW64; rv:18.0) Gecko/20100101 Firefox/18.0"
80.82.70.206 - - [07/Feb/2020:12:31:32 -0800] "POST /wp/wp-login.php HTTP/1.1" 200 6045 "-" "Mozilla/5.0 (Windows NT 6.1; WOW64; rv:18.0) Gecko/20100101 Firefox/18.0"
80.82.70.206 - - [07/Feb/2020:12:31:33 -0800] "POST /wp/wp-login.php HTTP/1.1" 200 6045 "-" "Mozilla/5.0 (Windows NT 6.1; WOW64; rv:18.0) Gecko/20100101 Firefox/18.0"
80.82.70.206 - - [07/Feb/2020:12:31:34 -0800] "POST /wp/wp-login.php HTTP/1.1" 200 6045 "-" "Mozilla/5.0 (Windows NT 6.1; WOW64; rv:18.0) Gecko/20100101 Firefox/18.0"
80.82.70.206 - - [07/Feb/2020:12:31:35 -0800] "POST /wp/wp-login.php HTTP/1.1" 200 6045 "-" "Mozilla/5.0 (Windows NT 6.1; WOW64; rv:18.0) Gecko/20100101 Firefox/18.0"
80.82.70.206 - - [07/Feb/2020:12:31:35 -0800] "POST /wp/wp-login.php HTTP/1.1" 200 6045 "-" "Mozilla/5.0 (Windows NT 6.1; WOW64; rv:18.0) Gecko/20100101 Firefox/18.0"
80.82.70.206 - - [07/Feb/2020:12:31:36 -0800] "POST /wp/wp-login.php HTTP/1.1" 200 6045 "-" "Mozilla/5.0 (Windows NT 6.1; WOW64; rv:18.0) Gecko/20100101 Firefox/18.0"
80.82.70.206 - - [07/Feb/2020:12:31:37 -0800] "POST /wp/wp-login.php HTTP/1.1" 200 6045 "-" "Mozilla/5.0 (Windows NT 6.1; WOW64; rv:18.0) Gecko/20100101 Firefox/18.0"
80.82.70.206 - - [07/Feb/2020:12:31:38 -0800] "POST /wp/wp-login.php HTTP/1.1" 200 6045 "-" "Mozilla/5.0 (Windows NT 6.1; WOW64; rv:18.0) Gecko/20100101 Firefox/18.0"
148.251.9.145 - - [07/Feb/2020:12:31:31 -0800] "GET /index.php?title=MediaWiki:Recentchanges-page-removed-from-category&action=info HTTP/1.1" 200 14508 "-" "Mozilla/5.0 (compatible; MJ12bot/v1.4.8; http://mj12bot.com/)"
80.82.70.206 - - [07/Feb/2020:12:31:39 -0800] "POST /wp/wp-login.php HTTP/1.1" 200 6045 "-" "Mozilla/5.0 (Windows NT 6.1; WOW64; rv:18.0) Gecko/20100101 Firefox/18.0"
80.82.70.206 - - [07/Feb/2020:12:31:39 -0800] "POST /wp/wp-login.php HTTP/1.1" 200 6045 "-" "Mozilla/5.0 (Windows NT 6.1; WOW64; rv:18.0) Gecko/20100101 Firefox/18.0"
80.82.70.206 - - [07/Feb/2020:12:31:40 -0800] "POST /wp/wp-login.php HTTP/1.1" 200 6045 "-" "Mozilla/5.0 (Windows NT 6.1; WOW64; rv:18.0) Gecko/20100101 Firefox/18.0"
80.82.70.206 - - [07/Feb/2020:12:31:41 -0800] "POST /wp/wp-login.php HTTP/1.1" 200 6045 "-" "Mozilla/5.0 (Windows NT 6.1; WOW64; rv:18.0) Gecko/20100101 Firefox/18.0"
80.82.70.206 - - [07/Feb/2020:12:31:42 -0800] "POST /wp/wp-login.php HTTP/1.1" 200 6045 "-" "Mozilla/5.0 (Windows NT 6.1; WOW64; rv:18.0) Gecko/20100101 Firefox/18.0"
80.82.70.206 - - [07/Feb/2020:12:31:43 -0800] "POST /wp/wp-login.php HTTP/1.1" 200 6045 "-" "Mozilla/5.0 (Windows NT 6.1; WOW64; rv:18.0) Gecko/20100101 Firefox/18.0"
80.82.70.206 - - [07/Feb/2020:12:31:44 -0800] "POST /wp/wp-login.php HTTP/1.1" 200 6045 "-" "Mozilla/5.0 (Windows NT 6.1; WOW64; rv:18.0) Gecko/20100101 Firefox/18.0"
80.82.70.206 - - [07/Feb/2020:12:31:44 -0800] "POST /wp/wp-login.php HTTP/1.1" 200 6045 "-" "Mozilla/5.0 (Windows NT 6.1; WOW64; rv:18.0) Gecko/20100101 Firefox/18.0"
80.82.70.206 - - [07/Feb/2020:12:31:45 -0800] "POST /wp/wp-login.php HTTP/1.1" 200 6045 "-" "Mozilla/5.0 (Windows NT 6.1; WOW64; rv:18.0) Gecko/20100101 Firefox/18.0"
80.82.70.206 - - [07/Feb/2020:12:31:46 -0800] "POST /wp/wp-login.php HTTP/1.1" 200 6045 "-" "Mozilla/5.0 (Windows NT 6.1; WOW64; rv:18.0) Gecko/20100101 Firefox/18.0"
80.82.70.206 - - [07/Feb/2020:12:31:47 -0800] "POST /wp/wp-login.php HTTP/1.1" 200 6045 "-" "Mozilla/5.0 (Windows NT 6.1; WOW64; rv:18.0) Gecko/20100101 Firefox/18.0"
80.82.70.206 - - [07/Feb/2020:12:31:48 -0800] "POST /wp/wp-login.php HTTP/1.1" 200 6045 "-" "Mozilla/5.0 (Windows NT 6.1; WOW64; rv:18.0) Gecko/20100101 Firefox/18.0"
80.82.70.206 - - [07/Feb/2020:12:31:49 -0800] "POST /wp/wp-login.php HTTP/1.1" 200 6045 "-" "Mozilla/5.0 (Windows NT 6.1; WOW64; rv:18.0) Gecko/20100101 Firefox/18.0"
80.82.70.206 - - [07/Feb/2020:12:31:50 -0800] "POST /wp/wp-login.php HTTP/1.1" 200 6045 "-" "Mozilla/5.0 (Windows NT 6.1; WOW64; rv:18.0) Gecko/20100101 Firefox/18.0"
80.82.70.206 - - [07/Feb/2020:12:31:50 -0800] "POST /wp/wp-login.php HTTP/1.1" 200 6045 "-" "Mozilla/5.0 (Windows NT 6.1; WOW64; rv:18.0) Gecko/20100101 Firefox/18.0"
80.82.70.206 - - [07/Feb/2020:12:31:51 -0800] "POST /wp/wp-login.php HTTP/1.1" 200 6045 "-" "Mozilla/5.0 (Windows NT 6.1; WOW64; rv:18.0) Gecko/20100101 Firefox/18.0"
80.82.70.206 - - [07/Feb/2020:12:31:52 -0800] "POST /wp/wp-login.php HTTP/1.1" 200 6045 "-" "Mozilla/5.0 (Windows NT 6.1; WOW64; rv:18.0) Gecko/20100101 Firefox/18.0"
148.251.9.145 - - [07/Feb/2020:12:31:47 -0800] "GET /index.php?title=MediaWiki_talk:Apihelp-main-param-responselanginfo&action=edit&redlink=1 HTTP/1.1" 302 - "-" "Mozilla/5.0 (compatible; MJ12bot/v1.4.8; http://mj12bot.com/)"
80.82.70.206 - - [07/Feb/2020:12:31:53 -0800] "POST /wp/wp-login.php HTTP/1.1" 200 6045 "-" "Mozilla/5.0 (Windows NT 6.1; WOW64; rv:18.0) Gecko/20100101 Firefox/18.0"
80.82.70.206 - - [07/Feb/2020:12:31:54 -0800] "POST /wp/wp-login.php HTTP/1.1" 200 6045 "-" "Mozilla/5.0 (Windows NT 6.1; WOW64; rv:18.0) Gecko/20100101 Firefox/18.0"
80.82.70.206 - - [07/Feb/2020:12:31:55 -0800] "POST /wp/wp-login.php HTTP/1.1" 200 6045 "-" "Mozilla/5.0 (Windows NT 6.1; WOW64; rv:18.0) Gecko/20100101 Firefox/18.0"
80.82.70.206 - - [07/Feb/2020:12:31:55 -0800] "POST /wp/wp-login.php HTTP/1.1" 200 6045 "-" "Mozilla/5.0 (Windows NT 6.1; WOW64; rv:18.0) Gecko/20100101 Firefox/18.0"
80.82.70.206 - - [07/Feb/2020:12:31:56 -0800] "POST /wp/wp-login.php HTTP/1.1" 200 6045 "-" "Mozilla/5.0 (Windows NT 6.1; WOW64; rv:18.0) Gecko/20100101 Firefox/18.0"
80.82.70.206 - - [07/Feb/2020:12:31:57 -0800] "POST /wp/wp-login.php HTTP/1.1" 200 6045 "-" "Mozilla/5.0 (Windows NT 6.1; WOW64; rv:18.0) Gecko/20100101 Firefox/18.0"
148.251.9.145 - - [07/Feb/2020:12:31:57 -0800] "GET /MediaWiki_talk:Apihelp-main-param-responselanginfo HTTP/1.1" 404 12470 "-" "Mozilla/5.0 (compatible; MJ12bot/v1.4.8; http://mj12bot.com/)"
80.82.70.206 - - [07/Feb/2020:12:31:58 -0800] "POST /wp/wp-login.php HTTP/1.1" 200 6045 "-" "Mozilla/5.0 (Windows NT 6.1; WOW64; rv:18.0) Gecko/20100101 Firefox/18.0"
80.82.70.206 - - [07/Feb/2020:12:31:59 -0800] "POST /wp/wp-login.php HTTP/1.1" 200 6045 "-" "Mozilla/5.0 (Windows NT 6.1; WOW64; rv:18.0) Gecko/20100101 Firefox/18.0"
80.82.70.206 - - [07/Feb/2020:12:32:00 -0800] "POST /wp/wp-login.php HTTP/1.1" 200 6045 "-" "Mozilla/5.0 (Windows NT 6.1; WOW64; rv:18.0) Gecko/20100101 Firefox/18.0"
80.82.70.206 - - [07/Feb/2020:12:32:01 -0800] "POST /wp/wp-login.php HTTP/1.1" 200 6045 "-" "Mozilla/5.0 (Windows NT 6.1; WOW64; rv:18.0) Gecko/20100101 Firefox/18.0"
80.82.70.206 - - [07/Feb/2020:12:32:01 -0800] "POST /wp/wp-login.php HTTP/1.1" 200 6045 "-" "Mozilla/5.0 (Windows NT 6.1; WOW64; rv:18.0) Gecko/20100101 Firefox/18.0"
80.82.70.206 - - [07/Feb/2020:12:32:02 -0800] "POST /wp/wp-login.php HTTP/1.1" 200 6045 "-" "Mozilla/5.0 (Windows NT 6.1; WOW64; rv:18.0) Gecko/20100101 Firefox/18.0"
80.82.70.206 - - [07/Feb/2020:12:32:03 -0800] "POST /wp/wp-login.php HTTP/1.1" 200 6045 "-" "Mozilla/5.0 (Windows NT 6.1; WOW64; rv:18.0) Gecko/20100101 Firefox/18.0"
80.82.70.206 - - [07/Feb/2020:12:32:04 -0800] "POST /wp/wp-login.php HTTP/1.1" 200 6045 "-" "Mozilla/5.0 (Windows NT 6.1; WOW64; rv:18.0) Gecko/20100101 Firefox/18.0"
80.82.70.206 - - [07/Feb/2020:12:32:05 -0800] "POST /wp/wp-login.php HTTP/1.1" 200 6045 "-" "Mozilla/5.0 (Windows NT 6.1; WOW64; rv:18.0) Gecko/20100101 Firefox/18.0"
80.82.70.206 - - [07/Feb/2020:12:32:05 -0800] "POST /wp/wp-login.php HTTP/1.1" 200 6045 "-" "Mozilla/5.0 (Windows NT 6.1; WOW64; rv:18.0) Gecko/20100101 Firefox/18.0"
80.82.70.206 - - [07/Feb/2020:12:32:06 -0800] "POST /wp/wp-login.php HTTP/1.1" 200 6045 "-" "Mozilla/5.0 (Windows NT 6.1; WOW64; rv:18.0) Gecko/20100101 Firefox/18.0"
80.82.70.206 - - [07/Feb/2020:12:32:07 -0800] "POST /wp/wp-login.php HTTP/1.1" 200 6045 "-" "Mozilla/5.0 (Windows NT 6.1; WOW64; rv:18.0) Gecko/20100101 Firefox/18.0"
80.82.70.206 - - [07/Feb/2020:12:32:08 -0800] "POST /wp/wp-login.php HTTP/1.1" 200 6045 "-" "Mozilla/5.0 (Windows NT 6.1; WOW64; rv:18.0) Gecko/20100101 Firefox/18.0"
80.82.70.206 - - [07/Feb/2020:12:32:09 -0800] "POST /wp/wp-login.php HTTP/1.1" 200 6045 "-" "Mozilla/5.0 (Windows NT 6.1; WOW64; rv:18.0) Gecko/20100101 Firefox/18.0"
148.251.9.145 - - [07/Feb/2020:12:32:08 -0800] "GET /index.php?title=MediaWiki_talk:Apihelp-managetags-example-activate&action=edit&redlink=1 HTTP/1.1" 302 - "-" "Mozilla/5.0 (compatible; MJ12bot/v1.4.8; http://mj12bot.com/)"
80.82.70.206 - - [07/Feb/2020:12:32:10 -0800] "POST /wp/wp-login.php HTTP/1.1" 200 6045 "-" "Mozilla/5.0 (Windows NT 6.1; WOW64; rv:18.0) Gecko/20100101 Firefox/18.0"
46.229.168.148 - - [07/Feb/2020:12:32:05 -0800] "GET /index.php?diff=cur&oldid=1409&printable=yes&title=PR.DS-6 HTTP/1.1" 200 21916 "-" "Mozilla/5.0 (compatible; SemrushBot/6~bl; +http://www.semrush.com/bot.html)"
80.82.70.206 - - [07/Feb/2020:12:32:11 -0800] "POST /wp/wp-login.php HTTP/1.1" 200 6045 "-" "Mozilla/5.0 (Windows NT 6.1; WOW64; rv:18.0) Gecko/20100101 Firefox/18.0"
80.82.70.206 - - [07/Feb/2020:12:32:12 -0800] "POST /wp/wp-login.php HTTP/1.1" 200 6045 "-" "Mozilla/5.0 (Windows NT 6.1; WOW64; rv:18.0) Gecko/20100101 Firefox/18.0"
80.82.70.206 - - [07/Feb/2020:12:32:13 -0800] "POST /wp/wp-login.php HTTP/1.1" 200 6045 "-" "Mozilla/5.0 (Windows NT 6.1; WOW64; rv:18.0) Gecko/20100101 Firefox/18.0"
80.82.70.206 - - [07/Feb/2020:12:32:14 -0800] "POST /wp/wp-login.php HTTP/1.1" 200 6045 "-" "Mozilla/5.0 (Windows NT 6.1; WOW64; rv:18.0) Gecko/20100101 Firefox/18.0"
80.82.70.206 - - [07/Feb/2020:12:32:15 -0800] "POST /wp/wp-login.php HTTP/1.1" 200 6045 "-" "Mozilla/5.0 (Windows NT 6.1; WOW64; rv:18.0) Gecko/20100101 Firefox/18.0"
80.82.70.206 - - [07/Feb/2020:12:32:15 -0800] "POST /wp/wp-login.php HTTP/1.1" 200 6045 "-" "Mozilla/5.0 (Windows NT 6.1; WOW64; rv:18.0) Gecko/20100101 Firefox/18.0"
80.82.70.206 - - [07/Feb/2020:12:32:20 -0800] "POST /wp/wp-login.php HTTP/1.1" 200 6045 "-" "Mozilla/5.0 (Windows NT 6.1; WOW64; rv:18.0) Gecko/20100101 Firefox/18.0"
46.229.168.148 - - [07/Feb/2020:12:32:21 -0800] "GET /index.php?returnto=Special%3ARecentChanges&returntoquery=days%3D14%26hidebots%3D1%26hideliu%3D1%26hideminor%3D1&title=Special%3AUserLogin HTTP/1.1" 200 13466 "-" "Mozilla/5.0 (compatible; SemrushBot/6~bl; +http://www.semrush.com/bot.html)"
148.251.9.145 - - [07/Feb/2020:12:32:22 -0800] "GET /MediaWiki_talk:Apihelp-managetags-example-activate HTTP/1.1" 404 12471 "-" "Mozilla/5.0 (compatible; MJ12bot/v1.4.8; http://mj12bot.com/)"
46.229.168.146 - - [07/Feb/2020:12:32:44 -0800] "GET /index.php?returnto=CSC-20.8&returntoquery=direction%3Dnext%26oldid%3D4126&title=Special%3AUserLogin HTTP/1.1" 200 13353 "-" "Mozilla/5.0 (compatible; SemrushBot/6~bl; +http://www.semrush.com/bot.html)"
46.229.168.137 - - [07/Feb/2020:12:32:47 -0800] "GET /index.php?direction=next&oldid=2897&title=CSC-3.6 HTTP/1.1" 200 18623 "-" "Mozilla/5.0 (compatible; SemrushBot/6~bl; +http://www.semrush.com/bot.html)"
148.251.9.145 - - [07/Feb/2020:12:32:54 -0800] "GET /index.php?title=MediaWiki_talk:Apihelp-managetags-example-create&action=edit&redlink=1 HTTP/1.1" 302 - "-" "Mozilla/5.0 (compatible; MJ12bot/v1.4.8; http://mj12bot.com/)"
46.229.168.141 - - [07/Feb/2020:12:33:03 -0800] "GET /index.php?returnto=Special%3AWhatLinksHere%2FCSC-18.5&returntoquery=limit%3D500&title=Special%3AUserLogin HTTP/1.1" 200 13367 "-" "Mozilla/5.0 (compatible; SemrushBot/6~bl; +http://www.semrush.com/bot.html)"
148.251.9.145 - - [07/Feb/2020:12:33:12 -0800] "GET /MediaWiki_talk:Apihelp-managetags-example-create HTTP/1.1" 404 12436 "-" "Mozilla/5.0 (compatible; MJ12bot/v1.4.8; http://mj12bot.com/)"
148.251.9.145 - - [07/Feb/2020:12:33:27 -0800] "GET /index.php?title=MediaWiki_talk:Apihelp-managetags-param-tag&action=edit&redlink=1 HTTP/1.1" 302 - "-" "Mozilla/5.0 (compatible; MJ12bot/v1.4.8; http://mj12bot.com/)"
46.229.168.149 - - [07/Feb/2020:12:33:40 -0800] "GET /index.php?returnto=RC.IM-1&returntoquery=action%3Dinfo&title=Special%3AUserLogin HTTP/1.1" 200 13296 "-" "Mozilla/5.0 (compatible; SemrushBot/6~bl; +http://www.semrush.com/bot.html)"
148.251.9.145 - - [07/Feb/2020:12:33:41 -0800] "GET /MediaWiki_talk:Apihelp-managetags-param-tag HTTP/1.1" 404 12351 "-" "Mozilla/5.0 (compatible; MJ12bot/v1.4.8; http://mj12bot.com/)"
46.229.168.153 - - [07/Feb/2020:12:33:48 -0800] "GET /index.php?returnto=Special%3AWhatLinksHere%2FSocial%2Bengineering&returntoquery=limit%3D20&title=Special%3ACreateAccount HTTP/1.1" 200 10816 "-" "Mozilla/5.0 (compatible; SemrushBot/6~bl; +http://www.semrush.com/bot.html)"
148.251.9.145 - - [07/Feb/2020:12:33:54 -0800] "GET /index.php?title=MediaWiki_talk:Apihelp-managetags-param-tags&action=edit&redlink=1 HTTP/1.1" 302 - "-" "Mozilla/5.0 (compatible; MJ12bot/v1.4.8; http://mj12bot.com/)"
148.251.9.145 - - [07/Feb/2020:12:34:07 -0800] "GET /MediaWiki_talk:Apihelp-managetags-param-tags HTTP/1.1" 404 12368 "-" "Mozilla/5.0 (compatible; MJ12bot/v1.4.8; http://mj12bot.com/)"
148.251.9.145 - - [07/Feb/2020:12:34:16 -0800] "GET /index.php?title=MediaWiki_talk:Apihelp-mergehistory-example-merge-timestamp&action=edit&redlink=1 HTTP/1.1" 302 - "-" "Mozilla/5.0 (compatible; MJ12bot/v1.4.8; http://mj12bot.com/)"
148.251.9.145 - - [07/Feb/2020:12:34:31 -0800] "GET /MediaWiki_talk:Apihelp-mergehistory-example-merge-timestamp HTTP/1.1" 404 12623 "-" "Mozilla/5.0 (compatible; MJ12bot/v1.4.8; http://mj12bot.com/)"
46.229.168.137 - - [07/Feb/2020:12:34:30 -0800] "GET /index.php?returnto=ID.RA-5&returntoquery=action%3Dedit%26oldid%3D1787&title=Special%3ACreateAccount HTTP/1.1" 200 10774 "-" "Mozilla/5.0 (compatible; SemrushBot/6~bl; +http://www.semrush.com/bot.html)"
148.251.9.145 - - [07/Feb/2020:12:34:43 -0800] "GET /index.php?title=MediaWiki_talk:Apihelp-mergehistory-param-from&action=edit&redlink=1 HTTP/1.1" 302 - "-" "Mozilla/5.0 (compatible; MJ12bot/v1.4.8; http://mj12bot.com/)"
46.229.168.139 - - [07/Feb/2020:12:34:49 -0800] "GET /robots.txt HTTP/1.1" 301 - "-" "Mozilla/5.0 (compatible; SemrushBot/6~bl; +http://www.semrush.com/bot.html)"
46.229.168.153 - - [07/Feb/2020:12:34:50 -0800] "GET /Robots.txt HTTP/1.1" 404 11924 "-" "Mozilla/5.0 (compatible; SemrushBot/6~bl; +http://www.semrush.com/bot.html)"
46.229.168.136 - - [07/Feb/2020:12:34:52 -0800] "GET /index.php?fulltext=1&profile=images&search=RADIUS&title=Special%3ASearch HTTP/1.1" 200 14982 "-" "Mozilla/5.0 (compatible; SemrushBot/6~bl; +http://www.semrush.com/bot.html)"
148.251.9.145 - - [07/Feb/2020:12:34:54 -0800] "GET /MediaWiki_talk:Apihelp-mergehistory-param-from HTTP/1.1" 404 12401 "-" "Mozilla/5.0 (compatible; MJ12bot/v1.4.8; http://mj12bot.com/)"
148.251.9.145 - - [07/Feb/2020:12:35:05 -0800] "GET /index.php?title=MediaWiki_talk:Apihelp-mergehistory-param-timestamp&action=edit&redlink=1 HTTP/1.1" 302 - "-" "Mozilla/5.0 (compatible; MJ12bot/v1.4.8; http://mj12bot.com/)"
46.229.168.146 - - [07/Feb/2020:12:35:07 -0800] "GET /index.php?printable=yes&returnto=Special%3ASearch&returntoquery=printable%3Dyes%26search%3DAuthenticity&title=Special%3ACreateAccount HTTP/1.1" 200 10523 "-" "Mozilla/5.0 (compatible; SemrushBot/6~bl; +http://www.semrush.com/bot.html)"
46.229.168.145 - - [07/Feb/2020:12:35:17 -0800] "GET /index.php?diff=5331&oldid=1635&title=PR.IP-4 HTTP/1.1" 200 20589 "-" "Mozilla/5.0 (compatible; SemrushBot/6~bl; +http://www.semrush.com/bot.html)"
46.229.168.152 - - [07/Feb/2020:12:35:23 -0800] "GET /index.php?diff=next&oldid=914&title=CSC-9 HTTP/1.1" 200 12155 "-" "Mozilla/5.0 (compatible; SemrushBot/6~bl; +http://www.semrush.com/bot.html)"
148.251.9.145 - - [07/Feb/2020:12:35:22 -0800] "GET /MediaWiki_talk:Apihelp-mergehistory-param-timestamp HTTP/1.1" 404 12487 "-" "Mozilla/5.0 (compatible; MJ12bot/v1.4.8; http://mj12bot.com/)"
148.251.9.145 - - [07/Feb/2020:12:35:29 -0800] "GET /index.php?title=MediaWiki_talk:Apihelp-move-param-from&action=edit&redlink=1 HTTP/1.1" 302 - "-" "Mozilla/5.0 (compatible; MJ12bot/v1.4.8; http://mj12bot.com/)"
46.229.168.135 - - [07/Feb/2020:12:35:30 -0800] "GET /index.php?returnto=CSC-13&returntoquery=action%3Dedit&title=Special%3ACreateAccount HTTP/1.1" 200 10742 "-" "Mozilla/5.0 (compatible; SemrushBot/6~bl; +http://www.semrush.com/bot.html)"
148.251.9.145 - - [07/Feb/2020:12:35:43 -0800] "GET /MediaWiki_talk:Apihelp-move-param-from HTTP/1.1" 404 12266 "-" "Mozilla/5.0 (compatible; MJ12bot/v1.4.8; http://mj12bot.com/)"
46.229.168.138 - - [07/Feb/2020:12:35:47 -0800] "GET /index.php?limit=20&title=Special%3AWhatLinksHere%2FCSC-6.2 HTTP/1.1" 200 16538 "-" "Mozilla/5.0 (compatible; SemrushBot/6~bl; +http://www.semrush.com/bot.html)"
148.251.9.145 - - [07/Feb/2020:12:35:56 -0800] "GET /index.php?title=MediaWiki_talk:Apihelp-move-param-fromid&action=edit&redlink=1 HTTP/1.1" 302 - "-" "Mozilla/5.0 (compatible; MJ12bot/v1.4.8; http://mj12bot.com/)"
148.251.9.145 - - [07/Feb/2020:12:36:06 -0800] "GET /MediaWiki_talk:Apihelp-move-param-fromid HTTP/1.1" 404 12299 "-" "Mozilla/5.0 (compatible; MJ12bot/v1.4.8; http://mj12bot.com/)"
46.229.168.163 - - [07/Feb/2020:12:36:07 -0800] "GET /index.php?returnto=Resume&returntoquery=oldid%3D507%26printable%3Dyes&title=Special%3AUserLogin HTTP/1.1" 200 13341 "-" "Mozilla/5.0 (compatible; SemrushBot/6~bl; +http://www.semrush.com/bot.html)"
148.251.9.145 - - [07/Feb/2020:12:36:23 -0800] "GET /index.php?title=MediaWiki_talk:Apihelp-move-param-ignorewarnings&action=edit&redlink=1 HTTP/1.1" 302 - "-" "Mozilla/5.0 (compatible; MJ12bot/v1.4.8; http://mj12bot.com/)"
148.251.9.145 - - [07/Feb/2020:12:36:38 -0800] "GET /MediaWiki_talk:Apihelp-move-param-ignorewarnings HTTP/1.1" 404 12436 "-" "Mozilla/5.0 (compatible; MJ12bot/v1.4.8; http://mj12bot.com/)"
148.251.9.145 - - [07/Feb/2020:12:36:52 -0800] "GET /index.php?title=MediaWiki_talk:Apihelp-no-such-module&action=edit&redlink=1 HTTP/1.1" 302 - "-" "Mozilla/5.0 (compatible; MJ12bot/v1.4.8; http://mj12bot.com/)"
148.251.9.145 - - [07/Feb/2020:12:37:03 -0800] "GET /MediaWiki_talk:Apihelp-no-such-module HTTP/1.1" 404 12249 "-" "Mozilla/5.0 (compatible; MJ12bot/v1.4.8; http://mj12bot.com/)"
148.251.9.145 - - [07/Feb/2020:12:37:14 -0800] "GET /index.php?title=MediaWiki_talk:Apihelp-opensearch-param-limit&action=edit&redlink=1 HTTP/1.1" 302 - "-" "Mozilla/5.0 (compatible; MJ12bot/v1.4.8; http://mj12bot.com/)"
148.251.9.145 - - [07/Feb/2020:12:37:27 -0800] "GET /MediaWiki_talk:Apihelp-opensearch-param-limit HTTP/1.1" 404 12385 "-" "Mozilla/5.0 (compatible; MJ12bot/v1.4.8; http://mj12bot.com/)"
148.251.9.145 - - [07/Feb/2020:12:37:43 -0800] "GET /index.php?title=MediaWiki_talk:Apihelp-query%2Brevisions%2Bbase-paramvalue-prop-comment&action=edit&redlink=1 HTTP/1.1" 302 - "-" "Mozilla/5.0 (compatible; MJ12bot/v1.4.8; http://mj12bot.com/)"
46.229.168.152 - - [07/Feb/2020:12:37:53 -0800] "GET /index.php?returnto=See%2B1%2Bendorsement%2Bfor%2BPayment%2BCard%2BIndustry%2BData%2BSecurity%2BStandard%2B%28PCI%2BDSS%291&returntoquery=action%3Dinfo&title=Special%3AUserLogin HTTP/1.1" 200 13580 "-" "Mozilla/5.0 (compatible; SemrushBot/6~bl; +http://www.semrush.com/bot.html)"
148.251.9.145 - - [07/Feb/2020:12:37:57 -0800] "GET /MediaWiki_talk:Apihelp-query%2Brevisions%2Bbase-paramvalue-prop-comment HTTP/1.1" 404 12795 "-" "Mozilla/5.0 (compatible; MJ12bot/v1.4.8; http://mj12bot.com/)"
46.229.168.163 - - [07/Feb/2020:12:38:06 -0800] "GET /index.php?returnto=Special%3AWhatLinksHere%2FRound-robin&returntoquery=hidelinks%3D1&title=Special%3ACreateAccount HTTP/1.1" 200 10804 "-" "Mozilla/5.0 (compatible; SemrushBot/6~bl; +http://www.semrush.com/bot.html)"
148.251.9.145 - - [07/Feb/2020:12:38:10 -0800] "GET /index.php?title=MediaWiki_talk:Timezoneregion-arctic&action=edit&redlink=1 HTTP/1.1" 302 - "-" "Mozilla/5.0 (compatible; MJ12bot/v1.4.8; http://mj12bot.com/)"
46.229.168.148 - - [07/Feb/2020:12:38:10 -0800] "GET /index.php?action=edit&oldid=5983&title=RS.IM-1 HTTP/1.1" 200 13296 "-" "Mozilla/5.0 (compatible; SemrushBot/6~bl; +http://www.semrush.com/bot.html)"
46.229.168.149 - - [07/Feb/2020:12:38:19 -0800] "GET /index.php?returnto=CSC-14.7&returntoquery=diff%3D3440%26oldid%3D3400&title=Special%3ACreateAccount HTTP/1.1" 200 10772 "-" "Mozilla/5.0 (compatible; SemrushBot/6~bl; +http://www.semrush.com/bot.html)"
5.9.138.189 - - [07/Feb/2020:12:38:26 -0800] "GET /robots.txt HTTP/1.1" 301 - "-" "Mozilla/5.0 (compatible; MJ12bot/v1.4.8; http://mj12bot.com/)"
5.9.138.189 - - [07/Feb/2020:12:38:27 -0800] "GET /Robots.txt HTTP/1.1" 404 11923 "-" "Mozilla/5.0 (compatible; MJ12bot/v1.4.8; http://mj12bot.com/)"
148.251.9.145 - - [07/Feb/2020:12:38:30 -0800] "GET /MediaWiki_talk:Timezoneregion-arctic HTTP/1.1" 404 12231 "-" "Mozilla/5.0 (compatible; MJ12bot/v1.4.8; http://mj12bot.com/)"
5.9.138.189 - - [07/Feb/2020:12:38:31 -0800] "GET /index.php?title=Special:CreateAccount&returnto=Security%2B%20Architecture%20and%20Design&returntoquery=oldid=355 HTTP/1.1" 200 10796 "-" "Mozilla/5.0 (compatible; MJ12bot/v1.4.8; http://mj12bot.com/)"
148.251.9.145 - - [07/Feb/2020:12:38:39 -0800] "GET /index.php?title=MediaWiki_talk:Timezoneuseoffset&action=edit&redlink=1 HTTP/1.1" 302 - "-" "Mozilla/5.0 (compatible; MJ12bot/v1.4.8; http://mj12bot.com/)"
5.9.138.189 - - [07/Feb/2020:12:38:38 -0800] "GET /index.php?title=Special:CreateAccount&returnto=Security%2B%20Architecture%20and%20Design&returntoquery=oldid=355&printable=yes HTTP/1.1" 200 10514 "-" "Mozilla/5.0 (compatible; MJ12bot/v1.4.8; http://mj12bot.com/)"
5.9.138.189 - - [07/Feb/2020:12:38:44 -0800] "GET /index.php?title=Special:CreateAccount&returnto=Security%2B%20Architecture%20and%20Design&returntoquery=oldid=356 HTTP/1.1" 200 10795 "-" "Mozilla/5.0 (compatible; MJ12bot/v1.4.8; http://mj12bot.com/)"
5.9.138.189 - - [07/Feb/2020:12:38:47 -0800] "GET /index.php?title=Special:CreateAccount&returnto=Security%2B%20Architecture%20and%20Design&returntoquery=oldid=356&printable=yes HTTP/1.1" 200 10514 "-" "Mozilla/5.0 (compatible; MJ12bot/v1.4.8; http://mj12bot.com/)"
148.251.9.145 - - [07/Feb/2020:12:38:50 -0800] "GET /MediaWiki_talk:Timezoneuseoffset HTTP/1.1" 404 12164 "-" "Mozilla/5.0 (compatible; MJ12bot/v1.4.8; http://mj12bot.com/)"
5.9.138.189 - - [07/Feb/2020:12:38:50 -0800] "GET /index.php?title=Special:CreateAccount&returnto=Security%2B%20Architecture%20and%20Design&returntoquery=oldid=357 HTTP/1.1" 200 10795 "-" "Mozilla/5.0 (compatible; MJ12bot/v1.4.8; http://mj12bot.com/)"
5.9.138.189 - - [07/Feb/2020:12:38:53 -0800] "GET /index.php?title=Special:CreateAccount&returnto=Security%2B%20Architecture%20and%20Design&returntoquery=oldid=357&printable=yes HTTP/1.1" 200 10514 "-" "Mozilla/5.0 (compatible; MJ12bot/v1.4.8; http://mj12bot.com/)"
46.229.168.150 - - [07/Feb/2020:12:38:54 -0800] "GET /index.php?hidelinks=1&hideredirs=1&printable=yes&title=Special%3AWhatLinksHere%2FCSC-8 HTTP/1.1" 200 16360 "-" "Mozilla/5.0 (compatible; SemrushBot/6~bl; +http://www.semrush.com/bot.html)"
5.9.138.189 - - [07/Feb/2020:12:38:59 -0800] "GET /index.php?title=Special:CreateAccount&returnto=Security%2B%20Architecture%20and%20Design&returntoquery=oldid=358 HTTP/1.1" 200 10795 "-" "Mozilla/5.0 (compatible; MJ12bot/v1.4.8; http://mj12bot.com/)"
5.9.138.189 - - [07/Feb/2020:12:39:03 -0800] "GET /index.php?title=Special:CreateAccount&returnto=Security%2B%20Architecture%20and%20Design&returntoquery=oldid=358&printable=yes HTTP/1.1" 200 10513 "-" "Mozilla/5.0 (compatible; MJ12bot/v1.4.8; http://mj12bot.com/)"
148.251.9.145 - - [07/Feb/2020:12:39:04 -0800] "GET /index.php?title=Multifactor_authentication&action=edit&redlink=1 HTTP/1.1" 302 - "-" "Mozilla/5.0 (compatible; MJ12bot/v1.4.8; http://mj12bot.com/)"
5.9.138.189 - - [07/Feb/2020:12:39:06 -0800] "GET /index.php?title=Special:CreateAccount&returnto=Security%2B%20Architecture%20and%20Design&returntoquery=oldid=359 HTTP/1.1" 200 10795 "-" "Mozilla/5.0 (compatible; MJ12bot/v1.4.8; http://mj12bot.com/)"
5.9.138.189 - - [07/Feb/2020:12:39:11 -0800] "GET /index.php?title=Special:CreateAccount&returnto=Security%2B%20Architecture%20and%20Design&returntoquery=oldid=359&printable=yes HTTP/1.1" 200 10513 "-" "Mozilla/5.0 (compatible; MJ12bot/v1.4.8; http://mj12bot.com/)"
5.9.138.189 - - [07/Feb/2020:12:39:13 -0800] "GET /index.php?title=Special:CreateAccount&returnto=Security%2B%20Architecture%20and%20Design&returntoquery=oldid=360 HTTP/1.1" 200 10796 "-" "Mozilla/5.0 (compatible; MJ12bot/v1.4.8; http://mj12bot.com/)"
148.251.9.145 - - [07/Feb/2020:12:39:16 -0800] "GET /Multifactor_authentication HTTP/1.1" 200 14825 "-" "Mozilla/5.0 (compatible; MJ12bot/v1.4.8; http://mj12bot.com/)"
5.9.138.189 - - [07/Feb/2020:12:39:18 -0800] "GET /index.php?title=Special:CreateAccount&returnto=Security%2B%20Architecture%20and%20Design&returntoquery=oldid=360&printable=yes HTTP/1.1" 200 10514 "-" "Mozilla/5.0 (compatible; MJ12bot/v1.4.8; http://mj12bot.com/)"
46.229.168.151 - - [07/Feb/2020:12:39:17 -0800] "GET /index.php?diff=2839&oldid=975&printable=yes&title=CIS_Controls HTTP/1.1" 200 31076 "-" "Mozilla/5.0 (compatible; SemrushBot/6~bl; +http://www.semrush.com/bot.html)"
5.9.138.189 - - [07/Feb/2020:12:39:22 -0800] "GET /index.php?title=Special:CreateAccount&returnto=Security%2B%20Architecture%20and%20Design&returntoquery=oldid=361 HTTP/1.1" 200 10796 "-" "Mozilla/5.0 (compatible; MJ12bot/v1.4.8; http://mj12bot.com/)"
148.251.9.145 - - [07/Feb/2020:12:39:29 -0800] "GET /index.php?title=Nation_states/APT&action=edit&redlink=1 HTTP/1.1" 302 - "-" "Mozilla/5.0 (compatible; MJ12bot/v1.4.8; http://mj12bot.com/)"
5.9.138.189 - - [07/Feb/2020:12:39:30 -0800] "GET /index.php?title=Special:CreateAccount&returnto=Security%2B%20Architecture%20and%20Design&returntoquery=oldid=361&printable=yes HTTP/1.1" 200 10513 "-" "Mozilla/5.0 (compatible; MJ12bot/v1.4.8; http://mj12bot.com/)"
5.9.138.189 - - [07/Feb/2020:12:39:33 -0800] "GET /index.php?title=Special:CreateAccount&returnto=Security%2B%20Architecture%20and%20Design&returntoquery=oldid=362 HTTP/1.1" 200 10795 "-" "Mozilla/5.0 (compatible; MJ12bot/v1.4.8; http://mj12bot.com/)"
5.9.138.189 - - [07/Feb/2020:12:39:39 -0800] "GET /index.php?title=Special:CreateAccount&returnto=Security%2B%20Architecture%20and%20Design&returntoquery=oldid=362&printable=yes HTTP/1.1" 200 10513 "-" "Mozilla/5.0 (compatible; MJ12bot/v1.4.8; http://mj12bot.com/)"
5.9.138.189 - - [07/Feb/2020:12:39:42 -0800] "GET /index.php?title=Special:CreateAccount&returnto=Security%2B%20Architecture%20and%20Design&returntoquery=oldid=363&printable=yes HTTP/1.1" 200 10514 "-" "Mozilla/5.0 (compatible; MJ12bot/v1.4.8; http://mj12bot.com/)"
148.251.9.145 - - [07/Feb/2020:12:39:42 -0800] "GET /Nation_states/APT HTTP/1.1" 200 15208 "-" "Mozilla/5.0 (compatible; MJ12bot/v1.4.8; http://mj12bot.com/)"
5.9.138.189 - - [07/Feb/2020:12:39:47 -0800] "GET /index.php?title=Special:CreateAccount&returnto=Security%2B%20Architecture%20and%20Design&returntoquery=oldid=365&printable=yes HTTP/1.1" 200 10514 "-" "Mozilla/5.0 (compatible; MJ12bot/v1.4.8; http://mj12bot.com/)"
5.9.138.189 - - [07/Feb/2020:12:39:51 -0800] "GET /index.php?title=Special:CreateAccount&returnto=Security%2B%20Architecture%20and%20Design&returntoquery=oldid=375%26printable=yes HTTP/1.1" 200 10831 "-" "Mozilla/5.0 (compatible; MJ12bot/v1.4.8; http://mj12bot.com/)"
5.9.138.189 - - [07/Feb/2020:12:39:54 -0800] "GET /index.php?title=Special:CreateAccount&returnto=Security%2B%20Architecture%20and%20Design&returntoquery=oldid=375%26printable=yes&printable=yes HTTP/1.1" 200 10531 "-" "Mozilla/5.0 (compatible; MJ12bot/v1.4.8; http://mj12bot.com/)"
148.251.9.145 - - [07/Feb/2020:12:39:56 -0800] "GET /index.php?title=Obfuscation&action=edit&redlink=1 HTTP/1.1" 302 - "-" "Mozilla/5.0 (compatible; MJ12bot/v1.4.8; http://mj12bot.com/)"
5.9.138.189 - - [07/Feb/2020:12:39:58 -0800] "GET /index.php?title=Special:CreateAccount&returnto=Security%2B%20Architecture%20and%20Design&returntoquery=printable=yes HTTP/1.1" 200 10803 "-" "Mozilla/5.0 (compatible; MJ12bot/v1.4.8; http://mj12bot.com/)"
5.9.138.189 - - [07/Feb/2020:12:40:01 -0800] "GET /index.php?title=Special:CreateAccount&returnto=Security%2B%20Architecture%20and%20Design&returntoquery=printable=yes&printable=yes HTTP/1.1" 200 10517 "-" "Mozilla/5.0 (compatible; MJ12bot/v1.4.8; http://mj12bot.com/)"
5.9.138.189 - - [07/Feb/2020:12:40:04 -0800] "GET /index.php?title=Special:CreateAccount&returnto=Security%2B%20Identity%20and%20Access%20Management&returntoquery=diff=prev%26oldid=397 HTTP/1.1" 200 10838 "-" "Mozilla/5.0 (compatible; MJ12bot/v1.4.8; http://mj12bot.com/)"
5.9.138.189 - - [07/Feb/2020:12:40:07 -0800] "GET /index.php?title=Special:CreateAccount&returnto=Security%2B%20Identity%20and%20Access%20Management&returntoquery=direction=prev%26oldid=397 HTTP/1.1" 200 10847 "-" "Mozilla/5.0 (compatible; MJ12bot/v1.4.8; http://mj12bot.com/)"
148.251.9.145 - - [07/Feb/2020:12:40:07 -0800] "GET /Obfuscation HTTP/1.1" 200 14386 "-" "Mozilla/5.0 (compatible; MJ12bot/v1.4.8; http://mj12bot.com/)"
5.9.138.189 - - [07/Feb/2020:12:40:10 -0800] "GET /index.php?title=Special:CreateAccount&returnto=Security%2B%20Identity%20and%20Access%20Management&returntoquery=direction=prev%26oldid=397&printable=yes HTTP/1.1" 200 10540 "-" "Mozilla/5.0 (compatible; MJ12bot/v1.4.8; http://mj12bot.com/)"
5.9.138.189 - - [07/Feb/2020:12:40:17 -0800] "GET /index.php?title=Special:CreateAccount&returnto=Security%2B%20Identity%20and%20Access%20Management&returntoquery=oldid=339 HTTP/1.1" 200 10809 "-" "Mozilla/5.0 (compatible; MJ12bot/v1.4.8; http://mj12bot.com/)"
148.251.9.145 - - [07/Feb/2020:12:40:19 -0800] "GET /index.php?title=Phishing&action=edit&redlink=1 HTTP/1.1" 302 - "-" "Mozilla/5.0 (compatible; MJ12bot/v1.4.8; http://mj12bot.com/)"
5.9.138.189 - - [07/Feb/2020:12:40:20 -0800] "GET /index.php?title=Special:CreateAccount&returnto=Security%2B%20Identity%20and%20Access%20Management&returntoquery=oldid=339&printable=yes HTTP/1.1" 200 10520 "-" "Mozilla/5.0 (compatible; MJ12bot/v1.4.8; http://mj12bot.com/)"
5.9.138.189 - - [07/Feb/2020:12:40:24 -0800] "GET /index.php?title=Special:CreateAccount&returnto=Security%2B%20Identity%20and%20Access%20Management&returntoquery=oldid=340 HTTP/1.1" 200 10810 "-" "Mozilla/5.0 (compatible; MJ12bot/v1.4.8; http://mj12bot.com/)"
5.9.138.189 - - [07/Feb/2020:12:40:28 -0800] "GET /index.php?title=Special:CreateAccount&returnto=Security%2B%20Identity%20and%20Access%20Management&returntoquery=oldid=340&printable=yes HTTP/1.1" 200 10520 "-" "Mozilla/5.0 (compatible; MJ12bot/v1.4.8; http://mj12bot.com/)"
148.251.9.145 - - [07/Feb/2020:12:40:32 -0800] "GET /Phishing HTTP/1.1" 200 14427 "-" "Mozilla/5.0 (compatible; MJ12bot/v1.4.8; http://mj12bot.com/)"
5.9.138.189 - - [07/Feb/2020:12:40:32 -0800] "GET /index.php?title=Special:CreateAccount&returnto=Security%2B%20Identity%20and%20Access%20Management&returntoquery=oldid=341 HTTP/1.1" 200 10810 "-" "Mozilla/5.0 (compatible; MJ12bot/v1.4.8; http://mj12bot.com/)"
46.229.168.153 - - [07/Feb/2020:12:40:36 -0800] "GET /index.php?printable=yes&returnto=Special%3AWhatLinksHere%2FNonrepudiation&returntoquery=hidelinks%3D1&title=Special%3AUserLogin HTTP/1.1" 200 13106 "-" "Mozilla/5.0 (compatible; SemrushBot/6~bl; +http://www.semrush.com/bot.html)"
5.9.138.189 - - [07/Feb/2020:12:40:38 -0800] "GET /index.php?title=Special:CreateAccount&returnto=Security%2B%20Identity%20and%20Access%20Management&returntoquery=oldid=341&printable=yes HTTP/1.1" 200 10520 "-" "Mozilla/5.0 (compatible; MJ12bot/v1.4.8; http://mj12bot.com/)"
5.9.138.189 - - [07/Feb/2020:12:40:42 -0800] "GET /index.php?title=Special:CreateAccount&returnto=Security%2B%20Identity%20and%20Access%20Management&returntoquery=oldid=342 HTTP/1.1" 200 10810 "-" "Mozilla/5.0 (compatible; MJ12bot/v1.4.8; http://mj12bot.com/)"
148.251.9.145 - - [07/Feb/2020:12:40:44 -0800] "GET /index.php?title=Preventive&action=edit&redlink=1 HTTP/1.1" 302 - "-" "Mozilla/5.0 (compatible; MJ12bot/v1.4.8; http://mj12bot.com/)"
5.9.138.189 - - [07/Feb/2020:12:40:48 -0800] "GET /index.php?title=Special:CreateAccount&returnto=Security%2B%20Identity%20and%20Access%20Management&returntoquery=oldid=342&printable=yes HTTP/1.1" 200 10520 "-" "Mozilla/5.0 (compatible; MJ12bot/v1.4.8; http://mj12bot.com/)"
46.229.168.130 - - [07/Feb/2020:12:40:49 -0800] "GET /index.php?returnto=Security%2B%2BThreats%2C%2BAttacks%2Band%2BVulnerabilities&returntoquery=printable%3Dyes&title=Special%3ACreateAccount HTTP/1.1" 200 10849 "-" "Mozilla/5.0 (compatible; SemrushBot/6~bl; +http://www.semrush.com/bot.html)"
5.9.138.189 - - [07/Feb/2020:12:40:52 -0800] "GET /index.php?title=Special:CreateAccount&returnto=Security%2B%20Identity%20and%20Access%20Management&returntoquery=oldid=343 HTTP/1.1" 200 10809 "-" "Mozilla/5.0 (compatible; MJ12bot/v1.4.8; http://mj12bot.com/)"
46.229.168.138 - - [07/Feb/2020:12:40:53 -0800] "GET /index.php?returnto=Special%3AWhatLinksHere%2FPR.PT-2&returntoquery=hideredirs%3D1&title=Special%3AUserLogin HTTP/1.1" 200 13373 "-" "Mozilla/5.0 (compatible; SemrushBot/6~bl; +http://www.semrush.com/bot.html)"
5.9.138.189 - - [07/Feb/2020:12:40:55 -0800] "GET /index.php?title=Special:CreateAccount&returnto=Security%2B%20Identity%20and%20Access%20Management&returntoquery=oldid=343&printable=yes HTTP/1.1" 200 10520 "-" "Mozilla/5.0 (compatible; MJ12bot/v1.4.8; http://mj12bot.com/)"
46.229.168.148 - - [07/Feb/2020:12:40:56 -0800] "GET /index.php?returnto=Special%3AWhatLinksHere%2FActive-active&returntoquery=limit%3D100&title=Special%3AUserLogin HTTP/1.1" 200 13381 "-" "Mozilla/5.0 (compatible; SemrushBot/6~bl; +http://www.semrush.com/bot.html)"
148.251.9.145 - - [07/Feb/2020:12:40:56 -0800] "GET /Preventive HTTP/1.1" 200 14550 "-" "Mozilla/5.0 (compatible; MJ12bot/v1.4.8; http://mj12bot.com/)"
5.9.138.189 - - [07/Feb/2020:12:41:00 -0800] "GET /index.php?title=Special:CreateAccount&returnto=Security%2B%20Identity%20and%20Access%20Management&returntoquery=oldid=344 HTTP/1.1" 200 10810 "-" "Mozilla/5.0 (compatible; MJ12bot/v1.4.8; http://mj12bot.com/)"
5.9.138.189 - - [07/Feb/2020:12:41:06 -0800] "GET /index.php?title=Special:CreateAccount&returnto=Security%2B%20Identity%20and%20Access%20Management&returntoquery=oldid=344&printable=yes HTTP/1.1" 200 10520 "-" "Mozilla/5.0 (compatible; MJ12bot/v1.4.8; http://mj12bot.com/)"
148.251.9.145 - - [07/Feb/2020:12:41:06 -0800] "GET /index.php?title=Ransomware&action=edit&redlink=1 HTTP/1.1" 302 - "-" "Mozilla/5.0 (compatible; MJ12bot/v1.4.8; http://mj12bot.com/)"
46.229.168.153 - - [07/Feb/2020:12:41:07 -0800] "GET /index.php?action=history&title=PCI-DSS-10.2.4 HTTP/1.1" 200 16470 "-" "Mozilla/5.0 (compatible; SemrushBot/6~bl; +http://www.semrush.com/bot.html)"
5.9.138.189 - - [07/Feb/2020:12:41:09 -0800] "GET /index.php?title=Special:CreateAccount&returnto=Security%2B%20Identity%20and%20Access%20Management&returntoquery=oldid=345 HTTP/1.1" 200 10810 "-" "Mozilla/5.0 (compatible; MJ12bot/v1.4.8; http://mj12bot.com/)"
5.9.138.189 - - [07/Feb/2020:12:41:12 -0800] "GET /index.php?title=Special:CreateAccount&returnto=Security%2B%20Identity%20and%20Access%20Management&returntoquery=oldid=345&printable=yes HTTP/1.1" 200 10521 "-" "Mozilla/5.0 (compatible; MJ12bot/v1.4.8; http://mj12bot.com/)"
46.229.168.137 - - [07/Feb/2020:12:41:11 -0800] "GET /index.php?action=edit&oldid=2966&title=CSC-19.1 HTTP/1.1" 200 11682 "-" "Mozilla/5.0 (compatible; SemrushBot/6~bl; +http://www.semrush.com/bot.html)"
5.9.138.189 - - [07/Feb/2020:12:41:15 -0800] "GET /index.php?title=Special:CreateAccount&returnto=Security%2B%20Identity%20and%20Access%20Management&returntoquery=oldid=346 HTTP/1.1" 200 10810 "-" "Mozilla/5.0 (compatible; MJ12bot/v1.4.8; http://mj12bot.com/)"
148.251.9.145 - - [07/Feb/2020:12:41:22 -0800] "GET /Ransomware HTTP/1.1" 200 14893 "-" "Mozilla/5.0 (compatible; MJ12bot/v1.4.8; http://mj12bot.com/)"
46.229.168.134 - - [07/Feb/2020:12:41:26 -0800] "GET /index.php?direction=next&oldid=548&printable=yes&title=Resume HTTP/1.1" 200 38225 "-" "Mozilla/5.0 (compatible; SemrushBot/6~bl; +http://www.semrush.com/bot.html)"
5.9.138.189 - - [07/Feb/2020:12:41:34 -0800] "GET /index.php?title=Special:CreateAccount&returnto=Security%2B%20Identity%20and%20Access%20Management&returntoquery=oldid=346&printable=yes HTTP/1.1" 200 10521 "-" "Mozilla/5.0 (compatible; MJ12bot/v1.4.8; http://mj12bot.com/)"
148.251.9.145 - - [07/Feb/2020:12:41:37 -0800] "GET /index.php?title=Resume&action=edit&oldid=587 HTTP/1.1" 200 25213 "-" "Mozilla/5.0 (compatible; MJ12bot/v1.4.8; http://mj12bot.com/)"
46.229.168.147 - - [07/Feb/2020:12:41:42 -0800] "GET /index.php?returnto=PR.PT-5&returntoquery=action%3Dedit%26oldid%3D1540&title=Special%3ACreateAccount HTTP/1.1" 200 10773 "-" "Mozilla/5.0 (compatible; SemrushBot/6~bl; +http://www.semrush.com/bot.html)"
148.251.9.145 - - [07/Feb/2020:12:41:47 -0800] "GET /index.php?title=Resume&action=edit&oldid=588 HTTP/1.1" 200 24571 "-" "Mozilla/5.0 (compatible; MJ12bot/v1.4.8; http://mj12bot.com/)"
46.229.168.136 - - [07/Feb/2020:12:41:56 -0800] "GET /index.php?printable=yes&returnto=Special%3ARecentChanges&returntoquery=days%3D30%26hidebots%3D0%26hideminor%3D0&title=Special%3AUserLogin HTTP/1.1" 200 13128 "-" "Mozilla/5.0 (compatible; SemrushBot/6~bl; +http://www.semrush.com/bot.html)"
148.251.9.145 - - [07/Feb/2020:12:42:01 -0800] "GET /index.php?title=Resume&action=edit&oldid=589 HTTP/1.1" 200 24637 "-" "Mozilla/5.0 (compatible; MJ12bot/v1.4.8; http://mj12bot.com/)"
5.9.138.189 - - [07/Feb/2020:12:42:10 -0800] "GET /index.php?title=Special:CreateAccount&returnto=Security%2B%20Identity%20and%20Access%20Management&returntoquery=oldid=352&printable=yes HTTP/1.1" 200 10521 "-" "Mozilla/5.0 (compatible; MJ12bot/v1.4.8; http://mj12bot.com/)"
148.251.9.145 - - [07/Feb/2020:12:42:16 -0800] "GET /index.php?title=Resume&action=edit&oldid=590 HTTP/1.1" 200 24662 "-" "Mozilla/5.0 (compatible; MJ12bot/v1.4.8; http://mj12bot.com/)"
5.9.138.189 - - [07/Feb/2020:12:42:15 -0800] "GET /index.php?title=Special:CreateAccount&returnto=Security%2B%20Identity%20and%20Access%20Management&returntoquery=oldid=395 HTTP/1.1" 200 10810 "-" "Mozilla/5.0 (compatible; MJ12bot/v1.4.8; http://mj12bot.com/)"
5.9.138.189 - - [07/Feb/2020:12:42:22 -0800] "GET /index.php?title=Special:CreateAccount&returnto=Security%2B%20Identity%20and%20Access%20Management&returntoquery=oldid=395&printable=yes HTTP/1.1" 200 10520 "-" "Mozilla/5.0 (compatible; MJ12bot/v1.4.8; http://mj12bot.com/)"
5.9.138.189 - - [07/Feb/2020:12:42:25 -0800] "GET /index.php?title=Special:CreateAccount&returnto=Security%2B%20Identity%20and%20Access%20Management&returntoquery=oldid=396 HTTP/1.1" 200 10810 "-" "Mozilla/5.0 (compatible; MJ12bot/v1.4.8; http://mj12bot.com/)"
5.9.138.189 - - [07/Feb/2020:12:42:29 -0800] "GET /index.php?title=Special:CreateAccount&returnto=Security%2B%20Identity%20and%20Access%20Management&returntoquery=oldid=396&printable=yes HTTP/1.1" 200 10520 "-" "Mozilla/5.0 (compatible; MJ12bot/v1.4.8; http://mj12bot.com/)"
5.9.138.189 - - [07/Feb/2020:12:42:33 -0800] "GET /index.php?title=Special:CreateAccount&returnto=Security%2B%20Identity%20and%20Access%20Management&returntoquery=oldid=397 HTTP/1.1" 200 10809 "-" "Mozilla/5.0 (compatible; MJ12bot/v1.4.8; http://mj12bot.com/)"
5.9.138.189 - - [07/Feb/2020:12:42:36 -0800] "GET /index.php?title=Special:CreateAccount&returnto=Security%2B%20Identity%20and%20Access%20Management&returntoquery=oldid=397%26printable=yes HTTP/1.1" 200 10845 "-" "Mozilla/5.0 (compatible; MJ12bot/v1.4.8; http://mj12bot.com/)"
5.9.138.189 - - [07/Feb/2020:12:42:39 -0800] "GET /index.php?title=Special:CreateAccount&returnto=Security%2B%20Identity%20and%20Access%20Management&returntoquery=oldid=397&printable=yes HTTP/1.1" 200 10520 "-" "Mozilla/5.0 (compatible; MJ12bot/v1.4.8; http://mj12bot.com/)"
5.9.138.189 - - [07/Feb/2020:12:42:42 -0800] "GET /index.php?title=Special:CreateAccount&returnto=Security%2B%20Identity%20and%20Access%20Management&returntoquery=printable=yes HTTP/1.1" 200 10817 "-" "Mozilla/5.0 (compatible; MJ12bot/v1.4.8; http://mj12bot.com/)"
5.9.138.189 - - [07/Feb/2020:12:42:45 -0800] "GET /index.php?title=Special:CreateAccount&returnto=Security%2B%20Identity%20and%20Access%20Management&returntoquery=printable=yes&printable=yes HTTP/1.1" 200 10524 "-" "Mozilla/5.0 (compatible; MJ12bot/v1.4.8; http://mj12bot.com/)"
5.9.138.189 - - [07/Feb/2020:12:42:48 -0800] "GET /index.php?title=Special:CreateAccount&returnto=Security%2B%20Risk%20Management HTTP/1.1" 200 10720 "-" "Mozilla/5.0 (compatible; MJ12bot/v1.4.8; http://mj12bot.com/)"
5.9.138.189 - - [07/Feb/2020:12:42:51 -0800] "GET /index.php?title=Special:CreateAccount&returnto=Security%2B%20Risk%20Management&printable=yes HTTP/1.1" 200 10509 "-" "Mozilla/5.0 (compatible; MJ12bot/v1.4.8; http://mj12bot.com/)"
5.9.138.189 - - [07/Feb/2020:12:42:54 -0800] "GET /index.php?title=Special:CreateAccount&returnto=Security%2B%20Risk%20Management&returntoquery=action=edit HTTP/1.1" 200 10783 "-" "Mozilla/5.0 (compatible; MJ12bot/v1.4.8; http://mj12bot.com/)"
5.9.138.189 - - [07/Feb/2020:12:42:57 -0800] "GET /index.php?title=Special:CreateAccount&returnto=Security%2B%20Risk%20Management&returntoquery=action=history HTTP/1.1" 200 10789 "-" "Mozilla/5.0 (compatible; MJ12bot/v1.4.8; http://mj12bot.com/)"
5.9.138.189 - - [07/Feb/2020:12:43:01 -0800] "GET /index.php?title=Special:CreateAccount&returnto=Security%2B%20Risk%20Management&returntoquery=action=info HTTP/1.1" 200 10784 "-" "Mozilla/5.0 (compatible; MJ12bot/v1.4.8; http://mj12bot.com/)"
5.9.138.189 - - [07/Feb/2020:12:43:07 -0800] "GET /index.php?title=Special:CreateAccount&returnto=Security%2B%20Risk%20Management&returntoquery=action=info&printable=yes HTTP/1.1" 200 10508 "-" "Mozilla/5.0 (compatible; MJ12bot/v1.4.8; http://mj12bot.com/)"
5.9.138.189 - - [07/Feb/2020:12:43:14 -0800] "GET /index.php?title=Special:CreateAccount&returnto=Security%2B%20Risk%20Management&returntoquery=diff=230%26oldid=229 HTTP/1.1" 200 10806 "-" "Mozilla/5.0 (compatible; MJ12bot/v1.4.8; http://mj12bot.com/)"
5.9.138.189 - - [07/Feb/2020:12:43:20 -0800] "GET /index.php?title=Special:CreateAccount&returnto=Security%2B%20Risk%20Management&returntoquery=diff=230%26oldid=229&printable=yes HTTP/1.1" 200 10518 "-" "Mozilla/5.0 (compatible; MJ12bot/v1.4.8; http://mj12bot.com/)"
5.9.138.189 - - [07/Feb/2020:12:43:24 -0800] "GET /index.php?title=Special:CreateAccount&returnto=Security%2B%20Risk%20Management&returntoquery=diff=231%26oldid=230 HTTP/1.1" 200 10806 "-" "Mozilla/5.0 (compatible; MJ12bot/v1.4.8; http://mj12bot.com/)"
5.9.138.189 - - [07/Feb/2020:12:43:28 -0800] "GET /index.php?title=Special:CreateAccount&returnto=Security%2B%20Risk%20Management&returntoquery=diff=231%26oldid=230&printable=yes HTTP/1.1" 200 10518 "-" "Mozilla/5.0 (compatible; MJ12bot/v1.4.8; http://mj12bot.com/)"
5.9.138.189 - - [07/Feb/2020:12:43:32 -0800] "GET /index.php?title=Special:CreateAccount&returnto=Security%2B%20Risk%20Management&returntoquery=diff=232%26oldid=231 HTTP/1.1" 200 10805 "-" "Mozilla/5.0 (compatible; MJ12bot/v1.4.8; http://mj12bot.com/)"
5.9.138.189 - - [07/Feb/2020:12:43:35 -0800] "GET /index.php?title=Special:CreateAccount&returnto=Security%2B%20Risk%20Management&returntoquery=diff=232%26oldid=231&printable=yes HTTP/1.1" 200 10519 "-" "Mozilla/5.0 (compatible; MJ12bot/v1.4.8; http://mj12bot.com/)"
5.9.138.189 - - [07/Feb/2020:12:43:38 -0800] "GET /index.php?title=Special:CreateAccount&returnto=Security%2B%20Risk%20Management&returntoquery=diff=233%26oldid=232 HTTP/1.1" 200 10805 "-" "Mozilla/5.0 (compatible; MJ12bot/v1.4.8; http://mj12bot.com/)"
