5.9.138.189 - - [07/Feb/2020:12:51:57 -0800] "GET /index.php?title=Special:CreateAccount&returnto=Special:RecentChangesLinked&returntoquery=hideanons=1%26hidemyself=1%26limit=250%26target=Main_Page&printable=yes HTTP/1.1" 200 10561 "-" "Mozilla/5.0 (compatible; MJ12bot/v1.4.8; http://mj12bot.com/)"
46.229.168.140 - - [07/Feb/2020:12:51:57 -0800] "GET /index.php?printable=yes&returnto=Special%3ARecentChanges&returntoquery=days%3D14%26from%3D20190928103608%26hidebots%3D0%26hideminor%3D1%26hidemyself%3D1%26limit%3D500&title=Special%3AUserLogin HTTP/1.1" 200 13238 "-" "Mozilla/5.0 (compatible; SemrushBot/6~bl; +http://www.semrush.com/bot.html)"
5.9.138.189 - - [07/Feb/2020:12:51:59 -0800] "GET /index.php?title=Special:CreateAccount&returnto=Special:RecentChangesLinked&returntoquery=hideanons=1%26hidemyself=1%26limit=500%26target=Main_Page HTTP/1.1" 200 10892 "-" "Mozilla/5.0 (compatible; MJ12bot/v1.4.8; http://mj12bot.com/)"
5.9.138.189 - - [07/Feb/2020:12:52:03 -0800] "GET /index.php?title=Special:CreateAccount&returnto=Special:RecentChangesLinked&returntoquery=hideanons=1%26hidemyself=1%26limit=500%26target=Main_Page&printable=yes HTTP/1.1" 200 10562 "-" "Mozilla/5.0 (compatible; MJ12bot/v1.4.8; http://mj12bot.com/)"
5.9.138.189 - - [07/Feb/2020:12:52:06 -0800] "GET /index.php?title=Special:CreateAccount&returnto=Special:RecentChangesLinked&returntoquery=hideanons=1%26hidemyself=1%26target=Main_Page HTTP/1.1" 200 10863 "-" "Mozilla/5.0 (compatible; MJ12bot/v1.4.8; http://mj12bot.com/)"
148.251.9.145 - - [07/Feb/2020:12:52:06 -0800] "GET /index.php?title=Special:CreateAccount&returnto=MediaWiki:Rcfilters-filter-newpages-description&printable=yes HTTP/1.1" 200 10531 "-" "Mozilla/5.0 (compatible; MJ12bot/v1.4.8; http://mj12bot.com/)"
46.229.168.129 - - [07/Feb/2020:12:52:10 -0800] "GET /index.php?printable=yes&returnto=Special%3AWhatLinksHere%2FTalk%3A-%2BResource%2Bvs.%2Bsecurity%2Bconstraints&returntoquery=printable%3Dyes&title=Special%3ACreateAccount HTTP/1.1" 200 10559 "-" "Mozilla/5.0 (compatible; SemrushBot/6~bl; +http://www.semrush.com/bot.html)"
5.9.138.189 - - [07/Feb/2020:12:52:10 -0800] "GET /index.php?title=Special:CreateAccount&returnto=Template:TableEnd&returntoquery=oldid=405&printable=yes HTTP/1.1" 200 10497 "-" "Mozilla/5.0 (compatible; MJ12bot/v1.4.8; http://mj12bot.com/)"
5.9.138.189 - - [07/Feb/2020:12:52:13 -0800] "GET /index.php?title=Special:RecentChangesLinked&hideliu=1&hideanons=1&target=Main_Page HTTP/1.1" 302 - "-" "Mozilla/5.0 (compatible; MJ12bot/v1.4.8; http://mj12bot.com/)"
148.251.9.145 - - [07/Feb/2020:12:52:17 -0800] "GET /index.php?title=Special:CreateAccount&returnto=MediaWiki:Rcfilters-filter-pageedits-description&printable=yes HTTP/1.1" 200 10532 "-" "Mozilla/5.0 (compatible; MJ12bot/v1.4.8; http://mj12bot.com/)"
5.9.138.189 - - [07/Feb/2020:12:52:18 -0800] "GET /index.php?title=Special:RecentChangesLinked&userExpLevel=unregistered&target=Main_Page HTTP/1.1" 404 31292 "-" "Mozilla/5.0 (compatible; MJ12bot/v1.4.8; http://mj12bot.com/)"
5.9.138.189 - - [07/Feb/2020:12:52:22 -0800] "GET /index.php?title=Special:RecentChangesLinked&hidemyself=1&hidebots=0&target=Main_Page HTTP/1.1" 404 31263 "-" "Mozilla/5.0 (compatible; MJ12bot/v1.4.8; http://mj12bot.com/)"
5.9.138.189 - - [07/Feb/2020:12:52:28 -0800] "GET /index.php?title=Special:RecentChangesLinked&hidemyself=1&limit=100&target=Main_Page HTTP/1.1" 404 31244 "-" "Mozilla/5.0 (compatible; MJ12bot/v1.4.8; http://mj12bot.com/)"
148.251.9.145 - - [07/Feb/2020:12:52:29 -0800] "GET /index.php?title=Special:CreateAccount&returnto=Resume&returntoquery=action=edit%26oldid=551 HTTP/1.1" 200 10770 "-" "Mozilla/5.0 (compatible; MJ12bot/v1.4.8; http://mj12bot.com/)"
46.229.168.152 - - [07/Feb/2020:12:52:31 -0800] "GET /index.php?printable=yes&returnto=Special%3ARecentChanges&returntoquery=days%3D30%26from%3D20190911030819%26hideliu%3D1%26hideminor%3D1%26hidemyself%3D1%26limit%3D100%26printable%3Dyes&title=Special%3AUserLogin HTTP/1.1" 200 13272 "-" "Mozilla/5.0 (compatible; SemrushBot/6~bl; +http://www.semrush.com/bot.html)"
5.9.138.189 - - [07/Feb/2020:12:52:32 -0800] "GET /index.php?title=Special:RecentChangesLinked&hidemyself=1&limit=250&target=Main_Page HTTP/1.1" 404 31243 "-" "Mozilla/5.0 (compatible; MJ12bot/v1.4.8; http://mj12bot.com/)"
5.9.138.189 - - [07/Feb/2020:12:52:34 -0800] "GET /index.php?title=Special:RecentChangesLinked&hidemyself=1&limit=500&target=Main_Page HTTP/1.1" 404 31244 "-" "Mozilla/5.0 (compatible; MJ12bot/v1.4.8; http://mj12bot.com/)"
148.251.9.145 - - [07/Feb/2020:12:52:37 -0800] "GET /index.php?title=Special:CreateAccount&returnto=Resume&returntoquery=action=edit%26oldid=552 HTTP/1.1" 200 10769 "-" "Mozilla/5.0 (compatible; MJ12bot/v1.4.8; http://mj12bot.com/)"
5.9.138.189 - - [07/Feb/2020:12:52:38 -0800] "GET /index.php?title=Special:RecentChangesLinked&hidemyself=1&target=Main_Page&printable=yes HTTP/1.1" 404 30785 "-" "Mozilla/5.0 (compatible; MJ12bot/v1.4.8; http://mj12bot.com/)"
46.229.168.161 - - [07/Feb/2020:12:52:39 -0800] "GET /index.php?returnto=Special%3AListFiles&returntoquery=limit%3D50%26sort%3Dimg_size%26user%3DRickyClutterbuck&title=Special%3AUserLogin HTTP/1.1" 200 13452 "-" "Mozilla/5.0 (compatible; SemrushBot/6~bl; +http://www.semrush.com/bot.html)"
5.9.138.189 - - [07/Feb/2020:12:52:41 -0800] "GET /index.php?title=Special:RecentChangesLinked&limit=100&days=14&target=Main_Page HTTP/1.1" 404 31079 "-" "Mozilla/5.0 (compatible; MJ12bot/v1.4.8; http://mj12bot.com/)"
5.9.138.189 - - [07/Feb/2020:12:52:46 -0800] "GET /index.php?title=Special:RecentChangesLinked&limit=100&days=30&target=Main_Page HTTP/1.1" 404 31078 "-" "Mozilla/5.0 (compatible; MJ12bot/v1.4.8; http://mj12bot.com/)"
148.251.9.145 - - [07/Feb/2020:12:52:47 -0800] "GET /index.php?title=Special:CreateAccount&returnto=Resume&returntoquery=action=edit%26oldid=552&printable=yes HTTP/1.1" 200 10500 "-" "Mozilla/5.0 (compatible; MJ12bot/v1.4.8; http://mj12bot.com/)"
5.9.138.189 - - [07/Feb/2020:12:52:49 -0800] "GET /index.php?title=Special:RecentChangesLinked&limit=100&from=20190823231732&target=Main_Page HTTP/1.1" 404 30935 "-" "Mozilla/5.0 (compatible; MJ12bot/v1.4.8; http://mj12bot.com/)"
5.9.138.189 - - [07/Feb/2020:12:52:52 -0800] "GET /index.php?title=Special:RecentChangesLinked&limit=100&hideanons=1&target=Main_Page HTTP/1.1" 302 - "-" "Mozilla/5.0 (compatible; MJ12bot/v1.4.8; http://mj12bot.com/)"
46.229.168.129 - - [07/Feb/2020:12:52:54 -0800] "GET /index.php?printable=yes&returnto=Special%3ARecentChanges&returntoquery=days%3D14%26from%3D20191010151137%26hideliu%3D1%26hideminor%3D1%26hidemyself%3D0%26limit%3D500&title=Special%3AUserLogin HTTP/1.1" 200 13236 "-" "Mozilla/5.0 (compatible; SemrushBot/6~bl; +http://www.semrush.com/bot.html)"
5.9.138.189 - - [07/Feb/2020:12:52:54 -0800] "GET /index.php?title=Special:RecentChangesLinked&userExpLevel=registered&limit=100&target=Main_Page HTTP/1.1" 404 31481 "-" "Mozilla/5.0 (compatible; MJ12bot/v1.4.8; http://mj12bot.com/)"
148.251.9.145 - - [07/Feb/2020:12:52:56 -0800] "GET /index.php?title=Special:CreateAccount&returnto=Resume&returntoquery=action=edit%26oldid=553 HTTP/1.1" 200 10770 "-" "Mozilla/5.0 (compatible; MJ12bot/v1.4.8; http://mj12bot.com/)"
5.9.138.189 - - [07/Feb/2020:12:52:59 -0800] "GET /index.php?title=Special:RecentChangesLinked&limit=100&hidebots=0&target=Main_Page HTTP/1.1" 404 31136 "-" "Mozilla/5.0 (compatible; MJ12bot/v1.4.8; http://mj12bot.com/)"
5.9.138.189 - - [07/Feb/2020:12:53:02 -0800] "GET /index.php?title=Special:RecentChangesLinked&limit=100&hideminor=1&target=Main_Page HTTP/1.1" 404 31224 "-" "Mozilla/5.0 (compatible; MJ12bot/v1.4.8; http://mj12bot.com/)"
5.9.138.189 - - [07/Feb/2020:12:53:05 -0800] "GET /index.php?title=Special:RecentChangesLinked&limit=100&hidemyself=1&target=Main_Page HTTP/1.1" 404 31244 "-" "Mozilla/5.0 (compatible; MJ12bot/v1.4.8; http://mj12bot.com/)"
46.229.168.143 - - [07/Feb/2020:12:53:06 -0800] "GET /index.php?limit=500&title=Special%3AWhatLinksHere%2FPreparation HTTP/1.1" 200 16054 "-" "Mozilla/5.0 (compatible; SemrushBot/6~bl; +http://www.semrush.com/bot.html)"
148.251.9.145 - - [07/Feb/2020:12:53:08 -0800] "GET /index.php?title=Special:CreateAccount&returnto=Resume&returntoquery=action=edit%26oldid=553&printable=yes HTTP/1.1" 200 10500 "-" "Mozilla/5.0 (compatible; MJ12bot/v1.4.8; http://mj12bot.com/)"
5.9.138.189 - - [07/Feb/2020:12:53:08 -0800] "GET /index.php?title=Special:RecentChangesLinked&limit=100&target=Main_Page&printable=yes HTTP/1.1" 404 30662 "-" "Mozilla/5.0 (compatible; MJ12bot/v1.4.8; http://mj12bot.com/)"
46.229.168.140 - - [07/Feb/2020:12:53:10 -0800] "GET /index.php?returnto=Special%3ASearch&returntoquery=printable%3Dyes%26search%3DNFC&title=Special%3AUserLogin HTTP/1.1" 200 13372 "-" "Mozilla/5.0 (compatible; SemrushBot/6~bl; +http://www.semrush.com/bot.html)"
5.9.138.189 - - [07/Feb/2020:12:53:15 -0800] "GET /index.php?title=Special:RecentChangesLinked&limit=250&days=14&target=Main_Page HTTP/1.1" 404 31078 "-" "Mozilla/5.0 (compatible; MJ12bot/v1.4.8; http://mj12bot.com/)"
148.251.9.145 - - [07/Feb/2020:12:53:17 -0800] "GET /index.php?title=Special:CreateAccount&returnto=Resume&returntoquery=action=edit%26oldid=554 HTTP/1.1" 200 10769 "-" "Mozilla/5.0 (compatible; MJ12bot/v1.4.8; http://mj12bot.com/)"
5.9.138.189 - - [07/Feb/2020:12:53:19 -0800] "GET /index.php?title=Special:RecentChangesLinked&limit=250&hideanons=1&target=Main_Page HTTP/1.1" 302 - "-" "Mozilla/5.0 (compatible; MJ12bot/v1.4.8; http://mj12bot.com/)"
5.9.138.189 - - [07/Feb/2020:12:53:22 -0800] "GET /index.php?title=Special:RecentChangesLinked&userExpLevel=registered&limit=250&target=Main_Page HTTP/1.1" 404 31480 "-" "Mozilla/5.0 (compatible; MJ12bot/v1.4.8; http://mj12bot.com/)"
5.9.138.189 - - [07/Feb/2020:12:53:26 -0800] "GET /index.php?title=Special:RecentChangesLinked&limit=250&hidebots=0&target=Main_Page HTTP/1.1" 404 31136 "-" "Mozilla/5.0 (compatible; MJ12bot/v1.4.8; http://mj12bot.com/)"
148.251.9.145 - - [07/Feb/2020:12:53:27 -0800] "GET /index.php?title=Special:CreateAccount&returnto=Resume&returntoquery=action=edit%26oldid=554&printable=yes HTTP/1.1" 200 10501 "-" "Mozilla/5.0 (compatible; MJ12bot/v1.4.8; http://mj12bot.com/)"
5.9.138.189 - - [07/Feb/2020:12:53:32 -0800] "GET /index.php?title=Special:RecentChangesLinked&limit=250&hideminor=1&target=Main_Page HTTP/1.1" 404 31224 "-" "Mozilla/5.0 (compatible; MJ12bot/v1.4.8; http://mj12bot.com/)"
5.9.138.189 - - [07/Feb/2020:12:53:36 -0800] "GET /index.php?title=Special:RecentChangesLinked&limit=250&hidemyself=1&target=Main_Page HTTP/1.1" 404 31244 "-" "Mozilla/5.0 (compatible; MJ12bot/v1.4.8; http://mj12bot.com/)"
5.9.138.189 - - [07/Feb/2020:12:53:39 -0800] "GET /index.php?title=Special:RecentChangesLinked&limit=250&target=Main_Page&printable=yes HTTP/1.1" 404 30661 "-" "Mozilla/5.0 (compatible; MJ12bot/v1.4.8; http://mj12bot.com/)"
148.251.9.145 - - [07/Feb/2020:12:53:38 -0800] "GET /index.php?title=Special:CreateAccount&returnto=Resume&returntoquery=action=edit%26oldid=555 HTTP/1.1" 200 10770 "-" "Mozilla/5.0 (compatible; MJ12bot/v1.4.8; http://mj12bot.com/)"
5.9.138.189 - - [07/Feb/2020:12:53:41 -0800] "GET /index.php?title=Special:RecentChangesLinked&limit=50&days=14&target=Main_Page HTTP/1.1" 404 30875 "-" "Mozilla/5.0 (compatible; MJ12bot/v1.4.8; http://mj12bot.com/)"
5.9.138.189 - - [07/Feb/2020:12:53:44 -0800] "GET /index.php?title=Special:RecentChangesLinked&limit=50&days=30&target=Main_Page HTTP/1.1" 404 30875 "-" "Mozilla/5.0 (compatible; MJ12bot/v1.4.8; http://mj12bot.com/)"
5.9.138.189 - - [07/Feb/2020:12:53:47 -0800] "GET /index.php?title=Special:RecentChangesLinked&limit=50&from=20190823231655&target=Main_Page HTTP/1.1" 404 30732 "-" "Mozilla/5.0 (compatible; MJ12bot/v1.4.8; http://mj12bot.com/)"
148.251.9.145 - - [07/Feb/2020:12:53:48 -0800] "GET /index.php?title=Special:CreateAccount&returnto=Resume&returntoquery=action=edit%26oldid=555&printable=yes HTTP/1.1" 200 10500 "-" "Mozilla/5.0 (compatible; MJ12bot/v1.4.8; http://mj12bot.com/)"
5.9.138.189 - - [07/Feb/2020:12:53:49 -0800] "GET /index.php?title=Special:RecentChangesLinked&limit=50&hideanons=1&target=Main_Page HTTP/1.1" 302 - "-" "Mozilla/5.0 (compatible; MJ12bot/v1.4.8; http://mj12bot.com/)"
5.9.138.189 - - [07/Feb/2020:12:53:54 -0800] "GET /index.php?title=Special:RecentChangesLinked&userExpLevel=registered&target=Main_Page HTTP/1.1" 404 31251 "-" "Mozilla/5.0 (compatible; MJ12bot/v1.4.8; http://mj12bot.com/)"
5.9.138.189 - - [07/Feb/2020:12:53:57 -0800] "GET /index.php?title=Special:RecentChangesLinked&limit=50&hidebots=0&target=Main_Page HTTP/1.1" 404 30932 "-" "Mozilla/5.0 (compatible; MJ12bot/v1.4.8; http://mj12bot.com/)"
148.251.9.145 - - [07/Feb/2020:12:53:58 -0800] "GET /index.php?title=Special:CreateAccount&returnto=Resume&returntoquery=action=edit%26oldid=556 HTTP/1.1" 200 10770 "-" "Mozilla/5.0 (compatible; MJ12bot/v1.4.8; http://mj12bot.com/)"
5.9.138.189 - - [07/Feb/2020:12:54:00 -0800] "GET /index.php?title=Special:RecentChangesLinked&limit=50&hideminor=1&target=Main_Page HTTP/1.1" 404 31021 "-" "Mozilla/5.0 (compatible; MJ12bot/v1.4.8; http://mj12bot.com/)"
5.9.138.189 - - [07/Feb/2020:12:54:03 -0800] "GET /index.php?title=Special:RecentChangesLinked&limit=50&hidemyself=1&target=Main_Page HTTP/1.1" 404 31040 "-" "Mozilla/5.0 (compatible; MJ12bot/v1.4.8; http://mj12bot.com/)"
46.229.168.131 - - [07/Feb/2020:12:54:05 -0800] "GET /index.php?hidetrans=1&printable=yes&title=Special%3AWhatLinksHere%2FPerfect_forward_secrecy HTTP/1.1" 200 16521 "-" "Mozilla/5.0 (compatible; SemrushBot/6~bl; +http://www.semrush.com/bot.html)"
5.9.138.189 - - [07/Feb/2020:12:54:05 -0800] "GET /index.php?title=Special:RecentChangesLinked&limit=50&target=Main_Page&printable=yes HTTP/1.1" 404 30460 "-" "Mozilla/5.0 (compatible; MJ12bot/v1.4.8; http://mj12bot.com/)"
148.251.9.145 - - [07/Feb/2020:12:54:08 -0800] "GET /index.php?title=Special:CreateAccount&returnto=Resume&returntoquery=action=edit%26oldid=556&printable=yes HTTP/1.1" 200 10500 "-" "Mozilla/5.0 (compatible; MJ12bot/v1.4.8; http://mj12bot.com/)"
148.251.9.145 - - [07/Feb/2020:12:54:19 -0800] "GET /index.php?title=Special:CreateAccount&returnto=Resume&returntoquery=action=edit%26oldid=557 HTTP/1.1" 200 10770 "-" "Mozilla/5.0 (compatible; MJ12bot/v1.4.8; http://mj12bot.com/)"
148.251.9.145 - - [07/Feb/2020:12:54:30 -0800] "GET /index.php?title=Special:CreateAccount&returnto=Resume&returntoquery=action=edit%26oldid=557&printable=yes HTTP/1.1" 200 10500 "-" "Mozilla/5.0 (compatible; MJ12bot/v1.4.8; http://mj12bot.com/)"
46.229.168.143 - - [07/Feb/2020:12:54:26 -0800] "GET /index.php?printable=yes&returnto=Special%3ARecentChanges&returntoquery=days%3D7%26from%3D%26tagfilter%3Dmw-changed-redirect-target&title=Special%3AUserLogin HTTP/1.1" 200 13166 "-" "Mozilla/5.0 (compatible; SemrushBot/6~bl; +http://www.semrush.com/bot.html)"
5.9.138.189 - - [07/Feb/2020:12:54:34 -0800] "GET /index.php?title=Special:RecentChangesLinked&limit=500&days=14&target=Main_Page HTTP/1.1" 404 31079 "-" "Mozilla/5.0 (compatible; MJ12bot/v1.4.8; http://mj12bot.com/)"
148.251.9.145 - - [07/Feb/2020:12:54:41 -0800] "GET /index.php?title=Special:CreateAccount&returnto=Resume&returntoquery=action=edit%26oldid=558 HTTP/1.1" 200 10769 "-" "Mozilla/5.0 (compatible; MJ12bot/v1.4.8; http://mj12bot.com/)"
148.251.9.145 - - [07/Feb/2020:12:54:52 -0800] "GET /index.php?title=Special:CreateAccount&returnto=Resume&returntoquery=action=edit%26oldid=558&printable=yes HTTP/1.1" 200 10501 "-" "Mozilla/5.0 (compatible; MJ12bot/v1.4.8; http://mj12bot.com/)"
5.9.138.189 - - [07/Feb/2020:12:54:50 -0800] "GET /index.php?title=Special:RecentChangesLinked&limit=500&days=30&target=Main_Page HTTP/1.1" 404 31079 "-" "Mozilla/5.0 (compatible; MJ12bot/v1.4.8; http://mj12bot.com/)"
5.9.138.189 - - [07/Feb/2020:12:54:58 -0800] "GET /index.php?title=Special:RecentChangesLinked&limit=500&from=20190823231655&target=Main_Page HTTP/1.1" 404 30936 "-" "Mozilla/5.0 (compatible; MJ12bot/v1.4.8; http://mj12bot.com/)"
148.251.9.145 - - [07/Feb/2020:12:55:03 -0800] "GET /index.php?title=Special:CreateAccount&returnto=Resume&returntoquery=action=edit%26oldid=559 HTTP/1.1" 200 10769 "-" "Mozilla/5.0 (compatible; MJ12bot/v1.4.8; http://mj12bot.com/)"
5.9.138.189 - - [07/Feb/2020:12:55:03 -0800] "GET /index.php?title=Special:RecentChangesLinked&limit=500&from=20190823231732&target=Main_Page HTTP/1.1" 404 30935 "-" "Mozilla/5.0 (compatible; MJ12bot/v1.4.8; http://mj12bot.com/)"
5.9.138.189 - - [07/Feb/2020:12:55:06 -0800] "GET /index.php?title=Special:RecentChangesLinked&limit=500&from=20190823231755&target=Main_Page HTTP/1.1" 404 30935 "-" "Mozilla/5.0 (compatible; MJ12bot/v1.4.8; http://mj12bot.com/)"
5.9.138.189 - - [07/Feb/2020:12:55:09 -0800] "GET /index.php?title=Special:UserLogin&returnto=Main%20Page&returntoquery=action=edit%26oldid=107 HTTP/1.1" 200 13344 "-" "Mozilla/5.0 (compatible; MJ12bot/v1.4.8; http://mj12bot.com/)"
148.251.9.145 - - [07/Feb/2020:12:55:12 -0800] "GET /index.php?title=Special:CreateAccount&returnto=Resume&returntoquery=action=edit%26oldid=559&printable=yes HTTP/1.1" 200 10501 "-" "Mozilla/5.0 (compatible; MJ12bot/v1.4.8; http://mj12bot.com/)"
5.9.138.189 - - [07/Feb/2020:12:55:12 -0800] "GET /index.php?title=Special:UserLogin&returnto=Main%20Page&returntoquery=action=edit%26oldid=107&printable=yes HTTP/1.1" 200 13076 "-" "Mozilla/5.0 (compatible; MJ12bot/v1.4.8; http://mj12bot.com/)"
216.244.66.231 - - [07/Feb/2020:12:55:13 -0800] "GET /index.php?title=PR.DS-1&diff=cur&oldid=5393 HTTP/1.1" 200 21852 "-" "Mozilla/5.0 (compatible; DotBot/1.1; http://www.opensiteexplorer.org/dotbot, help@moz.com)"
46.229.168.140 - - [07/Feb/2020:12:55:15 -0800] "GET /index.php?printable=yes&returnto=Special%3ARecentChanges&returntoquery=days%3D30%26from%3D%26hideliu%3D1%26limit%3D100&title=Special%3ACreateAccount HTTP/1.1" 200 10537 "-" "Mozilla/5.0 (compatible; SemrushBot/6~bl; +http://www.semrush.com/bot.html)"
5.9.138.189 - - [07/Feb/2020:12:55:16 -0800] "GET /index.php?title=Special:UserLogin&returnto=Main%20Page&returntoquery=diff=cur%26oldid=117&printable=yes HTTP/1.1" 200 13070 "-" "Mozilla/5.0 (compatible; MJ12bot/v1.4.8; http://mj12bot.com/)"
5.9.138.189 - - [07/Feb/2020:12:55:20 -0800] "GET /index.php?title=Special:UserLogin&returnto=Main%20Page&returntoquery=diff=next%26oldid=107&printable=yes HTTP/1.1" 200 13071 "-" "Mozilla/5.0 (compatible; MJ12bot/v1.4.8; http://mj12bot.com/)"
5.9.138.189 - - [07/Feb/2020:12:55:23 -0800] "GET /index.php?title=Special:UserLogin&returnto=Main%20Page&returntoquery=diff=next%26oldid=117%26printable=yes&printable=yes HTTP/1.1" 200 13108 "-" "Mozilla/5.0 (compatible; MJ12bot/v1.4.8; http://mj12bot.com/)"
148.251.9.145 - - [07/Feb/2020:12:55:23 -0800] "GET /index.php?title=Special:CreateAccount&returnto=Resume&returntoquery=action=edit%26oldid=560 HTTP/1.1" 200 10770 "-" "Mozilla/5.0 (compatible; MJ12bot/v1.4.8; http://mj12bot.com/)"
5.9.138.189 - - [07/Feb/2020:12:55:26 -0800] "GET /index.php?title=Special:UserLogin&returnto=Main%20Page&returntoquery=diff=next%26oldid=117&printable=yes HTTP/1.1" 200 13072 "-" "Mozilla/5.0 (compatible; MJ12bot/v1.4.8; http://mj12bot.com/)"
5.9.138.189 - - [07/Feb/2020:12:55:31 -0800] "GET /index.php?title=Special:UserLogin&returnto=Main%20Page&returntoquery=diff=next%26oldid=119%26printable=yes&printable=yes HTTP/1.1" 200 13108 "-" "Mozilla/5.0 (compatible; MJ12bot/v1.4.8; http://mj12bot.com/)"
5.9.138.189 - - [07/Feb/2020:12:55:35 -0800] "GET /index.php?title=Special:UserLogin&returnto=Main%20Page&returntoquery=diff=next%26oldid=119&printable=yes HTTP/1.1" 200 13071 "-" "Mozilla/5.0 (compatible; MJ12bot/v1.4.8; http://mj12bot.com/)"
148.251.9.145 - - [07/Feb/2020:12:55:35 -0800] "GET /index.php?title=Special:CreateAccount&returnto=Resume&returntoquery=action=edit%26oldid=560&printable=yes HTTP/1.1" 200 10500 "-" "Mozilla/5.0 (compatible; MJ12bot/v1.4.8; http://mj12bot.com/)"
46.229.168.163 - - [07/Feb/2020:12:55:36 -0800] "GET /index.php?search=-%2BSomething%2Byou%2Bdo&title=Special%3ASearch HTTP/1.1" 200 17588 "-" "Mozilla/5.0 (compatible; SemrushBot/6~bl; +http://www.semrush.com/bot.html)"
5.9.138.189 - - [07/Feb/2020:12:55:38 -0800] "GET /index.php?title=Special:UserLogin&returnto=Main%20Page&returntoquery=diff=prev%26oldid=117%26printable=yes&printable=yes HTTP/1.1" 200 13107 "-" "Mozilla/5.0 (compatible; MJ12bot/v1.4.8; http://mj12bot.com/)"
5.9.138.189 - - [07/Feb/2020:12:55:41 -0800] "GET /index.php?title=Special:UserLogin&returnto=Main%20Page&returntoquery=direction=next%26oldid=115%26printable=yes HTTP/1.1" 200 13406 "-" "Mozilla/5.0 (compatible; MJ12bot/v1.4.8; http://mj12bot.com/)"
5.9.138.189 - - [07/Feb/2020:12:55:43 -0800] "GET /index.php?title=Special:UserLogin&returnto=Main%20Page&returntoquery=direction=next%26oldid=115%26printable=yes&printable=yes HTTP/1.1" 200 13117 "-" "Mozilla/5.0 (compatible; MJ12bot/v1.4.8; http://mj12bot.com/)"
148.251.9.145 - - [07/Feb/2020:12:55:45 -0800] "GET /index.php?title=Special:CreateAccount&returnto=Resume&returntoquery=action=edit%26oldid=561 HTTP/1.1" 200 10769 "-" "Mozilla/5.0 (compatible; MJ12bot/v1.4.8; http://mj12bot.com/)"
5.9.138.189 - - [07/Feb/2020:12:55:45 -0800] "GET /index.php?title=Special:UserLogin&returnto=Main%20Page&returntoquery=direction=next%26oldid=115&printable=yes HTTP/1.1" 200 13081 "-" "Mozilla/5.0 (compatible; MJ12bot/v1.4.8; http://mj12bot.com/)"
5.9.138.189 - - [07/Feb/2020:12:55:48 -0800] "GET /index.php?title=Special:UserLogin&returnto=Main%20Page&returntoquery=direction=next%26oldid=116 HTTP/1.1" 200 13352 "-" "Mozilla/5.0 (compatible; MJ12bot/v1.4.8; http://mj12bot.com/)"
5.9.138.189 - - [07/Feb/2020:12:55:51 -0800] "GET /index.php?title=Special:UserLogin&returnto=Main%20Page&returntoquery=direction=prev%26oldid=117&printable=yes HTTP/1.1" 200 13081 "-" "Mozilla/5.0 (compatible; MJ12bot/v1.4.8; http://mj12bot.com/)"
5.9.138.189 - - [07/Feb/2020:12:55:54 -0800] "GET /index.php?title=Special:UserLogin&returnto=Main%20Page&returntoquery=direction=prev%26oldid=119%26printable=yes&printable=yes HTTP/1.1" 200 13117 "-" "Mozilla/5.0 (compatible; MJ12bot/v1.4.8; http://mj12bot.com/)"
5.9.138.189 - - [07/Feb/2020:12:55:57 -0800] "GET /index.php?title=Special:UserLogin&returnto=Resume&returntoquery=curid=43%26diff=0%26oldid=525 HTTP/1.1" 200 13358 "-" "Mozilla/5.0 (compatible; MJ12bot/v1.4.8; http://mj12bot.com/)"
148.251.9.145 - - [07/Feb/2020:12:55:58 -0800] "GET /index.php?title=Special:CreateAccount&returnto=Resume&returntoquery=action=edit%26oldid=561&printable=yes HTTP/1.1" 200 10501 "-" "Mozilla/5.0 (compatible; MJ12bot/v1.4.8; http://mj12bot.com/)"
5.9.138.189 - - [07/Feb/2020:12:56:00 -0800] "GET /index.php?title=Special:UserLogin&returnto=Resume&returntoquery=curid=43%26diff=0%26oldid=531 HTTP/1.1" 200 13358 "-" "Mozilla/5.0 (compatible; MJ12bot/v1.4.8; http://mj12bot.com/)"
5.9.138.189 - - [07/Feb/2020:12:56:02 -0800] "GET /index.php?title=Special:UserLogin&returnto=Resume&returntoquery=diff=601%26oldid=568&printable=yes HTTP/1.1" 200 13063 "-" "Mozilla/5.0 (compatible; MJ12bot/v1.4.8; http://mj12bot.com/)"
148.251.9.145 - - [07/Feb/2020:12:56:04 -0800] "GET /index.php?title=Special:CreateAccount&returnto=Resume&returntoquery=action=edit%26oldid=562 HTTP/1.1" 200 10769 "-" "Mozilla/5.0 (compatible; MJ12bot/v1.4.8; http://mj12bot.com/)"
5.9.138.189 - - [07/Feb/2020:12:56:05 -0800] "GET /index.php?title=Special:UserLogin&returnto=Resume&returntoquery=diff=601%26oldid=569&printable=yes HTTP/1.1" 200 13063 "-" "Mozilla/5.0 (compatible; MJ12bot/v1.4.8; http://mj12bot.com/)"
5.9.138.189 - - [07/Feb/2020:12:56:07 -0800] "GET /index.php?title=Special:UserLogin&returnto=Resume&returntoquery=diff=601%26oldid=570&printable=yes HTTP/1.1" 200 13063 "-" "Mozilla/5.0 (compatible; MJ12bot/v1.4.8; http://mj12bot.com/)"
5.9.138.189 - - [07/Feb/2020:12:56:10 -0800] "GET /index.php?title=Special:UserLogin&returnto=Resume&returntoquery=diff=601%26oldid=571&printable=yes HTTP/1.1" 200 13063 "-" "Mozilla/5.0 (compatible; MJ12bot/v1.4.8; http://mj12bot.com/)"
5.9.138.189 - - [07/Feb/2020:12:56:12 -0800] "GET /index.php?title=Special:UserLogin&returnto=Resume&returntoquery=diff=601%26oldid=572 HTTP/1.1" 200 13326 "-" "Mozilla/5.0 (compatible; MJ12bot/v1.4.8; http://mj12bot.com/)"
148.251.9.145 - - [07/Feb/2020:12:56:12 -0800] "GET /index.php?title=Special:CreateAccount&returnto=Resume&returntoquery=action=edit%26oldid=562&printable=yes HTTP/1.1" 200 10501 "-" "Mozilla/5.0 (compatible; MJ12bot/v1.4.8; http://mj12bot.com/)"
46.229.168.137 - - [07/Feb/2020:12:56:14 -0800] "GET /index.php?printable=yes&returnto=Template%3ATable&returntoquery=action%3Dedit%26oldid%3D693&title=Special%3AUserLogin HTTP/1.1" 200 13087 "-" "Mozilla/5.0 (compatible; SemrushBot/6~bl; +http://www.semrush.com/bot.html)"
5.9.138.189 - - [07/Feb/2020:12:56:15 -0800] "GET /index.php?title=Special:UserLogin&returnto=Resume&returntoquery=diff=601%26oldid=573 HTTP/1.1" 200 13325 "-" "Mozilla/5.0 (compatible; MJ12bot/v1.4.8; http://mj12bot.com/)"
46.229.168.142 - - [07/Feb/2020:12:56:16 -0800] "GET /index.php?returnto=Special%3ARecentChanges&returntoquery=days%3D3%26from%3D20191001132353%26hideminor%3D1%26printable%3Dyes&title=Special%3AUserLogin HTTP/1.1" 200 13501 "-" "Mozilla/5.0 (compatible; SemrushBot/6~bl; +http://www.semrush.com/bot.html)"
5.9.138.189 - - [07/Feb/2020:12:56:18 -0800] "GET /index.php?title=Special:UserLogin&returnto=Resume&returntoquery=diff=601%26oldid=573&printable=yes HTTP/1.1" 200 13063 "-" "Mozilla/5.0 (compatible; MJ12bot/v1.4.8; http://mj12bot.com/)"
46.229.168.135 - - [07/Feb/2020:12:56:20 -0800] "GET /index.php?returnto=Special%3ARecentChanges&returntoquery=days%3D1%26from%3D%26hideanons%3D1%26hidemyself%3D1%26limit%3D250%26tagfilter%3Dmw-new-redirect&title=Special%3AUserLogin HTTP/1.1" 200 13587 "-" "Mozilla/5.0 (compatible; SemrushBot/6~bl; +http://www.semrush.com/bot.html)"
5.9.138.189 - - [07/Feb/2020:12:56:21 -0800] "GET /index.php?title=Special:UserLogin&returnto=Resume&returntoquery=diff=601%26oldid=574&printable=yes HTTP/1.1" 200 13063 "-" "Mozilla/5.0 (compatible; MJ12bot/v1.4.8; http://mj12bot.com/)"
5.9.138.189 - - [07/Feb/2020:12:56:24 -0800] "GET /index.php?title=Special:UserLogin&returnto=Resume&returntoquery=diff=601%26oldid=575&printable=yes HTTP/1.1" 200 13064 "-" "Mozilla/5.0 (compatible; MJ12bot/v1.4.8; http://mj12bot.com/)"
148.251.9.145 - - [07/Feb/2020:12:56:24 -0800] "GET /index.php?title=Special:CreateAccount&returnto=Resume&returntoquery=action=edit%26oldid=563&printable=yes HTTP/1.1" 200 10501 "-" "Mozilla/5.0 (compatible; MJ12bot/v1.4.8; http://mj12bot.com/)"
5.9.138.189 - - [07/Feb/2020:12:56:27 -0800] "GET /index.php?title=Special:UserLogin&returnto=Resume&returntoquery=diff=601%26oldid=576&printable=yes HTTP/1.1" 200 13063 "-" "Mozilla/5.0 (compatible; MJ12bot/v1.4.8; http://mj12bot.com/)"
5.9.138.189 - - [07/Feb/2020:12:56:29 -0800] "GET /index.php?title=Special:UserLogin&returnto=Resume&returntoquery=diff=601%26oldid=578&printable=yes HTTP/1.1" 200 13063 "-" "Mozilla/5.0 (compatible; MJ12bot/v1.4.8; http://mj12bot.com/)"
5.9.138.189 - - [07/Feb/2020:12:56:32 -0800] "GET /index.php?title=Special:UserLogin&returnto=Resume&returntoquery=diff=601%26oldid=579&printable=yes HTTP/1.1" 200 13063 "-" "Mozilla/5.0 (compatible; MJ12bot/v1.4.8; http://mj12bot.com/)"
148.251.9.145 - - [07/Feb/2020:12:56:34 -0800] "GET /index.php?title=Special:CreateAccount&returnto=Resume&returntoquery=action=edit%26oldid=564 HTTP/1.1" 200 10769 "-" "Mozilla/5.0 (compatible; MJ12bot/v1.4.8; http://mj12bot.com/)"
5.9.138.189 - - [07/Feb/2020:12:56:35 -0800] "GET /index.php?title=Special:UserLogin&returnto=Resume&returntoquery=diff=601%26oldid=580&printable=yes HTTP/1.1" 200 13063 "-" "Mozilla/5.0 (compatible; MJ12bot/v1.4.8; http://mj12bot.com/)"
5.9.138.189 - - [07/Feb/2020:12:56:38 -0800] "GET /index.php?title=Special:UserLogin&returnto=Resume&returntoquery=diff=601%26oldid=581&printable=yes HTTP/1.1" 200 13064 "-" "Mozilla/5.0 (compatible; MJ12bot/v1.4.8; http://mj12bot.com/)"
5.9.138.189 - - [07/Feb/2020:12:56:42 -0800] "GET /index.php?title=Special:UserLogin&returnto=Resume&returntoquery=diff=601%26oldid=591&printable=yes HTTP/1.1" 200 13063 "-" "Mozilla/5.0 (compatible; MJ12bot/v1.4.8; http://mj12bot.com/)"
5.9.138.189 - - [07/Feb/2020:12:56:45 -0800] "GET /index.php?title=Special:UserLogin&returnto=Resume&returntoquery=diff=601%26oldid=592&printable=yes HTTP/1.1" 200 13063 "-" "Mozilla/5.0 (compatible; MJ12bot/v1.4.8; http://mj12bot.com/)"
46.229.168.134 - - [07/Feb/2020:12:56:44 -0800] "GET /index.php?action=info&title=Talk%3APCI-DSS-11 HTTP/1.1" 200 13468 "-" "Mozilla/5.0 (compatible; SemrushBot/6~bl; +http://www.semrush.com/bot.html)"
148.251.9.145 - - [07/Feb/2020:12:56:44 -0800] "GET /index.php?title=Special:CreateAccount&returnto=Resume&returntoquery=action=edit%26oldid=564&printable=yes HTTP/1.1" 200 10501 "-" "Mozilla/5.0 (compatible; MJ12bot/v1.4.8; http://mj12bot.com/)"
5.9.138.189 - - [07/Feb/2020:12:56:47 -0800] "GET /index.php?title=Special:UserLogin&returnto=Resume&returntoquery=diff=601%26oldid=593&printable=yes HTTP/1.1" 200 13063 "-" "Mozilla/5.0 (compatible; MJ12bot/v1.4.8; http://mj12bot.com/)"
5.9.138.189 - - [07/Feb/2020:12:56:50 -0800] "GET /index.php?title=Special:UserLogin&returnto=Resume&returntoquery=diff=601%26oldid=594&printable=yes HTTP/1.1" 200 13063 "-" "Mozilla/5.0 (compatible; MJ12bot/v1.4.8; http://mj12bot.com/)"
5.9.138.189 - - [07/Feb/2020:12:56:52 -0800] "GET /index.php?title=Special:UserLogin&returnto=Resume&returntoquery=diff=601%26oldid=595&printable=yes HTTP/1.1" 200 13063 "-" "Mozilla/5.0 (compatible; MJ12bot/v1.4.8; http://mj12bot.com/)"
5.9.138.189 - - [07/Feb/2020:12:56:54 -0800] "GET /index.php?title=Special:UserLogin&returnto=Resume&returntoquery=diff=601%26oldid=596&printable=yes HTTP/1.1" 200 13063 "-" "Mozilla/5.0 (compatible; MJ12bot/v1.4.8; http://mj12bot.com/)"
148.251.9.145 - - [07/Feb/2020:12:56:54 -0800] "GET /index.php?title=Special:CreateAccount&returnto=Resume&returntoquery=action=edit%26oldid=565 HTTP/1.1" 200 10770 "-" "Mozilla/5.0 (compatible; MJ12bot/v1.4.8; http://mj12bot.com/)"
5.9.138.189 - - [07/Feb/2020:12:56:57 -0800] "GET /index.php?title=Special:UserLogin&returnto=Resume&returntoquery=diff=601%26oldid=598 HTTP/1.1" 200 13325 "-" "Mozilla/5.0 (compatible; MJ12bot/v1.4.8; http://mj12bot.com/)"
5.9.138.189 - - [07/Feb/2020:12:56:59 -0800] "GET /index.php?title=Special:UserLogin&returnto=Resume&returntoquery=diff=601%26oldid=598&printable=yes HTTP/1.1" 200 13064 "-" "Mozilla/5.0 (compatible; MJ12bot/v1.4.8; http://mj12bot.com/)"
5.9.138.189 - - [07/Feb/2020:12:57:03 -0800] "GET /index.php?title=Special:UserLogin&returnto=Resume&returntoquery=diff=601%26oldid=599&printable=yes HTTP/1.1" 200 13063 "-" "Mozilla/5.0 (compatible; MJ12bot/v1.4.8; http://mj12bot.com/)"
148.251.9.145 - - [07/Feb/2020:12:57:04 -0800] "GET /index.php?title=Special:CreateAccount&returnto=Resume&returntoquery=action=edit%26oldid=565&printable=yes HTTP/1.1" 200 10500 "-" "Mozilla/5.0 (compatible; MJ12bot/v1.4.8; http://mj12bot.com/)"
5.9.138.189 - - [07/Feb/2020:12:57:05 -0800] "GET /index.php?title=Special:UserLogin&returnto=Resume&returntoquery=diff=601%26oldid=600&printable=yes HTTP/1.1" 200 13063 "-" "Mozilla/5.0 (compatible; MJ12bot/v1.4.8; http://mj12bot.com/)"
5.9.138.189 - - [07/Feb/2020:12:57:09 -0800] "GET /index.php?title=Special:UserLogin&returnto=Resume&returntoquery=diff=cur%26oldid=552&printable=yes HTTP/1.1" 200 13064 "-" "Mozilla/5.0 (compatible; MJ12bot/v1.4.8; http://mj12bot.com/)"
148.251.9.145 - - [07/Feb/2020:12:57:12 -0800] "GET /index.php?title=Special:CreateAccount&returnto=Resume&returntoquery=action=edit%26oldid=566 HTTP/1.1" 200 10770 "-" "Mozilla/5.0 (compatible; MJ12bot/v1.4.8; http://mj12bot.com/)"
5.9.138.189 - - [07/Feb/2020:12:57:14 -0800] "GET /index.php?title=Special:UserLogin&returnto=Resume&returntoquery=diff=cur%26oldid=553&printable=yes HTTP/1.1" 200 13063 "-" "Mozilla/5.0 (compatible; MJ12bot/v1.4.8; http://mj12bot.com/)"
5.9.138.189 - - [07/Feb/2020:12:57:17 -0800] "GET /index.php?title=Special:UserLogin&returnto=Resume&returntoquery=diff=cur%26oldid=554 HTTP/1.1" 200 13325 "-" "Mozilla/5.0 (compatible; MJ12bot/v1.4.8; http://mj12bot.com/)"
5.9.138.189 - - [07/Feb/2020:12:57:20 -0800] "GET /index.php?title=Special:UserLogin&returnto=Resume&returntoquery=diff=cur%26oldid=554&printable=yes HTTP/1.1" 200 13064 "-" "Mozilla/5.0 (compatible; MJ12bot/v1.4.8; http://mj12bot.com/)"
5.9.138.189 - - [07/Feb/2020:12:57:23 -0800] "GET /index.php?title=Special:UserLogin&returnto=Resume&returntoquery=diff=cur%26oldid=555&printable=yes HTTP/1.1" 200 13064 "-" "Mozilla/5.0 (compatible; MJ12bot/v1.4.8; http://mj12bot.com/)"
148.251.9.145 - - [07/Feb/2020:12:57:23 -0800] "GET /index.php?title=Special:CreateAccount&returnto=Resume&returntoquery=action=edit%26oldid=566&printable=yes HTTP/1.1" 200 10501 "-" "Mozilla/5.0 (compatible; MJ12bot/v1.4.8; http://mj12bot.com/)"
5.9.138.189 - - [07/Feb/2020:12:57:27 -0800] "GET /index.php?title=Special:UserLogin&returnto=Resume&returntoquery=diff=cur%26oldid=556&printable=yes HTTP/1.1" 200 13063 "-" "Mozilla/5.0 (compatible; MJ12bot/v1.4.8; http://mj12bot.com/)"
5.9.138.189 - - [07/Feb/2020:12:57:30 -0800] "GET /index.php?title=Special:UserLogin&returnto=Resume&returntoquery=diff=cur%26oldid=558&printable=yes HTTP/1.1" 200 13063 "-" "Mozilla/5.0 (compatible; MJ12bot/v1.4.8; http://mj12bot.com/)"
5.9.138.189 - - [07/Feb/2020:12:57:32 -0800] "GET /index.php?title=Special:UserLogin&returnto=Resume&returntoquery=diff=cur%26oldid=559&printable=yes HTTP/1.1" 200 13063 "-" "Mozilla/5.0 (compatible; MJ12bot/v1.4.8; http://mj12bot.com/)"
5.9.138.189 - - [07/Feb/2020:12:57:35 -0800] "GET /index.php?title=Special:UserLogin&returnto=Resume&returntoquery=diff=cur%26oldid=560 HTTP/1.1" 200 13325 "-" "Mozilla/5.0 (compatible; MJ12bot/v1.4.8; http://mj12bot.com/)"
148.251.9.145 - - [07/Feb/2020:12:57:35 -0800] "GET /index.php?title=Special:CreateAccount&returnto=Resume&returntoquery=action=edit%26oldid=567 HTTP/1.1" 200 10769 "-" "Mozilla/5.0 (compatible; MJ12bot/v1.4.8; http://mj12bot.com/)"
5.9.138.189 - - [07/Feb/2020:12:57:39 -0800] "GET /index.php?title=Special:UserLogin&returnto=Resume&returntoquery=diff=cur%26oldid=560&printable=yes HTTP/1.1" 200 13064 "-" "Mozilla/5.0 (compatible; MJ12bot/v1.4.8; http://mj12bot.com/)"
5.9.138.189 - - [07/Feb/2020:12:57:42 -0800] "GET /index.php?title=Special:UserLogin&returnto=Resume&returntoquery=diff=cur%26oldid=561 HTTP/1.1" 200 13326 "-" "Mozilla/5.0 (compatible; MJ12bot/v1.4.8; http://mj12bot.com/)"
148.251.9.145 - - [07/Feb/2020:12:57:44 -0800] "GET /index.php?title=Special:CreateAccount&returnto=Resume&returntoquery=action=edit%26oldid=567&printable=yes HTTP/1.1" 200 10500 "-" "Mozilla/5.0 (compatible; MJ12bot/v1.4.8; http://mj12bot.com/)"
5.9.138.189 - - [07/Feb/2020:12:57:46 -0800] "GET /index.php?title=Special:UserLogin&returnto=Resume&returntoquery=diff=cur%26oldid=561&printable=yes HTTP/1.1" 200 13063 "-" "Mozilla/5.0 (compatible; MJ12bot/v1.4.8; http://mj12bot.com/)"
46.229.168.135 - - [07/Feb/2020:12:57:46 -0800] "GET /index.php?printable=yes&returnto=SMS%2FMMS&returntoquery=curid%3D66%26diff%3D0%26oldid%3D666&title=Special%3AUserLogin HTTP/1.1" 200 13090 "-" "Mozilla/5.0 (compatible; SemrushBot/6~bl; +http://www.semrush.com/bot.html)"
5.9.138.189 - - [07/Feb/2020:12:57:50 -0800] "GET /index.php?title=Special:UserLogin&returnto=Resume&returntoquery=diff=cur%26oldid=562 HTTP/1.1" 200 13326 "-" "Mozilla/5.0 (compatible; MJ12bot/v1.4.8; http://mj12bot.com/)"
5.9.138.189 - - [07/Feb/2020:12:57:53 -0800] "GET /index.php?title=Special:UserLogin&returnto=Resume&returntoquery=diff=cur%26oldid=562&printable=yes HTTP/1.1" 200 13064 "-" "Mozilla/5.0 (compatible; MJ12bot/v1.4.8; http://mj12bot.com/)"
46.229.168.135 - - [07/Feb/2020:12:57:53 -0800] "GET /index.php?hideredirs=1&hidetrans=1&limit=500&title=Special%3AWhatLinksHere%2FObject_identifiers_%28OID%29 HTTP/1.1" 200 17200 "-" "Mozilla/5.0 (compatible; SemrushBot/6~bl; +http://www.semrush.com/bot.html)"
148.251.9.145 - - [07/Feb/2020:12:57:53 -0800] "GET /index.php?title=Special:CreateAccount&returnto=Resume&returntoquery=action=edit%26oldid=568 HTTP/1.1" 200 10770 "-" "Mozilla/5.0 (compatible; MJ12bot/v1.4.8; http://mj12bot.com/)"
216.244.66.231 - - [07/Feb/2020:12:57:53 -0800] "GET /index.php?title=RS.CO-4&direction=prev&oldid=10590 HTTP/1.1" 200 17238 "-" "Mozilla/5.0 (compatible; DotBot/1.1; http://www.opensiteexplorer.org/dotbot, help@moz.com)"
5.9.138.189 - - [07/Feb/2020:12:57:57 -0800] "GET /index.php?title=Special:UserLogin&returnto=Resume&returntoquery=diff=cur%26oldid=563&printable=yes HTTP/1.1" 200 13063 "-" "Mozilla/5.0 (compatible; MJ12bot/v1.4.8; http://mj12bot.com/)"
46.229.168.145 - - [07/Feb/2020:12:57:56 -0800] "GET /index.php?returnto=-Intranet&title=Special%3ACreateAccount HTTP/1.1" 200 10684 "-" "Mozilla/5.0 (compatible; SemrushBot/6~bl; +http://www.semrush.com/bot.html)"
5.9.138.189 - - [07/Feb/2020:12:58:00 -0800] "GET /index.php?title=Special:UserLogin&returnto=Resume&returntoquery=diff=cur%26oldid=564&printable=yes HTTP/1.1" 200 13063 "-" "Mozilla/5.0 (compatible; MJ12bot/v1.4.8; http://mj12bot.com/)"
148.251.9.145 - - [07/Feb/2020:12:58:00 -0800] "GET /index.php?title=Special:CreateAccount&returnto=Resume&returntoquery=action=edit%26oldid=568&printable=yes HTTP/1.1" 200 10500 "-" "Mozilla/5.0 (compatible; MJ12bot/v1.4.8; http://mj12bot.com/)"
5.9.138.189 - - [07/Feb/2020:12:58:03 -0800] "GET /index.php?title=Special:UserLogin&returnto=Resume&returntoquery=diff=cur%26oldid=565 HTTP/1.1" 200 13326 "-" "Mozilla/5.0 (compatible; MJ12bot/v1.4.8; http://mj12bot.com/)"
5.9.138.189 - - [07/Feb/2020:12:58:06 -0800] "GET /index.php?title=Special:UserLogin&returnto=Resume&returntoquery=diff=cur%26oldid=565&printable=yes HTTP/1.1" 200 13063 "-" "Mozilla/5.0 (compatible; MJ12bot/v1.4.8; http://mj12bot.com/)"
5.9.138.189 - - [07/Feb/2020:12:58:08 -0800] "GET /index.php?title=Special:UserLogin&returnto=Resume&returntoquery=diff=cur%26oldid=566 HTTP/1.1" 200 13326 "-" "Mozilla/5.0 (compatible; MJ12bot/v1.4.8; http://mj12bot.com/)"
5.9.138.189 - - [07/Feb/2020:12:58:11 -0800] "GET /index.php?title=Special:UserLogin&returnto=Resume&returntoquery=diff=cur%26oldid=566&printable=yes HTTP/1.1" 200 13065 "-" "Mozilla/5.0 (compatible; MJ12bot/v1.4.8; http://mj12bot.com/)"
46.229.168.148 - - [07/Feb/2020:12:58:12 -0800] "GET /index.php?fulltext=1&profile=images&search=User%2Baccount&title=Special%3ASearch HTTP/1.1" 200 15076 "-" "Mozilla/5.0 (compatible; SemrushBot/6~bl; +http://www.semrush.com/bot.html)"
148.251.9.145 - - [07/Feb/2020:12:58:11 -0800] "GET /index.php?title=Special:CreateAccount&returnto=Resume&returntoquery=action=edit%26oldid=569 HTTP/1.1" 200 10771 "-" "Mozilla/5.0 (compatible; MJ12bot/v1.4.8; http://mj12bot.com/)"
5.9.138.189 - - [07/Feb/2020:12:58:24 -0800] "GET /index.php?title=Special:UserLogin&returnto=Resume&returntoquery=diff=cur%26oldid=567 HTTP/1.1" 200 13327 "-" "Mozilla/5.0 (compatible; MJ12bot/v1.4.8; http://mj12bot.com/)"
148.251.9.145 - - [07/Feb/2020:12:58:30 -0800] "GET /index.php?title=Special:CreateAccount&returnto=Resume&returntoquery=action=edit%26oldid=569&printable=yes HTTP/1.1" 200 10502 "-" "Mozilla/5.0 (compatible; MJ12bot/v1.4.8; http://mj12bot.com/)"
46.229.168.134 - - [07/Feb/2020:12:58:52 -0800] "GET /index.php?returnto=Special%3AWhatLinksHere%2FPCI-DSS-3.6.1&returntoquery=hidelinks%3D1&title=Special%3ACreateAccount HTTP/1.1" 200 10807 "-" "Mozilla/5.0 (compatible; SemrushBot/6~bl; +http://www.semrush.com/bot.html)"
148.251.9.145 - - [07/Feb/2020:12:58:57 -0800] "GET /index.php?title=Special:CreateAccount&returnto=Resume&returntoquery=action=edit%26oldid=570 HTTP/1.1" 200 10769 "-" "Mozilla/5.0 (compatible; MJ12bot/v1.4.8; http://mj12bot.com/)"
46.229.168.133 - - [07/Feb/2020:12:58:57 -0800] "GET /index.php?returnto=CSC-12.1&returntoquery=diff%3Dprev%26oldid%3D3592&title=Special%3ACreateAccount HTTP/1.1" 200 10771 "-" "Mozilla/5.0 (compatible; SemrushBot/6~bl; +http://www.semrush.com/bot.html)"
5.9.138.189 - - [07/Feb/2020:12:59:04 -0800] "GET /index.php?title=Special:UserLogin&returnto=Resume&returntoquery=diff=cur%26oldid=567&printable=yes HTTP/1.1" 200 13064 "-" "Mozilla/5.0 (compatible; MJ12bot/v1.4.8; http://mj12bot.com/)"
148.251.9.145 - - [07/Feb/2020:12:59:05 -0800] "GET /index.php?title=Special:CreateAccount&returnto=Resume&returntoquery=action=edit%26oldid=570&printable=yes HTTP/1.1" 200 10501 "-" "Mozilla/5.0 (compatible; MJ12bot/v1.4.8; http://mj12bot.com/)"
148.251.9.145 - - [07/Feb/2020:12:59:21 -0800] "GET /index.php?title=Special:CreateAccount&returnto=Resume&returntoquery=action=edit%26oldid=571 HTTP/1.1" 200 10770 "-" "Mozilla/5.0 (compatible; MJ12bot/v1.4.8; http://mj12bot.com/)"
46.229.168.150 - - [07/Feb/2020:12:59:31 -0800] "GET /index.php?printable=yes&returnto=Resume&returntoquery=diff%3Dprev%26oldid%3D408&title=Special%3ACreateAccount HTTP/1.1" 200 10498 "-" "Mozilla/5.0 (compatible; SemrushBot/6~bl; +http://www.semrush.com/bot.html)"
148.251.9.145 - - [07/Feb/2020:12:59:32 -0800] "GET /index.php?title=Special:CreateAccount&returnto=Resume&returntoquery=action=edit%26oldid=571&printable=yes HTTP/1.1" 200 10500 "-" "Mozilla/5.0 (compatible; MJ12bot/v1.4.8; http://mj12bot.com/)"
148.251.9.145 - - [07/Feb/2020:12:59:41 -0800] "GET /index.php?title=Special:CreateAccount&returnto=Resume&returntoquery=action=edit%26oldid=572 HTTP/1.1" 200 10769 "-" "Mozilla/5.0 (compatible; MJ12bot/v1.4.8; http://mj12bot.com/)"
46.229.168.147 - - [07/Feb/2020:12:59:50 -0800] "GET /index.php?returnto=CSC-13.5&returntoquery=oldid%3D3534&title=Special%3AUserLogin HTTP/1.1" 200 13296 "-" "Mozilla/5.0 (compatible; SemrushBot/6~bl; +http://www.semrush.com/bot.html)"
148.251.9.145 - - [07/Feb/2020:12:59:53 -0800] "GET /index.php?title=Special:CreateAccount&returnto=Resume&returntoquery=action=edit%26oldid=572&printable=yes HTTP/1.1" 200 10500 "-" "Mozilla/5.0 (compatible; MJ12bot/v1.4.8; http://mj12bot.com/)"
148.251.9.145 - - [07/Feb/2020:13:00:03 -0800] "GET /index.php?title=Special:CreateAccount&returnto=Resume&returntoquery=action=edit%26oldid=573 HTTP/1.1" 200 10769 "-" "Mozilla/5.0 (compatible; MJ12bot/v1.4.8; http://mj12bot.com/)"
46.229.168.133 - - [07/Feb/2020:13:00:06 -0800] "GET /index.php?printable=yes&returnto=Digital%2Bcameras&returntoquery=action%3Dinfo&title=Special%3AUserLogin HTTP/1.1" 200 13064 "-" "Mozilla/5.0 (compatible; SemrushBot/6~bl; +http://www.semrush.com/bot.html)"
148.251.9.145 - - [07/Feb/2020:13:00:11 -0800] "GET /index.php?title=Special:CreateAccount&returnto=Resume&returntoquery=action=edit%26oldid=573&printable=yes HTTP/1.1" 200 10500 "-" "Mozilla/5.0 (compatible; MJ12bot/v1.4.8; http://mj12bot.com/)"
148.251.9.145 - - [07/Feb/2020:13:00:20 -0800] "GET /index.php?title=Special:CreateAccount&returnto=Resume&returntoquery=action=edit%26oldid=574 HTTP/1.1" 200 10770 "-" "Mozilla/5.0 (compatible; MJ12bot/v1.4.8; http://mj12bot.com/)"
148.251.9.145 - - [07/Feb/2020:13:00:30 -0800] "GET /index.php?title=Special:CreateAccount&returnto=Resume&returntoquery=action=edit%26oldid=574&printable=yes HTTP/1.1" 200 10501 "-" "Mozilla/5.0 (compatible; MJ12bot/v1.4.8; http://mj12bot.com/)"
148.251.9.145 - - [07/Feb/2020:13:00:44 -0800] "GET /index.php?title=Special:CreateAccount&returnto=Resume&returntoquery=action=edit%26oldid=575 HTTP/1.1" 200 10770 "-" "Mozilla/5.0 (compatible; MJ12bot/v1.4.8; http://mj12bot.com/)"
148.251.9.145 - - [07/Feb/2020:13:00:54 -0800] "GET /index.php?title=Special:CreateAccount&returnto=Resume&returntoquery=action=edit%26oldid=576 HTTP/1.1" 200 10770 "-" "Mozilla/5.0 (compatible; MJ12bot/v1.4.8; http://mj12bot.com/)"
148.251.9.145 - - [07/Feb/2020:13:01:04 -0800] "GET /index.php?title=Special:CreateAccount&returnto=Resume&returntoquery=action=edit%26oldid=576&printable=yes HTTP/1.1" 200 10500 "-" "Mozilla/5.0 (compatible; MJ12bot/v1.4.8; http://mj12bot.com/)"
46.229.168.163 - - [07/Feb/2020:13:01:06 -0800] "GET /index.php?hidelinks=1&limit=500&printable=yes&title=Special%3AWhatLinksHere%2F3704.6.1 HTTP/1.1" 404 14181 "-" "Mozilla/5.0 (compatible; SemrushBot/6~bl; +http://www.semrush.com/bot.html)"
148.251.9.145 - - [07/Feb/2020:13:01:12 -0800] "GET /index.php?title=Special:CreateAccount&returnto=Resume&returntoquery=action=edit%26oldid=577 HTTP/1.1" 200 10770 "-" "Mozilla/5.0 (compatible; MJ12bot/v1.4.8; http://mj12bot.com/)"
148.251.9.145 - - [07/Feb/2020:13:01:18 -0800] "GET /index.php?title=Special:CreateAccount&returnto=Resume&returntoquery=action=edit%26oldid=577&printable=yes HTTP/1.1" 200 10501 "-" "Mozilla/5.0 (compatible; MJ12bot/v1.4.8; http://mj12bot.com/)"
46.229.168.146 - - [07/Feb/2020:13:01:21 -0800] "GET /index.php?returnto=Special%3ARecentChanges&returntoquery=from%3D20190930230000%26hideliu%3D1%26hideminor%3D1%26limit%3D500&title=Special%3ACreateAccount HTTP/1.1" 200 10879 "-" "Mozilla/5.0 (compatible; SemrushBot/6~bl; +http://www.semrush.com/bot.html)"
148.251.9.145 - - [07/Feb/2020:13:01:37 -0800] "GET /index.php?title=Special:CreateAccount&returnto=Resume&returntoquery=action=edit%26oldid=578&printable=yes HTTP/1.1" 200 10501 "-" "Mozilla/5.0 (compatible; MJ12bot/v1.4.8; http://mj12bot.com/)"
46.229.168.140 - - [07/Feb/2020:13:01:45 -0800] "GET /index.php?printable=yes&returnto=PCI-DSS-5&returntoquery=diff%3Dprev%26oldid%3D2826&title=Special%3ACreateAccount HTTP/1.1" 200 10502 "-" "Mozilla/5.0 (compatible; SemrushBot/6~bl; +http://www.semrush.com/bot.html)"
148.251.9.145 - - [07/Feb/2020:13:01:53 -0800] "GET /index.php?title=Special:CreateAccount&returnto=Resume&returntoquery=action=edit%26oldid=579 HTTP/1.1" 200 10770 "-" "Mozilla/5.0 (compatible; MJ12bot/v1.4.8; http://mj12bot.com/)"
46.229.168.133 - - [07/Feb/2020:13:01:54 -0800] "GET /index.php?printable=yes&returnto=Special%3AWhatLinksHere%2FIntegrity&returntoquery=hidelinks%3D1&title=Special%3AUserLogin HTTP/1.1" 200 13096 "-" "Mozilla/5.0 (compatible; SemrushBot/6~bl; +http://www.semrush.com/bot.html)"
148.251.9.145 - - [07/Feb/2020:13:02:04 -0800] "GET /index.php?title=Special:CreateAccount&returnto=Resume&returntoquery=action=edit%26oldid=579&printable=yes HTTP/1.1" 200 10501 "-" "Mozilla/5.0 (compatible; MJ12bot/v1.4.8; http://mj12bot.com/)"
148.251.9.145 - - [07/Feb/2020:13:02:12 -0800] "GET /index.php?title=Special:CreateAccount&returnto=Resume&returntoquery=action=edit%26oldid=580 HTTP/1.1" 200 10770 "-" "Mozilla/5.0 (compatible; MJ12bot/v1.4.8; http://mj12bot.com/)"
46.229.168.162 - - [07/Feb/2020:13:02:15 -0800] "GET /index.php?returnto=CSC-5&returntoquery=diff%3Dcur%26oldid%3D1095&title=Special%3AUserLogin HTTP/1.1" 200 13326 "-" "Mozilla/5.0 (compatible; SemrushBot/6~bl; +http://www.semrush.com/bot.html)"
46.229.168.163 - - [07/Feb/2020:13:02:33 -0800] "GET /index.php?returnto=Special%3ALog&returntoquery=page%3DSocial%252Bengineering%26printable%3Dyes&title=Special%3ACreateAccount HTTP/1.1" 200 10824 "-" "Mozilla/5.0 (compatible; SemrushBot/6~bl; +http://www.semrush.com/bot.html)"
148.251.9.145 - - [07/Feb/2020:13:02:19 -0800] "GET /index.php?title=Special:CreateAccount&returnto=Resume&returntoquery=action=edit%26oldid=580&printable=yes HTTP/1.1" 200 10502 "-" "Mozilla/5.0 (compatible; MJ12bot/v1.4.8; http://mj12bot.com/)"
148.251.9.145 - - [07/Feb/2020:13:02:46 -0800] "GET /index.php?title=Special:CreateAccount&returnto=Resume&returntoquery=action=edit%26oldid=581 HTTP/1.1" 200 10770 "-" "Mozilla/5.0 (compatible; MJ12bot/v1.4.8; http://mj12bot.com/)"
148.251.9.145 - - [07/Feb/2020:13:02:58 -0800] "GET /index.php?title=Special:CreateAccount&returnto=Resume&returntoquery=action=edit%26oldid=581&printable=yes HTTP/1.1" 200 10500 "-" "Mozilla/5.0 (compatible; MJ12bot/v1.4.8; http://mj12bot.com/)"
148.251.9.145 - - [07/Feb/2020:13:03:07 -0800] "GET /index.php?title=Special:CreateAccount&returnto=Resume&returntoquery=action=edit%26oldid=582 HTTP/1.1" 200 10769 "-" "Mozilla/5.0 (compatible; MJ12bot/v1.4.8; http://mj12bot.com/)"
148.251.9.145 - - [07/Feb/2020:13:03:15 -0800] "GET /index.php?title=Special:CreateAccount&returnto=Resume&returntoquery=action=edit%26oldid=582&printable=yes HTTP/1.1" 200 10501 "-" "Mozilla/5.0 (compatible; MJ12bot/v1.4.8; http://mj12bot.com/)"
148.251.9.145 - - [07/Feb/2020:13:03:21 -0800] "GET /index.php?title=Special:CreateAccount&returnto=Resume&returntoquery=action=edit%26oldid=583 HTTP/1.1" 200 10770 "-" "Mozilla/5.0 (compatible; MJ12bot/v1.4.8; http://mj12bot.com/)"
148.251.9.145 - - [07/Feb/2020:13:03:30 -0800] "GET /index.php?title=Special:CreateAccount&returnto=Resume&returntoquery=action=edit%26oldid=583&printable=yes HTTP/1.1" 200 10501 "-" "Mozilla/5.0 (compatible; MJ12bot/v1.4.8; http://mj12bot.com/)"
46.229.168.135 - - [07/Feb/2020:13:03:35 -0800] "GET /index.php?fulltext=1&profile=advanced&search=Other%2BSkills&title=Special%3ASearch HTTP/1.1" 200 21461 "-" "Mozilla/5.0 (compatible; SemrushBot/6~bl; +http://www.semrush.com/bot.html)"
148.251.9.145 - - [07/Feb/2020:13:03:37 -0800] "GET /index.php?title=Special:CreateAccount&returnto=Resume&returntoquery=action=edit%26oldid=584 HTTP/1.1" 200 10769 "-" "Mozilla/5.0 (compatible; MJ12bot/v1.4.8; http://mj12bot.com/)"
46.229.168.153 - - [07/Feb/2020:13:03:40 -0800] "GET /index.php?printable=yes&returnto=PR.IP-1&returntoquery=oldid%3D1593&title=Special%3ACreateAccount HTTP/1.1" 200 10486 "-" "Mozilla/5.0 (compatible; SemrushBot/6~bl; +http://www.semrush.com/bot.html)"
148.251.9.145 - - [07/Feb/2020:13:03:45 -0800] "GET /index.php?title=Special:CreateAccount&returnto=Resume&returntoquery=action=edit%26oldid=584&printable=yes HTTP/1.1" 200 10500 "-" "Mozilla/5.0 (compatible; MJ12bot/v1.4.8; http://mj12bot.com/)"
46.229.168.140 - - [07/Feb/2020:13:03:52 -0800] "GET /index.php?diff=2133&oldid=1403&title=ID.SC-4 HTTP/1.1" 200 19898 "-" "Mozilla/5.0 (compatible; SemrushBot/6~bl; +http://www.semrush.com/bot.html)"
