46.229.168.138 - - [07/Feb/2020:12:13:35 -0800] "GET /index.php?id=5289&page=ID.RM-3&title=Special%3ACiteThisPage HTTP/1.1" 200 16106 "-" "Mozilla/5.0 (compatible; SemrushBot/6~bl; +http://www.semrush.com/bot.html)"
174.7.115.156 - - [07/Feb/2020:12:13:52 -0800] "GET /logs/access.log HTTP/1.1" 206 1 "-" "Mozilla/5.0 (Windows NT 10.0; Win64; x64) AppleWebKit/537.36 (KHTML, like Gecko) Chrome/79.0.3945.130 Safari/537.36"
174.7.115.156 - - [07/Feb/2020:12:13:52 -0800] "GET /logs/access.log HTTP/1.1" 206 53150403 "-" "Mozilla/5.0 (Windows NT 10.0; Win64; x64) AppleWebKit/537.36 (KHTML, like Gecko) Chrome/79.0.3945.130 Safari/537.36"
46.229.168.150 - - [07/Feb/2020:12:14:00 -0800] "GET /index.php?hidelinks=1&printable=yes&title=Special%3AWhatLinksHere%2FCSC-7.7 HTTP/1.1" 200 16191 "-" "Mozilla/5.0 (compatible; SemrushBot/6~bl; +http://www.semrush.com/bot.html)"
46.229.168.145 - - [07/Feb/2020:12:14:16 -0800] "GET /index.php?printable=yes&returnto=Special%3ARecentChanges&returntoquery=days%3D3%26hidebots%3D0%26hideliu%3D1%26hideminor%3D0%26hidemyself%3D1%26limit%3D250&title=Special%3AUserLogin HTTP/1.1" 200 13216 "-" "Mozilla/5.0 (compatible; SemrushBot/6~bl; +http://www.semrush.com/bot.html)"
46.229.168.132 - - [07/Feb/2020:12:14:58 -0800] "GET /index.php?diff=next&oldid=3933&title=CSC-13.2 HTTP/1.1" 200 12201 "-" "Mozilla/5.0 (compatible; SemrushBot/6~bl; +http://www.semrush.com/bot.html)"
46.229.168.138 - - [07/Feb/2020:12:15:03 -0800] "GET /index.php?limit=500&title=Special%3AWhatLinksHere%2FCSC-12.1 HTTP/1.1" 200 16599 "-" "Mozilla/5.0 (compatible; SemrushBot/6~bl; +http://www.semrush.com/bot.html)"
46.229.168.134 - - [07/Feb/2020:12:15:38 -0800] "GET /index.php?printable=yes&returnto=Special%3ARecentChanges&returntoquery=hideliu%3D0%26limit%3D250%26tagfilter%3Dmw-rollback&title=Special%3ACreateAccount HTTP/1.1" 200 10542 "-" "Mozilla/5.0 (compatible; SemrushBot/6~bl; +http://www.semrush.com/bot.html)"
46.229.168.162 - - [07/Feb/2020:12:16:23 -0800] "GET /index.php?limit=20&offset&title=Special%3ALog%2FDelete_page_script&type&user=Delete%2Bpage%2Bscript HTTP/1.1" 200 46966 "-" "Mozilla/5.0 (compatible; SemrushBot/6~bl; +http://www.semrush.com/bot.html)"
46.229.168.137 - - [07/Feb/2020:12:16:29 -0800] "GET /index.php?returnto=Special%3AWhatLinksHere%2FIdentification%2Bof%2Bcritical%2Bsystems&returntoquery=hideredirs%3D1%26limit%3D50&title=Special%3ACreateAccount HTTP/1.1" 200 10889 "-" "Mozilla/5.0 (compatible; SemrushBot/6~bl; +http://www.semrush.com/bot.html)"
46.229.168.138 - - [07/Feb/2020:12:16:59 -0800] "GET /index.php?action=edit&redlink=1&title=Category%3ACSC-18 HTTP/1.1" 302 - "-" "Mozilla/5.0 (compatible; SemrushBot/6~bl; +http://www.semrush.com/bot.html)"
46.229.168.136 - - [07/Feb/2020:12:17:03 -0800] "GET /Category:CSC-18 HTTP/1.1" 200 12920 "-" "Mozilla/5.0 (compatible; SemrushBot/6~bl; +http://www.semrush.com/bot.html)"
46.229.168.141 - - [07/Feb/2020:12:17:12 -0800] "GET /index.php?action=history&title=PCI-DSS-11 HTTP/1.1" 200 21307 "-" "Mozilla/5.0 (compatible; SemrushBot/6~bl; +http://www.semrush.com/bot.html)"
46.229.168.138 - - [07/Feb/2020:12:17:21 -0800] "GET /index.php?days=30&hidebots=0&hideminor=1&limit=250&title=Special%3ARecentChanges&userExpLevel=unregistered HTTP/1.1" 404 29520 "-" "Mozilla/5.0 (compatible; SemrushBot/6~bl; +http://www.semrush.com/bot.html)"
46.229.168.129 - - [07/Feb/2020:12:17:43 -0800] "GET /index.php?printable=yes&returnto=Sensors&returntoquery=action%3Dinfo&title=Special%3ACreateAccount HTTP/1.1" 200 10487 "-" "Mozilla/5.0 (compatible; SemrushBot/6~bl; +http://www.semrush.com/bot.html)"
46.229.168.134 - - [07/Feb/2020:12:18:01 -0800] "GET /index.php?returnto=Denial%2Bof%2Bservice&returntoquery=action%3Dedit%26oldid%3D867&title=Special%3AUserLogin HTTP/1.1" 200 13380 "-" "Mozilla/5.0 (compatible; SemrushBot/6~bl; +http://www.semrush.com/bot.html)"
46.229.168.151 - - [07/Feb/2020:12:18:04 -0800] "GET /index.php?returnto=CSC-2&returntoquery=oldid%3D950&title=Special%3AUserLogin HTTP/1.1" 200 13283 "-" "Mozilla/5.0 (compatible; SemrushBot/6~bl; +http://www.semrush.com/bot.html)"
46.229.168.151 - - [07/Feb/2020:12:18:19 -0800] "GET /index.php?hidelinks=1&hideredirs=1&hidetrans=1&title=Special%3AWhatLinksHere%2FTalk%3AOutput_Encoding HTTP/1.1" 404 14717 "-" "Mozilla/5.0 (compatible; SemrushBot/6~bl; +http://www.semrush.com/bot.html)"
46.229.168.147 - - [07/Feb/2020:12:18:45 -0800] "GET /index.php?returnto=CSC-12.11&returntoquery=action%3Dhistory&title=Special%3ACreateAccount HTTP/1.1" 200 10753 "-" "Mozilla/5.0 (compatible; SemrushBot/6~bl; +http://www.semrush.com/bot.html)"
46.229.168.153 - - [07/Feb/2020:12:19:48 -0800] "GET /robots.txt HTTP/1.1" 301 - "-" "Mozilla/5.0 (compatible; SemrushBot/6~bl; +http://www.semrush.com/bot.html)"
46.229.168.129 - - [07/Feb/2020:12:19:49 -0800] "GET /Robots.txt HTTP/1.1" 404 11923 "-" "Mozilla/5.0 (compatible; SemrushBot/6~bl; +http://www.semrush.com/bot.html)"
46.229.168.143 - - [07/Feb/2020:12:19:51 -0800] "GET /index.php?curid=702&diff=5816&oldid=5586&title=CSC-7.1 HTTP/1.1" 400 10735 "-" "Mozilla/5.0 (compatible; SemrushBot/6~bl; +http://www.semrush.com/bot.html)"
46.229.168.140 - - [07/Feb/2020:12:20:02 -0800] "GET /index.php?days=1&hidebots=0&hidemyself=1&title=Special%3ARecentChanges&userExpLevel=registered HTTP/1.1" 404 29254 "-" "Mozilla/5.0 (compatible; SemrushBot/6~bl; +http://www.semrush.com/bot.html)"
46.229.168.150 - - [07/Feb/2020:12:20:21 -0800] "GET /index.php?returnto=Main%2BPage&returntoquery=diff%3Dprev%26oldid%3D650&title=Special%3ACreateAccount HTTP/1.1" 200 10775 "-" "Mozilla/5.0 (compatible; SemrushBot/6~bl; +http://www.semrush.com/bot.html)"
46.229.168.150 - - [07/Feb/2020:12:20:48 -0800] "GET /index.php?returnto=Special%3AWhatLinksHere%2FTalk%3AGeneral%2Bsecurity%2Bpolicies&returntoquery=printable%3Dyes&title=Special%3ACreateAccount HTTP/1.1" 200 10857 "-" "Mozilla/5.0 (compatible; SemrushBot/6~bl; +http://www.semrush.com/bot.html)"
46.229.168.148 - - [07/Feb/2020:12:21:30 -0800] "GET /index.php?curid=1083&diff=5009&oldid=4902&title=PCI-DSS-6.5.10 HTTP/1.1" 200 21167 "-" "Mozilla/5.0 (compatible; SemrushBot/6~bl; +http://www.semrush.com/bot.html)"
46.229.168.148 - - [07/Feb/2020:12:21:51 -0800] "GET /index.php?hidetrans=1&limit=50&printable=yes&title=Special%3AWhatLinksHere%2FTACACS%2B HTTP/1.1" 200 15892 "-" "Mozilla/5.0 (compatible; SemrushBot/6~bl; +http://www.semrush.com/bot.html)"
46.229.168.130 - - [07/Feb/2020:12:22:19 -0800] "GET /index.php?printable=yes&target=DE.DP-4&title=Special%3AWhatLinksHere HTTP/1.1" 200 15912 "-" "Mozilla/5.0 (compatible; SemrushBot/6~bl; +http://www.semrush.com/bot.html)"
46.229.168.142 - - [07/Feb/2020:12:22:45 -0800] "GET /index.php?returnto=PCI-DSS-8.7&returntoquery=diff%3Dnext%26oldid%3D4970&title=Special%3AUserLogin HTTP/1.1" 200 13346 "-" "Mozilla/5.0 (compatible; SemrushBot/6~bl; +http://www.semrush.com/bot.html)"
46.229.168.146 - - [07/Feb/2020:12:23:01 -0800] "GET /index.php?limit=250&title=Special%3AWhatLinksHere%2FAdverse_actions HTTP/1.1" 200 16237 "-" "Mozilla/5.0 (compatible; SemrushBot/6~bl; +http://www.semrush.com/bot.html)"
46.229.168.161 - - [07/Feb/2020:12:23:42 -0800] "GET /index.php?limit=500&offset=0&profile=default&search=PCI-DSS-11.1.0&title=Special%3ASearch HTTP/1.1" 200 149944 "-" "Mozilla/5.0 (compatible; SemrushBot/6~bl; +http://www.semrush.com/bot.html)"
46.229.168.161 - - [07/Feb/2020:12:23:50 -0800] "GET /index.php?diff=2121&oldid=1619&title=DE.DP-2 HTTP/1.1" 200 19770 "-" "Mozilla/5.0 (compatible; SemrushBot/6~bl; +http://www.semrush.com/bot.html)"
46.229.168.129 - - [07/Feb/2020:12:23:57 -0800] "GET /index.php?days=30&from=20191002071714&hidebots=0&hideminor=1&hidemyself=1&limit=250&title=Special%3ARecentChanges HTTP/1.1" 200 39592 "-" "Mozilla/5.0 (compatible; SemrushBot/6~bl; +http://www.semrush.com/bot.html)"
46.229.168.143 - - [07/Feb/2020:12:24:01 -0800] "GET /index.php?returnto=Special%3ARecentChanges&returntoquery=days%3D30%26from%3D20191003090229%26hidebots%3D0%26hideminor%3D1%26hidemyself%3D1&title=Special%3ACreateAccount HTTP/1.1" 200 10912 "-" "Mozilla/5.0 (compatible; SemrushBot/6~bl; +http://www.semrush.com/bot.html)"
46.229.168.151 - - [07/Feb/2020:12:24:20 -0800] "GET /index.php?printable=yes&title=CSC-6.7 HTTP/1.1" 200 17694 "-" "Mozilla/5.0 (compatible; SemrushBot/6~bl; +http://www.semrush.com/bot.html)"
46.229.168.133 - - [07/Feb/2020:12:24:45 -0800] "GET /index.php?direction=next&oldid=911&title=CSC-2 HTTP/1.1" 200 20981 "-" "Mozilla/5.0 (compatible; SemrushBot/6~bl; +http://www.semrush.com/bot.html)"
80.82.70.206 - - [07/Feb/2020:12:25:17 -0800] "GET / HTTP/1.1" 302 - "-" "Mozilla/5.0 (compatible; MSIE 9.0; Windows NT 6.1; Trident/5.0)"
80.82.70.206 - - [07/Feb/2020:12:25:17 -0800] "GET /wp-login.php HTTP/1.1" 404 1060 "-" "Mozilla/5.0 (compatible; MSIE 9.0; Windows NT 6.1; Trident/5.0)"
80.82.70.206 - - [07/Feb/2020:12:25:18 -0800] "GET /blog/wp-login.php HTTP/1.1" 404 1060 "-" "Mozilla/5.0 (compatible; MSIE 9.0; Windows NT 6.1; Trident/5.0)"
80.82.70.206 - - [07/Feb/2020:12:25:18 -0800] "GET /blogs/wp-login.php HTTP/1.1" 404 1060 "-" "Mozilla/5.0 (compatible; MSIE 9.0; Windows NT 6.1; Trident/5.0)"
80.82.70.206 - - [07/Feb/2020:12:25:18 -0800] "GET /home/wp-login.php HTTP/1.1" 404 1060 "-" "Mozilla/5.0 (compatible; MSIE 9.0; Windows NT 6.1; Trident/5.0)"
80.82.70.206 - - [07/Feb/2020:12:25:18 -0800] "GET /wordpress/wp-login.php HTTP/1.1" 404 1060 "-" "Mozilla/5.0 (compatible; MSIE 9.0; Windows NT 6.1; Trident/5.0)"
80.82.70.206 - - [07/Feb/2020:12:25:18 -0800] "GET /press/wp-login.php HTTP/1.1" 404 1060 "-" "Mozilla/5.0 (compatible; MSIE 9.0; Windows NT 6.1; Trident/5.0)"
35.247.29.77 - - [07/Feb/2020:12:25:23 -0800] "POST /wp/wp-cron.php?doing_wp_cron=1581107122.8794488906860351562500 HTTP/1.1" 200 - "http://stevenover.land/wp/wp-cron.php?doing_wp_cron=1581107122.8794488906860351562500" "WordPress/5.3; http://stevenover.land/wp"
80.82.70.206 - - [07/Feb/2020:12:25:19 -0800] "GET /wp/wp-login.php HTTP/1.1" 200 5045 "-" "Mozilla/5.0 (compatible; MSIE 9.0; Windows NT 6.1; Trident/5.0)"
80.82.70.206 - - [07/Feb/2020:12:25:24 -0800] "GET /wp/xmlrpc.php HTTP/1.1" 405 42 "-" "Mozilla/5.0 (compatible; MSIE 9.0; Windows NT 6.1; Trident/5.0)"
80.82.70.206 - - [07/Feb/2020:12:25:25 -0800] "GET /wp/?author=1 HTTP/1.1" 301 - "-" "Mozilla/5.0 (compatible; MSIE 9.0; Windows NT 6.1; Trident/5.0)"
80.82.70.206 - - [07/Feb/2020:12:25:26 -0800] "GET /wp/?author=2 HTTP/1.1" 404 57670 "-" "Mozilla/5.0 (compatible; MSIE 9.0; Windows NT 6.1; Trident/5.0)"
80.82.70.206 - - [07/Feb/2020:12:25:27 -0800] "GET /wp/?author=3 HTTP/1.1" 404 57670 "-" "Mozilla/5.0 (compatible; MSIE 9.0; Windows NT 6.1; Trident/5.0)"
80.82.70.206 - - [07/Feb/2020:12:25:28 -0800] "GET /wp/?author=4 HTTP/1.1" 404 57670 "-" "Mozilla/5.0 (compatible; MSIE 9.0; Windows NT 6.1; Trident/5.0)"
80.82.70.206 - - [07/Feb/2020:12:25:28 -0800] "POST /wp/wp-login.php HTTP/1.1" 200 6045 "-" "Mozilla/5.0 (Windows NT 6.1; WOW64; rv:18.0) Gecko/20100101 Firefox/18.0"
80.82.70.206 - - [07/Feb/2020:12:25:29 -0800] "POST /wp/wp-login.php HTTP/1.1" 200 6045 "-" "Mozilla/5.0 (Windows NT 6.1; WOW64; rv:18.0) Gecko/20100101 Firefox/18.0"
80.82.70.206 - - [07/Feb/2020:12:25:30 -0800] "POST /wp/wp-login.php HTTP/1.1" 200 6045 "-" "Mozilla/5.0 (Windows NT 6.1; WOW64; rv:18.0) Gecko/20100101 Firefox/18.0"
80.82.70.206 - - [07/Feb/2020:12:25:31 -0800] "POST /wp/wp-login.php HTTP/1.1" 200 6045 "-" "Mozilla/5.0 (Windows NT 6.1; WOW64; rv:18.0) Gecko/20100101 Firefox/18.0"
80.82.70.206 - - [07/Feb/2020:12:25:32 -0800] "POST /wp/wp-login.php HTTP/1.1" 200 6045 "-" "Mozilla/5.0 (Windows NT 6.1; WOW64; rv:18.0) Gecko/20100101 Firefox/18.0"
80.82.70.206 - - [07/Feb/2020:12:25:33 -0800] "POST /wp/wp-login.php HTTP/1.1" 200 6045 "-" "Mozilla/5.0 (Windows NT 6.1; WOW64; rv:18.0) Gecko/20100101 Firefox/18.0"
80.82.70.206 - - [07/Feb/2020:12:25:33 -0800] "POST /wp/wp-login.php HTTP/1.1" 200 6045 "-" "Mozilla/5.0 (Windows NT 6.1; WOW64; rv:18.0) Gecko/20100101 Firefox/18.0"
80.82.70.206 - - [07/Feb/2020:12:25:35 -0800] "POST /wp/wp-login.php HTTP/1.1" 200 6045 "-" "Mozilla/5.0 (Windows NT 6.1; WOW64; rv:18.0) Gecko/20100101 Firefox/18.0"
80.82.70.206 - - [07/Feb/2020:12:25:35 -0800] "POST /wp/wp-login.php HTTP/1.1" 200 6045 "-" "Mozilla/5.0 (Windows NT 6.1; WOW64; rv:18.0) Gecko/20100101 Firefox/18.0"
80.82.70.206 - - [07/Feb/2020:12:25:36 -0800] "POST /wp/wp-login.php HTTP/1.1" 200 6045 "-" "Mozilla/5.0 (Windows NT 6.1; WOW64; rv:18.0) Gecko/20100101 Firefox/18.0"
80.82.70.206 - - [07/Feb/2020:12:25:37 -0800] "POST /wp/wp-login.php HTTP/1.1" 200 6045 "-" "Mozilla/5.0 (Windows NT 6.1; WOW64; rv:18.0) Gecko/20100101 Firefox/18.0"
80.82.70.206 - - [07/Feb/2020:12:25:38 -0800] "POST /wp/wp-login.php HTTP/1.1" 200 6045 "-" "Mozilla/5.0 (Windows NT 6.1; WOW64; rv:18.0) Gecko/20100101 Firefox/18.0"
80.82.70.206 - - [07/Feb/2020:12:25:39 -0800] "POST /wp/wp-login.php HTTP/1.1" 200 6045 "-" "Mozilla/5.0 (Windows NT 6.1; WOW64; rv:18.0) Gecko/20100101 Firefox/18.0"
80.82.70.206 - - [07/Feb/2020:12:25:39 -0800] "POST /wp/wp-login.php HTTP/1.1" 200 6045 "-" "Mozilla/5.0 (Windows NT 6.1; WOW64; rv:18.0) Gecko/20100101 Firefox/18.0"
80.82.70.206 - - [07/Feb/2020:12:25:40 -0800] "POST /wp/wp-login.php HTTP/1.1" 200 6045 "-" "Mozilla/5.0 (Windows NT 6.1; WOW64; rv:18.0) Gecko/20100101 Firefox/18.0"
80.82.70.206 - - [07/Feb/2020:12:25:41 -0800] "POST /wp/wp-login.php HTTP/1.1" 200 6045 "-" "Mozilla/5.0 (Windows NT 6.1; WOW64; rv:18.0) Gecko/20100101 Firefox/18.0"
80.82.70.206 - - [07/Feb/2020:12:25:42 -0800] "POST /wp/wp-login.php HTTP/1.1" 200 6045 "-" "Mozilla/5.0 (Windows NT 6.1; WOW64; rv:18.0) Gecko/20100101 Firefox/18.0"
80.82.70.206 - - [07/Feb/2020:12:25:43 -0800] "POST /wp/wp-login.php HTTP/1.1" 200 6045 "-" "Mozilla/5.0 (Windows NT 6.1; WOW64; rv:18.0) Gecko/20100101 Firefox/18.0"
46.4.60.249 - - [07/Feb/2020:12:25:44 -0800] "GET /robots.txt HTTP/1.1" 301 - "-" "Mozilla/5.0 (compatible; MJ12bot/v1.4.8; http://mj12bot.com/)"
80.82.70.206 - - [07/Feb/2020:12:25:44 -0800] "POST /wp/wp-login.php HTTP/1.1" 200 6045 "-" "Mozilla/5.0 (Windows NT 6.1; WOW64; rv:18.0) Gecko/20100101 Firefox/18.0"
80.82.70.206 - - [07/Feb/2020:12:25:45 -0800] "POST /wp/wp-login.php HTTP/1.1" 200 6045 "-" "Mozilla/5.0 (Windows NT 6.1; WOW64; rv:18.0) Gecko/20100101 Firefox/18.0"
80.82.70.206 - - [07/Feb/2020:12:25:46 -0800] "POST /wp/wp-login.php HTTP/1.1" 200 6045 "-" "Mozilla/5.0 (Windows NT 6.1; WOW64; rv:18.0) Gecko/20100101 Firefox/18.0"
80.82.70.206 - - [07/Feb/2020:12:25:46 -0800] "POST /wp/wp-login.php HTTP/1.1" 200 6045 "-" "Mozilla/5.0 (Windows NT 6.1; WOW64; rv:18.0) Gecko/20100101 Firefox/18.0"
80.82.70.206 - - [07/Feb/2020:12:25:47 -0800] "POST /wp/wp-login.php HTTP/1.1" 200 6045 "-" "Mozilla/5.0 (Windows NT 6.1; WOW64; rv:18.0) Gecko/20100101 Firefox/18.0"
46.4.60.249 - - [07/Feb/2020:12:25:45 -0800] "GET /Robots.txt HTTP/1.1" 404 11924 "-" "Mozilla/5.0 (compatible; MJ12bot/v1.4.8; http://mj12bot.com/)"
80.82.70.206 - - [07/Feb/2020:12:25:48 -0800] "POST /wp/wp-login.php HTTP/1.1" 200 6045 "-" "Mozilla/5.0 (Windows NT 6.1; WOW64; rv:18.0) Gecko/20100101 Firefox/18.0"
80.82.70.206 - - [07/Feb/2020:12:25:49 -0800] "POST /wp/wp-login.php HTTP/1.1" 200 6045 "-" "Mozilla/5.0 (Windows NT 6.1; WOW64; rv:18.0) Gecko/20100101 Firefox/18.0"
80.82.70.206 - - [07/Feb/2020:12:25:50 -0800] "POST /wp/wp-login.php HTTP/1.1" 200 6045 "-" "Mozilla/5.0 (Windows NT 6.1; WOW64; rv:18.0) Gecko/20100101 Firefox/18.0"
80.82.70.206 - - [07/Feb/2020:12:25:51 -0800] "POST /wp/wp-login.php HTTP/1.1" 200 6045 "-" "Mozilla/5.0 (Windows NT 6.1; WOW64; rv:18.0) Gecko/20100101 Firefox/18.0"
46.4.60.249 - - [07/Feb/2020:12:25:50 -0800] "GET /index.php?title=Main_Page&action=edit&oldid=107 HTTP/1.1" 200 13804 "-" "Mozilla/5.0 (compatible; MJ12bot/v1.4.8; http://mj12bot.com/)"
80.82.70.206 - - [07/Feb/2020:12:25:52 -0800] "POST /wp/wp-login.php HTTP/1.1" 200 6045 "-" "Mozilla/5.0 (Windows NT 6.1; WOW64; rv:18.0) Gecko/20100101 Firefox/18.0"
80.82.70.206 - - [07/Feb/2020:12:25:53 -0800] "POST /wp/wp-login.php HTTP/1.1" 200 6045 "-" "Mozilla/5.0 (Windows NT 6.1; WOW64; rv:18.0) Gecko/20100101 Firefox/18.0"
80.82.70.206 - - [07/Feb/2020:12:25:53 -0800] "POST /wp/wp-login.php HTTP/1.1" 200 6045 "-" "Mozilla/5.0 (Windows NT 6.1; WOW64; rv:18.0) Gecko/20100101 Firefox/18.0"
80.82.70.206 - - [07/Feb/2020:12:25:54 -0800] "POST /wp/wp-login.php HTTP/1.1" 200 6045 "-" "Mozilla/5.0 (Windows NT 6.1; WOW64; rv:18.0) Gecko/20100101 Firefox/18.0"
80.82.70.206 - - [07/Feb/2020:12:25:55 -0800] "POST /wp/wp-login.php HTTP/1.1" 200 6045 "-" "Mozilla/5.0 (Windows NT 6.1; WOW64; rv:18.0) Gecko/20100101 Firefox/18.0"
46.4.60.249 - - [07/Feb/2020:12:25:55 -0800] "GET /index.php?title=Main_Page&action=edit&oldid=115 HTTP/1.1" 200 13845 "-" "Mozilla/5.0 (compatible; MJ12bot/v1.4.8; http://mj12bot.com/)"
80.82.70.206 - - [07/Feb/2020:12:25:56 -0800] "POST /wp/wp-login.php HTTP/1.1" 200 6045 "-" "Mozilla/5.0 (Windows NT 6.1; WOW64; rv:18.0) Gecko/20100101 Firefox/18.0"
80.82.70.206 - - [07/Feb/2020:12:25:58 -0800] "POST /wp/wp-login.php HTTP/1.1" 200 6045 "-" "Mozilla/5.0 (Windows NT 6.1; WOW64; rv:18.0) Gecko/20100101 Firefox/18.0"
80.82.70.206 - - [07/Feb/2020:12:25:58 -0800] "POST /wp/wp-login.php HTTP/1.1" 200 6045 "-" "Mozilla/5.0 (Windows NT 6.1; WOW64; rv:18.0) Gecko/20100101 Firefox/18.0"
80.82.70.206 - - [07/Feb/2020:12:26:00 -0800] "POST /wp/wp-login.php HTTP/1.1" 200 6045 "-" "Mozilla/5.0 (Windows NT 6.1; WOW64; rv:18.0) Gecko/20100101 Firefox/18.0"
80.82.70.206 - - [07/Feb/2020:12:26:00 -0800] "POST /wp/wp-login.php HTTP/1.1" 200 6045 "-" "Mozilla/5.0 (Windows NT 6.1; WOW64; rv:18.0) Gecko/20100101 Firefox/18.0"
80.82.70.206 - - [07/Feb/2020:12:26:01 -0800] "POST /wp/wp-login.php HTTP/1.1" 200 6045 "-" "Mozilla/5.0 (Windows NT 6.1; WOW64; rv:18.0) Gecko/20100101 Firefox/18.0"
46.4.60.249 - - [07/Feb/2020:12:26:02 -0800] "GET /index.php?title=Main_Page&action=edit&oldid=116 HTTP/1.1" 200 13980 "-" "Mozilla/5.0 (compatible; MJ12bot/v1.4.8; http://mj12bot.com/)"
80.82.70.206 - - [07/Feb/2020:12:26:02 -0800] "POST /wp/wp-login.php HTTP/1.1" 200 6045 "-" "Mozilla/5.0 (Windows NT 6.1; WOW64; rv:18.0) Gecko/20100101 Firefox/18.0"
80.82.70.206 - - [07/Feb/2020:12:26:03 -0800] "POST /wp/wp-login.php HTTP/1.1" 200 6045 "-" "Mozilla/5.0 (Windows NT 6.1; WOW64; rv:18.0) Gecko/20100101 Firefox/18.0"
80.82.70.206 - - [07/Feb/2020:12:26:04 -0800] "POST /wp/wp-login.php HTTP/1.1" 200 6045 "-" "Mozilla/5.0 (Windows NT 6.1; WOW64; rv:18.0) Gecko/20100101 Firefox/18.0"
80.82.70.206 - - [07/Feb/2020:12:26:05 -0800] "POST /wp/wp-login.php HTTP/1.1" 200 6045 "-" "Mozilla/5.0 (Windows NT 6.1; WOW64; rv:18.0) Gecko/20100101 Firefox/18.0"
80.82.70.206 - - [07/Feb/2020:12:26:06 -0800] "POST /wp/wp-login.php HTTP/1.1" 200 6045 "-" "Mozilla/5.0 (Windows NT 6.1; WOW64; rv:18.0) Gecko/20100101 Firefox/18.0"
80.82.70.206 - - [07/Feb/2020:12:26:07 -0800] "POST /wp/wp-login.php HTTP/1.1" 200 6045 "-" "Mozilla/5.0 (Windows NT 6.1; WOW64; rv:18.0) Gecko/20100101 Firefox/18.0"
80.82.70.206 - - [07/Feb/2020:12:26:08 -0800] "POST /wp/wp-login.php HTTP/1.1" 200 6045 "-" "Mozilla/5.0 (Windows NT 6.1; WOW64; rv:18.0) Gecko/20100101 Firefox/18.0"
80.82.70.206 - - [07/Feb/2020:12:26:08 -0800] "POST /wp/wp-login.php HTTP/1.1" 200 6045 "-" "Mozilla/5.0 (Windows NT 6.1; WOW64; rv:18.0) Gecko/20100101 Firefox/18.0"
80.82.70.206 - - [07/Feb/2020:12:26:10 -0800] "POST /wp/wp-login.php HTTP/1.1" 200 6045 "-" "Mozilla/5.0 (Windows NT 6.1; WOW64; rv:18.0) Gecko/20100101 Firefox/18.0"
80.82.70.206 - - [07/Feb/2020:12:26:10 -0800] "POST /wp/wp-login.php HTTP/1.1" 200 6045 "-" "Mozilla/5.0 (Windows NT 6.1; WOW64; rv:18.0) Gecko/20100101 Firefox/18.0"
148.251.9.145 - - [07/Feb/2020:12:26:11 -0800] "GET /robots.txt HTTP/1.1" 301 - "-" "Mozilla/5.0 (compatible; MJ12bot/v1.4.8; http://mj12bot.com/)"
80.82.70.206 - - [07/Feb/2020:12:26:11 -0800] "POST /wp/wp-login.php HTTP/1.1" 200 6045 "-" "Mozilla/5.0 (Windows NT 6.1; WOW64; rv:18.0) Gecko/20100101 Firefox/18.0"
173.208.130.202 - - [07/Feb/2020:12:26:12 -0800] "GET /robots.txt HTTP/1.1" 301 - "-" "Mozilla/5.0 (compatible; MJ12bot/v1.4.8; http://mj12bot.com/)"
80.82.70.206 - - [07/Feb/2020:12:26:12 -0800] "POST /wp/wp-login.php HTTP/1.1" 200 6045 "-" "Mozilla/5.0 (Windows NT 6.1; WOW64; rv:18.0) Gecko/20100101 Firefox/18.0"
148.251.9.145 - - [07/Feb/2020:12:26:12 -0800] "GET /Robots.txt HTTP/1.1" 404 11924 "-" "Mozilla/5.0 (compatible; MJ12bot/v1.4.8; http://mj12bot.com/)"
173.208.130.202 - - [07/Feb/2020:12:26:13 -0800] "GET /Robots.txt HTTP/1.1" 404 11924 "-" "Mozilla/5.0 (compatible; MJ12bot/v1.4.8; http://mj12bot.com/)"
80.82.70.206 - - [07/Feb/2020:12:26:13 -0800] "POST /wp/wp-login.php HTTP/1.1" 200 6045 "-" "Mozilla/5.0 (Windows NT 6.1; WOW64; rv:18.0) Gecko/20100101 Firefox/18.0"
80.82.70.206 - - [07/Feb/2020:12:26:15 -0800] "POST /wp/wp-login.php HTTP/1.1" 200 6045 "-" "Mozilla/5.0 (Windows NT 6.1; WOW64; rv:18.0) Gecko/20100101 Firefox/18.0"
46.229.168.142 - - [07/Feb/2020:12:26:13 -0800] "GET /index.php?returnto=Special%3ARecentChanges&returntoquery=days%3D7%26from%3D%26hideliu%3D1%26hideminor%3D1%26hidemyself%3D1%26tagfilter%3Dmw-new-redirect&title=Special%3ACreateAccount HTTP/1.1" 200 10940 "-" "Mozilla/5.0 (compatible; SemrushBot/6~bl; +http://www.semrush.com/bot.html)"
80.82.70.206 - - [07/Feb/2020:12:26:16 -0800] "POST /wp/wp-login.php HTTP/1.1" 200 6045 "-" "Mozilla/5.0 (Windows NT 6.1; WOW64; rv:18.0) Gecko/20100101 Firefox/18.0"
80.82.70.206 - - [07/Feb/2020:12:26:17 -0800] "POST /wp/wp-login.php HTTP/1.1" 200 6045 "-" "Mozilla/5.0 (Windows NT 6.1; WOW64; rv:18.0) Gecko/20100101 Firefox/18.0"
173.208.130.202 - - [07/Feb/2020:12:26:16 -0800] "GET /index.php?title=Special:UserLogin&returnto=Resume&returntoquery=diff=cur%26oldid=568 HTTP/1.1" 200 13326 "-" "Mozilla/5.0 (compatible; MJ12bot/v1.4.8; http://mj12bot.com/)"
80.82.70.206 - - [07/Feb/2020:12:26:17 -0800] "POST /wp/wp-login.php HTTP/1.1" 200 6045 "-" "Mozilla/5.0 (Windows NT 6.1; WOW64; rv:18.0) Gecko/20100101 Firefox/18.0"
80.82.70.206 - - [07/Feb/2020:12:26:19 -0800] "POST /wp/wp-login.php HTTP/1.1" 200 6045 "-" "Mozilla/5.0 (Windows NT 6.1; WOW64; rv:18.0) Gecko/20100101 Firefox/18.0"
80.82.70.206 - - [07/Feb/2020:12:26:20 -0800] "POST /wp/wp-login.php HTTP/1.1" 200 6045 "-" "Mozilla/5.0 (Windows NT 6.1; WOW64; rv:18.0) Gecko/20100101 Firefox/18.0"
148.251.9.145 - - [07/Feb/2020:12:26:18 -0800] "GET /index.php?title=Main_Page&diff=next&oldid=124&printable=yes HTTP/1.1" 200 20917 "-" "Mozilla/5.0 (compatible; MJ12bot/v1.4.8; http://mj12bot.com/)"
173.208.130.202 - - [07/Feb/2020:12:26:19 -0800] "GET /index.php?title=Special:UserLogin&returnto=Resume&returntoquery=diff=cur%26oldid=568&printable=yes HTTP/1.1" 200 13064 "-" "Mozilla/5.0 (compatible; MJ12bot/v1.4.8; http://mj12bot.com/)"
46.4.60.249 - - [07/Feb/2020:12:26:14 -0800] "GET /index.php?title=Main_Page&diff=cur&oldid=117 HTTP/1.1" 200 32640 "-" "Mozilla/5.0 (compatible; MJ12bot/v1.4.8; http://mj12bot.com/)"
80.82.70.206 - - [07/Feb/2020:12:26:21 -0800] "POST /wp/wp-login.php HTTP/1.1" 200 6045 "-" "Mozilla/5.0 (Windows NT 6.1; WOW64; rv:18.0) Gecko/20100101 Firefox/18.0"
80.82.70.206 - - [07/Feb/2020:12:26:22 -0800] "POST /wp/wp-login.php HTTP/1.1" 200 6045 "-" "Mozilla/5.0 (Windows NT 6.1; WOW64; rv:18.0) Gecko/20100101 Firefox/18.0"
80.82.70.206 - - [07/Feb/2020:12:26:23 -0800] "POST /wp/wp-login.php HTTP/1.1" 200 6045 "-" "Mozilla/5.0 (Windows NT 6.1; WOW64; rv:18.0) Gecko/20100101 Firefox/18.0"
173.208.130.202 - - [07/Feb/2020:12:26:23 -0800] "GET /index.php?title=Special:UserLogin&returnto=Resume&returntoquery=diff=cur%26oldid=572&printable=yes HTTP/1.1" 200 13063 "-" "Mozilla/5.0 (compatible; MJ12bot/v1.4.8; http://mj12bot.com/)"
80.82.70.206 - - [07/Feb/2020:12:26:24 -0800] "POST /wp/wp-login.php HTTP/1.1" 200 6045 "-" "Mozilla/5.0 (Windows NT 6.1; WOW64; rv:18.0) Gecko/20100101 Firefox/18.0"
80.82.70.206 - - [07/Feb/2020:12:26:24 -0800] "POST /wp/wp-login.php HTTP/1.1" 200 6045 "-" "Mozilla/5.0 (Windows NT 6.1; WOW64; rv:18.0) Gecko/20100101 Firefox/18.0"
173.208.130.202 - - [07/Feb/2020:12:26:25 -0800] "GET /index.php?title=Special:UserLogin&returnto=Resume&returntoquery=diff=cur%26oldid=573 HTTP/1.1" 200 13325 "-" "Mozilla/5.0 (compatible; MJ12bot/v1.4.8; http://mj12bot.com/)"
80.82.70.206 - - [07/Feb/2020:12:26:25 -0800] "POST /wp/wp-login.php HTTP/1.1" 200 6045 "-" "Mozilla/5.0 (Windows NT 6.1; WOW64; rv:18.0) Gecko/20100101 Firefox/18.0"
148.251.9.145 - - [07/Feb/2020:12:26:26 -0800] "GET /index.php?title=Main_Page&diff=next&oldid=125&printable=yes HTTP/1.1" 200 19916 "-" "Mozilla/5.0 (compatible; MJ12bot/v1.4.8; http://mj12bot.com/)"
80.82.70.206 - - [07/Feb/2020:12:26:26 -0800] "POST /wp/wp-login.php HTTP/1.1" 200 6045 "-" "Mozilla/5.0 (Windows NT 6.1; WOW64; rv:18.0) Gecko/20100101 Firefox/18.0"
173.208.130.202 - - [07/Feb/2020:12:26:27 -0800] "GET /index.php?title=Special:UserLogin&returnto=Resume&returntoquery=diff=cur%26oldid=573&printable=yes HTTP/1.1" 200 13063 "-" "Mozilla/5.0 (compatible; MJ12bot/v1.4.8; http://mj12bot.com/)"
80.82.70.206 - - [07/Feb/2020:12:26:27 -0800] "POST /wp/wp-login.php HTTP/1.1" 200 6045 "-" "Mozilla/5.0 (Windows NT 6.1; WOW64; rv:18.0) Gecko/20100101 Firefox/18.0"
80.82.70.206 - - [07/Feb/2020:12:26:28 -0800] "POST /wp/wp-login.php HTTP/1.1" 200 6045 "-" "Mozilla/5.0 (Windows NT 6.1; WOW64; rv:18.0) Gecko/20100101 Firefox/18.0"
80.82.70.206 - - [07/Feb/2020:12:26:29 -0800] "POST /wp/wp-login.php HTTP/1.1" 200 6045 "-" "Mozilla/5.0 (Windows NT 6.1; WOW64; rv:18.0) Gecko/20100101 Firefox/18.0"
173.208.130.202 - - [07/Feb/2020:12:26:29 -0800] "GET /index.php?title=Special:UserLogin&returnto=Resume&returntoquery=diff=cur%26oldid=574 HTTP/1.1" 200 13326 "-" "Mozilla/5.0 (compatible; MJ12bot/v1.4.8; http://mj12bot.com/)"
80.82.70.206 - - [07/Feb/2020:12:26:30 -0800] "POST /wp/wp-login.php HTTP/1.1" 200 6045 "-" "Mozilla/5.0 (Windows NT 6.1; WOW64; rv:18.0) Gecko/20100101 Firefox/18.0"
80.82.70.206 - - [07/Feb/2020:12:26:32 -0800] "POST /wp/wp-login.php HTTP/1.1" 200 6045 "-" "Mozilla/5.0 (Windows NT 6.1; WOW64; rv:18.0) Gecko/20100101 Firefox/18.0"
80.82.70.206 - - [07/Feb/2020:12:26:33 -0800] "POST /wp/wp-login.php HTTP/1.1" 200 6045 "-" "Mozilla/5.0 (Windows NT 6.1; WOW64; rv:18.0) Gecko/20100101 Firefox/18.0"
80.82.70.206 - - [07/Feb/2020:12:26:34 -0800] "POST /wp/wp-login.php HTTP/1.1" 200 6045 "-" "Mozilla/5.0 (Windows NT 6.1; WOW64; rv:18.0) Gecko/20100101 Firefox/18.0"
148.251.9.145 - - [07/Feb/2020:12:26:31 -0800] "GET /index.php?title=Main_Page&diff=prev&oldid=117 HTTP/1.1" 200 21345 "-" "Mozilla/5.0 (compatible; MJ12bot/v1.4.8; http://mj12bot.com/)"
80.82.70.206 - - [07/Feb/2020:12:26:35 -0800] "POST /wp/wp-login.php HTTP/1.1" 200 6045 "-" "Mozilla/5.0 (Windows NT 6.1; WOW64; rv:18.0) Gecko/20100101 Firefox/18.0"
46.229.168.130 - - [07/Feb/2020:12:26:31 -0800] "GET /index.php?action=edit&oldid=3225&title=Main_Page HTTP/1.1" 200 15482 "-" "Mozilla/5.0 (compatible; SemrushBot/6~bl; +http://www.semrush.com/bot.html)"
173.208.130.202 - - [07/Feb/2020:12:26:32 -0800] "GET /index.php?title=Special:UserLogin&returnto=Resume&returntoquery=diff=cur%26oldid=574&printable=yes HTTP/1.1" 200 13064 "-" "Mozilla/5.0 (compatible; MJ12bot/v1.4.8; http://mj12bot.com/)"
80.82.70.206 - - [07/Feb/2020:12:26:36 -0800] "POST /wp/wp-login.php HTTP/1.1" 200 6045 "-" "Mozilla/5.0 (Windows NT 6.1; WOW64; rv:18.0) Gecko/20100101 Firefox/18.0"
80.82.70.206 - - [07/Feb/2020:12:26:36 -0800] "POST /wp/wp-login.php HTTP/1.1" 200 6045 "-" "Mozilla/5.0 (Windows NT 6.1; WOW64; rv:18.0) Gecko/20100101 Firefox/18.0"
80.82.70.206 - - [07/Feb/2020:12:26:37 -0800] "POST /wp/wp-login.php HTTP/1.1" 200 6045 "-" "Mozilla/5.0 (Windows NT 6.1; WOW64; rv:18.0) Gecko/20100101 Firefox/18.0"
80.82.70.206 - - [07/Feb/2020:12:26:38 -0800] "POST /wp/wp-login.php HTTP/1.1" 200 6045 "-" "Mozilla/5.0 (Windows NT 6.1; WOW64; rv:18.0) Gecko/20100101 Firefox/18.0"
80.82.70.206 - - [07/Feb/2020:12:26:39 -0800] "POST /wp/wp-login.php HTTP/1.1" 200 6045 "-" "Mozilla/5.0 (Windows NT 6.1; WOW64; rv:18.0) Gecko/20100101 Firefox/18.0"
80.82.70.206 - - [07/Feb/2020:12:26:40 -0800] "POST /wp/wp-login.php HTTP/1.1" 200 6045 "-" "Mozilla/5.0 (Windows NT 6.1; WOW64; rv:18.0) Gecko/20100101 Firefox/18.0"
80.82.70.206 - - [07/Feb/2020:12:26:41 -0800] "POST /wp/wp-login.php HTTP/1.1" 200 6045 "-" "Mozilla/5.0 (Windows NT 6.1; WOW64; rv:18.0) Gecko/20100101 Firefox/18.0"
80.82.70.206 - - [07/Feb/2020:12:26:42 -0800] "POST /wp/wp-login.php HTTP/1.1" 200 6045 "-" "Mozilla/5.0 (Windows NT 6.1; WOW64; rv:18.0) Gecko/20100101 Firefox/18.0"
173.208.130.202 - - [07/Feb/2020:12:26:37 -0800] "GET /index.php?title=Special:UserLogin&returnto=Resume&returntoquery=diff=cur%26oldid=575 HTTP/1.1" 200 13326 "-" "Mozilla/5.0 (compatible; MJ12bot/v1.4.8; http://mj12bot.com/)"
80.82.70.206 - - [07/Feb/2020:12:26:42 -0800] "POST /wp/wp-login.php HTTP/1.1" 200 6045 "-" "Mozilla/5.0 (Windows NT 6.1; WOW64; rv:18.0) Gecko/20100101 Firefox/18.0"
148.251.9.145 - - [07/Feb/2020:12:26:39 -0800] "GET /index.php?title=Main_Page&diff=prev&oldid=119&printable=yes HTTP/1.1" 200 19458 "-" "Mozilla/5.0 (compatible; MJ12bot/v1.4.8; http://mj12bot.com/)"
46.4.60.249 - - [07/Feb/2020:12:26:41 -0800] "GET /index.php?title=Main_Page&diff=cur&oldid=121&printable=yes HTTP/1.1" 200 32261 "-" "Mozilla/5.0 (compatible; MJ12bot/v1.4.8; http://mj12bot.com/)"
80.82.70.206 - - [07/Feb/2020:12:26:44 -0800] "POST /wp/wp-login.php HTTP/1.1" 200 6045 "-" "Mozilla/5.0 (Windows NT 6.1; WOW64; rv:18.0) Gecko/20100101 Firefox/18.0"
80.82.70.206 - - [07/Feb/2020:12:26:47 -0800] "POST /wp/wp-login.php HTTP/1.1" 200 6045 "-" "Mozilla/5.0 (Windows NT 6.1; WOW64; rv:18.0) Gecko/20100101 Firefox/18.0"
80.82.70.206 - - [07/Feb/2020:12:26:47 -0800] "POST /wp/wp-login.php HTTP/1.1" 200 6045 "-" "Mozilla/5.0 (Windows NT 6.1; WOW64; rv:18.0) Gecko/20100101 Firefox/18.0"
80.82.70.206 - - [07/Feb/2020:12:26:48 -0800] "POST /wp/wp-login.php HTTP/1.1" 200 6045 "-" "Mozilla/5.0 (Windows NT 6.1; WOW64; rv:18.0) Gecko/20100101 Firefox/18.0"
173.208.130.202 - - [07/Feb/2020:12:26:45 -0800] "GET /index.php?title=Special:UserLogin&returnto=Resume&returntoquery=diff=cur%26oldid=575&printable=yes HTTP/1.1" 200 13064 "-" "Mozilla/5.0 (compatible; MJ12bot/v1.4.8; http://mj12bot.com/)"
80.82.70.206 - - [07/Feb/2020:12:26:50 -0800] "POST /wp/wp-login.php HTTP/1.1" 200 6045 "-" "Mozilla/5.0 (Windows NT 6.1; WOW64; rv:18.0) Gecko/20100101 Firefox/18.0"
46.4.60.249 - - [07/Feb/2020:12:26:48 -0800] "GET /index.php?title=Main_Page&diff=cur&oldid=123&printable=yes HTTP/1.1" 200 31993 "-" "Mozilla/5.0 (compatible; MJ12bot/v1.4.8; http://mj12bot.com/)"
80.82.70.206 - - [07/Feb/2020:12:26:50 -0800] "POST /wp/wp-login.php HTTP/1.1" 200 6045 "-" "Mozilla/5.0 (Windows NT 6.1; WOW64; rv:18.0) Gecko/20100101 Firefox/18.0"
80.82.70.206 - - [07/Feb/2020:12:26:51 -0800] "POST /wp/wp-login.php HTTP/1.1" 200 6045 "-" "Mozilla/5.0 (Windows NT 6.1; WOW64; rv:18.0) Gecko/20100101 Firefox/18.0"
173.208.130.202 - - [07/Feb/2020:12:26:51 -0800] "GET /index.php?title=Special:UserLogin&returnto=Resume&returntoquery=diff=cur%26oldid=576 HTTP/1.1" 200 13326 "-" "Mozilla/5.0 (compatible; MJ12bot/v1.4.8; http://mj12bot.com/)"
80.82.70.206 - - [07/Feb/2020:12:26:53 -0800] "POST /wp/wp-login.php HTTP/1.1" 200 6045 "-" "Mozilla/5.0 (Windows NT 6.1; WOW64; rv:18.0) Gecko/20100101 Firefox/18.0"
80.82.70.206 - - [07/Feb/2020:12:26:53 -0800] "POST /wp/wp-login.php HTTP/1.1" 200 6045 "-" "Mozilla/5.0 (Windows NT 6.1; WOW64; rv:18.0) Gecko/20100101 Firefox/18.0"
80.82.70.206 - - [07/Feb/2020:12:26:54 -0800] "POST /wp/wp-login.php HTTP/1.1" 200 6045 "-" "Mozilla/5.0 (Windows NT 6.1; WOW64; rv:18.0) Gecko/20100101 Firefox/18.0"
80.82.70.206 - - [07/Feb/2020:12:26:55 -0800] "POST /wp/wp-login.php HTTP/1.1" 200 6045 "-" "Mozilla/5.0 (Windows NT 6.1; WOW64; rv:18.0) Gecko/20100101 Firefox/18.0"
148.251.9.145 - - [07/Feb/2020:12:26:55 -0800] "GET /index.php?title=Main_Page&direction=prev&oldid=119&printable=yes HTTP/1.1" 200 16810 "-" "Mozilla/5.0 (compatible; MJ12bot/v1.4.8; http://mj12bot.com/)"
173.208.130.202 - - [07/Feb/2020:12:26:54 -0800] "GET /index.php?title=Special:UserLogin&returnto=Resume&returntoquery=diff=cur%26oldid=576&printable=yes HTTP/1.1" 200 13064 "-" "Mozilla/5.0 (compatible; MJ12bot/v1.4.8; http://mj12bot.com/)"
80.82.70.206 - - [07/Feb/2020:12:26:56 -0800] "POST /wp/wp-login.php HTTP/1.1" 200 6045 "-" "Mozilla/5.0 (Windows NT 6.1; WOW64; rv:18.0) Gecko/20100101 Firefox/18.0"
46.4.60.249 - - [07/Feb/2020:12:26:53 -0800] "GET /index.php?title=Main_Page&diff=cur&oldid=124&printable=yes HTTP/1.1" 200 32251 "-" "Mozilla/5.0 (compatible; MJ12bot/v1.4.8; http://mj12bot.com/)"
80.82.70.206 - - [07/Feb/2020:12:26:57 -0800] "POST /wp/wp-login.php HTTP/1.1" 200 6045 "-" "Mozilla/5.0 (Windows NT 6.1; WOW64; rv:18.0) Gecko/20100101 Firefox/18.0"
80.82.70.206 - - [07/Feb/2020:12:26:58 -0800] "POST /wp/wp-login.php HTTP/1.1" 200 6045 "-" "Mozilla/5.0 (Windows NT 6.1; WOW64; rv:18.0) Gecko/20100101 Firefox/18.0"
80.82.70.206 - - [07/Feb/2020:12:26:59 -0800] "POST /wp/wp-login.php HTTP/1.1" 200 6045 "-" "Mozilla/5.0 (Windows NT 6.1; WOW64; rv:18.0) Gecko/20100101 Firefox/18.0"
80.82.70.206 - - [07/Feb/2020:12:27:00 -0800] "POST /wp/wp-login.php HTTP/1.1" 200 6045 "-" "Mozilla/5.0 (Windows NT 6.1; WOW64; rv:18.0) Gecko/20100101 Firefox/18.0"
80.82.70.206 - - [07/Feb/2020:12:27:01 -0800] "POST /wp/wp-login.php HTTP/1.1" 200 6045 "-" "Mozilla/5.0 (Windows NT 6.1; WOW64; rv:18.0) Gecko/20100101 Firefox/18.0"
80.82.70.206 - - [07/Feb/2020:12:27:02 -0800] "POST /wp/wp-login.php HTTP/1.1" 200 6045 "-" "Mozilla/5.0 (Windows NT 6.1; WOW64; rv:18.0) Gecko/20100101 Firefox/18.0"
80.82.70.206 - - [07/Feb/2020:12:27:02 -0800] "POST /wp/wp-login.php HTTP/1.1" 200 6045 "-" "Mozilla/5.0 (Windows NT 6.1; WOW64; rv:18.0) Gecko/20100101 Firefox/18.0"
80.82.70.206 - - [07/Feb/2020:12:27:03 -0800] "POST /wp/wp-login.php HTTP/1.1" 200 6045 "-" "Mozilla/5.0 (Windows NT 6.1; WOW64; rv:18.0) Gecko/20100101 Firefox/18.0"
148.251.9.145 - - [07/Feb/2020:12:27:03 -0800] "GET /index.php?title=Main_Page&direction=prev&oldid=120&printable=yes HTTP/1.1" 200 16817 "-" "Mozilla/5.0 (compatible; MJ12bot/v1.4.8; http://mj12bot.com/)"
173.208.130.202 - - [07/Feb/2020:12:26:58 -0800] "GET /index.php?title=Special:UserLogin&returnto=Resume&returntoquery=diff=cur%26oldid=577 HTTP/1.1" 200 13326 "-" "Mozilla/5.0 (compatible; MJ12bot/v1.4.8; http://mj12bot.com/)"
46.229.168.146 - - [07/Feb/2020:12:27:04 -0800] "GET /index.php?printable=yes&returnto=Special%3ARecentChanges&returntoquery=days%3D30%26from%3D20191015005829&title=Special%3ACreateAccount HTTP/1.1" 200 10524 "-" "Mozilla/5.0 (compatible; SemrushBot/6~bl; +http://www.semrush.com/bot.html)"
46.4.60.249 - - [07/Feb/2020:12:27:01 -0800] "GET /index.php?title=Main_Page&diff=cur&oldid=125&printable=yes HTTP/1.1" 200 32025 "-" "Mozilla/5.0 (compatible; MJ12bot/v1.4.8; http://mj12bot.com/)"
80.82.70.206 - - [07/Feb/2020:12:27:04 -0800] "POST /wp/wp-login.php HTTP/1.1" 200 6045 "-" "Mozilla/5.0 (Windows NT 6.1; WOW64; rv:18.0) Gecko/20100101 Firefox/18.0"
80.82.70.206 - - [07/Feb/2020:12:27:08 -0800] "POST /wp/wp-login.php HTTP/1.1" 200 6045 "-" "Mozilla/5.0 (Windows NT 6.1; WOW64; rv:18.0) Gecko/20100101 Firefox/18.0"
80.82.70.206 - - [07/Feb/2020:12:27:09 -0800] "POST /wp/wp-login.php HTTP/1.1" 200 6045 "-" "Mozilla/5.0 (Windows NT 6.1; WOW64; rv:18.0) Gecko/20100101 Firefox/18.0"
80.82.70.206 - - [07/Feb/2020:12:27:10 -0800] "POST /wp/wp-login.php HTTP/1.1" 200 6045 "-" "Mozilla/5.0 (Windows NT 6.1; WOW64; rv:18.0) Gecko/20100101 Firefox/18.0"
80.82.70.206 - - [07/Feb/2020:12:27:11 -0800] "POST /wp/wp-login.php HTTP/1.1" 200 6045 "-" "Mozilla/5.0 (Windows NT 6.1; WOW64; rv:18.0) Gecko/20100101 Firefox/18.0"
80.82.70.206 - - [07/Feb/2020:12:27:12 -0800] "POST /wp/wp-login.php HTTP/1.1" 200 6045 "-" "Mozilla/5.0 (Windows NT 6.1; WOW64; rv:18.0) Gecko/20100101 Firefox/18.0"
80.82.70.206 - - [07/Feb/2020:12:27:12 -0800] "POST /wp/wp-login.php HTTP/1.1" 200 6045 "-" "Mozilla/5.0 (Windows NT 6.1; WOW64; rv:18.0) Gecko/20100101 Firefox/18.0"
80.82.70.206 - - [07/Feb/2020:12:27:13 -0800] "POST /wp/wp-login.php HTTP/1.1" 200 6045 "-" "Mozilla/5.0 (Windows NT 6.1; WOW64; rv:18.0) Gecko/20100101 Firefox/18.0"
80.82.70.206 - - [07/Feb/2020:12:27:14 -0800] "POST /wp/wp-login.php HTTP/1.1" 200 6045 "-" "Mozilla/5.0 (Windows NT 6.1; WOW64; rv:18.0) Gecko/20100101 Firefox/18.0"
80.82.70.206 - - [07/Feb/2020:12:27:15 -0800] "POST /wp/wp-login.php HTTP/1.1" 200 6045 "-" "Mozilla/5.0 (Windows NT 6.1; WOW64; rv:18.0) Gecko/20100101 Firefox/18.0"
80.82.70.206 - - [07/Feb/2020:12:27:16 -0800] "POST /wp/wp-login.php HTTP/1.1" 200 6045 "-" "Mozilla/5.0 (Windows NT 6.1; WOW64; rv:18.0) Gecko/20100101 Firefox/18.0"
46.229.168.161 - - [07/Feb/2020:12:27:14 -0800] "GET /index.php?printable=yes&returnto=Special%3ASearch&returntoquery=printable%3Dyes%26search%3DNTLM&title=Special%3ACreateAccount HTTP/1.1" 200 10515 "-" "Mozilla/5.0 (compatible; SemrushBot/6~bl; +http://www.semrush.com/bot.html)"
173.208.130.202 - - [07/Feb/2020:12:27:08 -0800] "GET /index.php?title=Special:UserLogin&returnto=Resume&returntoquery=diff=cur%26oldid=577&printable=yes HTTP/1.1" 200 13064 "-" "Mozilla/5.0 (compatible; MJ12bot/v1.4.8; http://mj12bot.com/)"
46.4.60.249 - - [07/Feb/2020:12:27:09 -0800] "GET /index.php?title=Main_Page&diff=next&oldid=117 HTTP/1.1" 200 19659 "-" "Mozilla/5.0 (compatible; MJ12bot/v1.4.8; http://mj12bot.com/)"
80.82.70.206 - - [07/Feb/2020:12:27:17 -0800] "POST /wp/wp-login.php HTTP/1.1" 200 6045 "-" "Mozilla/5.0 (Windows NT 6.1; WOW64; rv:18.0) Gecko/20100101 Firefox/18.0"
80.82.70.206 - - [07/Feb/2020:12:27:18 -0800] "POST /wp/wp-login.php HTTP/1.1" 200 6045 "-" "Mozilla/5.0 (Windows NT 6.1; WOW64; rv:18.0) Gecko/20100101 Firefox/18.0"
80.82.70.206 - - [07/Feb/2020:12:27:19 -0800] "POST /wp/wp-login.php HTTP/1.1" 200 6045 "-" "Mozilla/5.0 (Windows NT 6.1; WOW64; rv:18.0) Gecko/20100101 Firefox/18.0"
80.82.70.206 - - [07/Feb/2020:12:27:20 -0800] "POST /wp/wp-login.php HTTP/1.1" 200 6045 "-" "Mozilla/5.0 (Windows NT 6.1; WOW64; rv:18.0) Gecko/20100101 Firefox/18.0"
80.82.70.206 - - [07/Feb/2020:12:27:21 -0800] "POST /wp/wp-login.php HTTP/1.1" 200 6045 "-" "Mozilla/5.0 (Windows NT 6.1; WOW64; rv:18.0) Gecko/20100101 Firefox/18.0"
46.4.60.249 - - [07/Feb/2020:12:27:19 -0800] "GET /index.php?title=Main_Page&diff=next&oldid=121&printable=yes HTTP/1.1" 200 20491 "-" "Mozilla/5.0 (compatible; MJ12bot/v1.4.8; http://mj12bot.com/)"
173.208.130.202 - - [07/Feb/2020:12:27:19 -0800] "GET /index.php?title=Special:UserLogin&returnto=Resume&returntoquery=diff=cur%26oldid=578 HTTP/1.1" 200 13326 "-" "Mozilla/5.0 (compatible; MJ12bot/v1.4.8; http://mj12bot.com/)"
46.229.168.134 - - [07/Feb/2020:12:27:19 -0800] "GET /index.php?oldid=3801&title=CSC-18.7 HTTP/1.1" 200 13265 "-" "Mozilla/5.0 (compatible; SemrushBot/6~bl; +http://www.semrush.com/bot.html)"
80.82.70.206 - - [07/Feb/2020:12:27:22 -0800] "POST /wp/wp-login.php HTTP/1.1" 200 6045 "-" "Mozilla/5.0 (Windows NT 6.1; WOW64; rv:18.0) Gecko/20100101 Firefox/18.0"
80.82.70.206 - - [07/Feb/2020:12:27:23 -0800] "POST /wp/wp-login.php HTTP/1.1" 200 6045 "-" "Mozilla/5.0 (Windows NT 6.1; WOW64; rv:18.0) Gecko/20100101 Firefox/18.0"
80.82.70.206 - - [07/Feb/2020:12:27:24 -0800] "POST /wp/wp-login.php HTTP/1.1" 200 6045 "-" "Mozilla/5.0 (Windows NT 6.1; WOW64; rv:18.0) Gecko/20100101 Firefox/18.0"
80.82.70.206 - - [07/Feb/2020:12:27:25 -0800] "POST /wp/wp-login.php HTTP/1.1" 200 6045 "-" "Mozilla/5.0 (Windows NT 6.1; WOW64; rv:18.0) Gecko/20100101 Firefox/18.0"
80.82.70.206 - - [07/Feb/2020:12:27:26 -0800] "POST /wp/wp-login.php HTTP/1.1" 200 6045 "-" "Mozilla/5.0 (Windows NT 6.1; WOW64; rv:18.0) Gecko/20100101 Firefox/18.0"
173.208.130.202 - - [07/Feb/2020:12:27:24 -0800] "GET /index.php?title=Special:UserLogin&returnto=Resume&returntoquery=diff=cur%26oldid=578&printable=yes HTTP/1.1" 200 13064 "-" "Mozilla/5.0 (compatible; MJ12bot/v1.4.8; http://mj12bot.com/)"
46.4.60.249 - - [07/Feb/2020:12:27:25 -0800] "GET /index.php?title=Main_Page&diff=next&oldid=123&printable=yes HTTP/1.1" 200 20845 "-" "Mozilla/5.0 (compatible; MJ12bot/v1.4.8; http://mj12bot.com/)"
148.251.9.145 - - [07/Feb/2020:12:27:26 -0800] "GET /index.php?title=Main_Page&direction=prev&oldid=123&printable=yes HTTP/1.1" 200 17016 "-" "Mozilla/5.0 (compatible; MJ12bot/v1.4.8; http://mj12bot.com/)"
80.82.70.206 - - [07/Feb/2020:12:27:27 -0800] "POST /wp/wp-login.php HTTP/1.1" 200 6045 "-" "Mozilla/5.0 (Windows NT 6.1; WOW64; rv:18.0) Gecko/20100101 Firefox/18.0"
80.82.70.206 - - [07/Feb/2020:12:27:28 -0800] "POST /wp/wp-login.php HTTP/1.1" 200 6045 "-" "Mozilla/5.0 (Windows NT 6.1; WOW64; rv:18.0) Gecko/20100101 Firefox/18.0"
80.82.70.206 - - [07/Feb/2020:12:27:29 -0800] "POST /wp/wp-login.php HTTP/1.1" 200 6045 "-" "Mozilla/5.0 (Windows NT 6.1; WOW64; rv:18.0) Gecko/20100101 Firefox/18.0"
80.82.70.206 - - [07/Feb/2020:12:27:29 -0800] "POST /wp/wp-login.php HTTP/1.1" 200 6045 "-" "Mozilla/5.0 (Windows NT 6.1; WOW64; rv:18.0) Gecko/20100101 Firefox/18.0"
80.82.70.206 - - [07/Feb/2020:12:27:30 -0800] "POST /wp/wp-login.php HTTP/1.1" 200 6045 "-" "Mozilla/5.0 (Windows NT 6.1; WOW64; rv:18.0) Gecko/20100101 Firefox/18.0"
80.82.70.206 - - [07/Feb/2020:12:27:31 -0800] "POST /wp/wp-login.php HTTP/1.1" 200 6045 "-" "Mozilla/5.0 (Windows NT 6.1; WOW64; rv:18.0) Gecko/20100101 Firefox/18.0"
173.208.130.202 - - [07/Feb/2020:12:27:29 -0800] "GET /index.php?title=Special:UserLogin&returnto=Resume&returntoquery=diff=cur%26oldid=579&printable=yes HTTP/1.1" 200 13064 "-" "Mozilla/5.0 (compatible; MJ12bot/v1.4.8; http://mj12bot.com/)"
80.82.70.206 - - [07/Feb/2020:12:27:32 -0800] "POST /wp/wp-login.php HTTP/1.1" 200 6045 "-" "Mozilla/5.0 (Windows NT 6.1; WOW64; rv:18.0) Gecko/20100101 Firefox/18.0"
80.82.70.206 - - [07/Feb/2020:12:27:33 -0800] "POST /wp/wp-login.php HTTP/1.1" 200 6045 "-" "Mozilla/5.0 (Windows NT 6.1; WOW64; rv:18.0) Gecko/20100101 Firefox/18.0"
80.82.70.206 - - [07/Feb/2020:12:27:34 -0800] "POST /wp/wp-login.php HTTP/1.1" 200 6045 "-" "Mozilla/5.0 (Windows NT 6.1; WOW64; rv:18.0) Gecko/20100101 Firefox/18.0"
80.82.70.206 - - [07/Feb/2020:12:27:35 -0800] "POST /wp/wp-login.php HTTP/1.1" 200 6045 "-" "Mozilla/5.0 (Windows NT 6.1; WOW64; rv:18.0) Gecko/20100101 Firefox/18.0"
80.82.70.206 - - [07/Feb/2020:12:27:36 -0800] "POST /wp/wp-login.php HTTP/1.1" 200 6045 "-" "Mozilla/5.0 (Windows NT 6.1; WOW64; rv:18.0) Gecko/20100101 Firefox/18.0"
173.208.130.202 - - [07/Feb/2020:12:27:34 -0800] "GET /index.php?title=Special:UserLogin&returnto=Resume&returntoquery=diff=next%26oldid=567&printable=yes HTTP/1.1" 200 13066 "-" "Mozilla/5.0 (compatible; MJ12bot/v1.4.8; http://mj12bot.com/)"
80.82.70.206 - - [07/Feb/2020:12:27:37 -0800] "POST /wp/wp-login.php HTTP/1.1" 200 6045 "-" "Mozilla/5.0 (Windows NT 6.1; WOW64; rv:18.0) Gecko/20100101 Firefox/18.0"
148.251.9.145 - - [07/Feb/2020:12:27:35 -0800] "GET /index.php?title=Main_Page&direction=prev&oldid=124&printable=yes HTTP/1.1" 200 16960 "-" "Mozilla/5.0 (compatible; MJ12bot/v1.4.8; http://mj12bot.com/)"
80.82.70.206 - - [07/Feb/2020:12:27:38 -0800] "POST /wp/wp-login.php HTTP/1.1" 200 6045 "-" "Mozilla/5.0 (Windows NT 6.1; WOW64; rv:18.0) Gecko/20100101 Firefox/18.0"
80.82.70.206 - - [07/Feb/2020:12:27:39 -0800] "POST /wp/wp-login.php HTTP/1.1" 200 6045 "-" "Mozilla/5.0 (Windows NT 6.1; WOW64; rv:18.0) Gecko/20100101 Firefox/18.0"
80.82.70.206 - - [07/Feb/2020:12:27:40 -0800] "POST /wp/wp-login.php HTTP/1.1" 200 6045 "-" "Mozilla/5.0 (Windows NT 6.1; WOW64; rv:18.0) Gecko/20100101 Firefox/18.0"
173.208.130.202 - - [07/Feb/2020:12:27:40 -0800] "GET /index.php?title=Special:UserLogin&returnto=Security%2B%20Threats,%20Attacks%20and%20Vulnerabilities&returntoquery=direction=prev%26oldid=201 HTTP/1.1" 200 13474 "-" "Mozilla/5.0 (compatible; MJ12bot/v1.4.8; http://mj12bot.com/)"
80.82.70.206 - - [07/Feb/2020:12:27:41 -0800] "POST /wp/wp-login.php HTTP/1.1" 200 6045 "-" "Mozilla/5.0 (Windows NT 6.1; WOW64; rv:18.0) Gecko/20100101 Firefox/18.0"
80.82.70.206 - - [07/Feb/2020:12:27:41 -0800] "POST /wp/wp-login.php HTTP/1.1" 200 6045 "-" "Mozilla/5.0 (Windows NT 6.1; WOW64; rv:18.0) Gecko/20100101 Firefox/18.0"
80.82.70.206 - - [07/Feb/2020:12:27:42 -0800] "POST /wp/wp-login.php HTTP/1.1" 200 6045 "-" "Mozilla/5.0 (Windows NT 6.1; WOW64; rv:18.0) Gecko/20100101 Firefox/18.0"
80.82.70.206 - - [07/Feb/2020:12:27:43 -0800] "POST /wp/wp-login.php HTTP/1.1" 200 6045 "-" "Mozilla/5.0 (Windows NT 6.1; WOW64; rv:18.0) Gecko/20100101 Firefox/18.0"
80.82.70.206 - - [07/Feb/2020:12:27:44 -0800] "POST /wp/wp-login.php HTTP/1.1" 200 6045 "-" "Mozilla/5.0 (Windows NT 6.1; WOW64; rv:18.0) Gecko/20100101 Firefox/18.0"
173.208.130.202 - - [07/Feb/2020:12:27:43 -0800] "GET /index.php?title=Special:UserLogin&returnto=Security%2B%20Threats,%20Attacks%20and%20Vulnerabilities&returntoquery=oldid=136%26printable=yes HTTP/1.1" 200 13471 "-" "Mozilla/5.0 (compatible; MJ12bot/v1.4.8; http://mj12bot.com/)"
148.251.9.145 - - [07/Feb/2020:12:27:44 -0800] "GET /index.php?title=Main_Page&direction=prev&oldid=125&printable=yes HTTP/1.1" 200 17006 "-" "Mozilla/5.0 (compatible; MJ12bot/v1.4.8; http://mj12bot.com/)"
80.82.70.206 - - [07/Feb/2020:12:27:45 -0800] "POST /wp/wp-login.php HTTP/1.1" 200 6045 "-" "Mozilla/5.0 (Windows NT 6.1; WOW64; rv:18.0) Gecko/20100101 Firefox/18.0"
80.82.70.206 - - [07/Feb/2020:12:27:46 -0800] "POST /wp/wp-login.php HTTP/1.1" 200 6045 "-" "Mozilla/5.0 (Windows NT 6.1; WOW64; rv:18.0) Gecko/20100101 Firefox/18.0"
80.82.70.206 - - [07/Feb/2020:12:27:47 -0800] "POST /wp/wp-login.php HTTP/1.1" 200 6045 "-" "Mozilla/5.0 (Windows NT 6.1; WOW64; rv:18.0) Gecko/20100101 Firefox/18.0"
173.208.130.202 - - [07/Feb/2020:12:27:47 -0800] "GET /index.php?title=Special:UserLogin&returnto=Security%2B%20Threats,%20Attacks%20and%20Vulnerabilities&returntoquery=oldid=149%26printable=yes HTTP/1.1" 200 13471 "-" "Mozilla/5.0 (compatible; MJ12bot/v1.4.8; http://mj12bot.com/)"
80.82.70.206 - - [07/Feb/2020:12:27:48 -0800] "POST /wp/wp-login.php HTTP/1.1" 200 6045 "-" "Mozilla/5.0 (Windows NT 6.1; WOW64; rv:18.0) Gecko/20100101 Firefox/18.0"
80.82.70.206 - - [07/Feb/2020:12:27:49 -0800] "POST /wp/wp-login.php HTTP/1.1" 200 6045 "-" "Mozilla/5.0 (Windows NT 6.1; WOW64; rv:18.0) Gecko/20100101 Firefox/18.0"
80.82.70.206 - - [07/Feb/2020:12:27:49 -0800] "POST /wp/wp-login.php HTTP/1.1" 200 6045 "-" "Mozilla/5.0 (Windows NT 6.1; WOW64; rv:18.0) Gecko/20100101 Firefox/18.0"
173.208.130.202 - - [07/Feb/2020:12:27:50 -0800] "GET /index.php?title=Special:UserLogin&returnto=Security%2B%20Threats,%20Attacks%20and%20Vulnerabilities&returntoquery=oldid=150 HTTP/1.1" 200 13416 "-" "Mozilla/5.0 (compatible; MJ12bot/v1.4.8; http://mj12bot.com/)"
80.82.70.206 - - [07/Feb/2020:12:27:50 -0800] "POST /wp/wp-login.php HTTP/1.1" 200 6045 "-" "Mozilla/5.0 (Windows NT 6.1; WOW64; rv:18.0) Gecko/20100101 Firefox/18.0"
80.82.70.206 - - [07/Feb/2020:12:27:51 -0800] "POST /wp/wp-login.php HTTP/1.1" 200 6045 "-" "Mozilla/5.0 (Windows NT 6.1; WOW64; rv:18.0) Gecko/20100101 Firefox/18.0"
80.82.70.206 - - [07/Feb/2020:12:27:52 -0800] "POST /wp/wp-login.php HTTP/1.1" 200 6045 "-" "Mozilla/5.0 (Windows NT 6.1; WOW64; rv:18.0) Gecko/20100101 Firefox/18.0"
173.208.130.202 - - [07/Feb/2020:12:27:52 -0800] "GET /index.php?title=Special:UserLogin&returnto=Security%2B%20Threats,%20Attacks%20and%20Vulnerabilities&returntoquery=oldid=150%26printable=yes HTTP/1.1" 200 13470 "-" "Mozilla/5.0 (compatible; MJ12bot/v1.4.8; http://mj12bot.com/)"
80.82.70.206 - - [07/Feb/2020:12:27:53 -0800] "POST /wp/wp-login.php HTTP/1.1" 200 6045 "-" "Mozilla/5.0 (Windows NT 6.1; WOW64; rv:18.0) Gecko/20100101 Firefox/18.0"
80.82.70.206 - - [07/Feb/2020:12:27:54 -0800] "POST /wp/wp-login.php HTTP/1.1" 200 6045 "-" "Mozilla/5.0 (Windows NT 6.1; WOW64; rv:18.0) Gecko/20100101 Firefox/18.0"
80.82.70.206 - - [07/Feb/2020:12:27:55 -0800] "POST /wp/wp-login.php HTTP/1.1" 200 6045 "-" "Mozilla/5.0 (Windows NT 6.1; WOW64; rv:18.0) Gecko/20100101 Firefox/18.0"
148.251.9.145 - - [07/Feb/2020:12:27:53 -0800] "GET /index.php?title=Main_Page&oldid=117 HTTP/1.1" 200 16978 "-" "Mozilla/5.0 (compatible; MJ12bot/v1.4.8; http://mj12bot.com/)"
80.82.70.206 - - [07/Feb/2020:12:27:56 -0800] "POST /wp/wp-login.php HTTP/1.1" 200 6045 "-" "Mozilla/5.0 (Windows NT 6.1; WOW64; rv:18.0) Gecko/20100101 Firefox/18.0"
173.208.130.202 - - [07/Feb/2020:12:27:55 -0800] "GET /index.php?title=Special:UserLogin&returnto=Security%2B%20Threats,%20Attacks%20and%20Vulnerabilities&returntoquery=oldid=151 HTTP/1.1" 200 13417 "-" "Mozilla/5.0 (compatible; MJ12bot/v1.4.8; http://mj12bot.com/)"
80.82.70.206 - - [07/Feb/2020:12:27:57 -0800] "POST /wp/wp-login.php HTTP/1.1" 200 6045 "-" "Mozilla/5.0 (Windows NT 6.1; WOW64; rv:18.0) Gecko/20100101 Firefox/18.0"
80.82.70.206 - - [07/Feb/2020:12:27:58 -0800] "POST /wp/wp-login.php HTTP/1.1" 200 6045 "-" "Mozilla/5.0 (Windows NT 6.1; WOW64; rv:18.0) Gecko/20100101 Firefox/18.0"
80.82.70.206 - - [07/Feb/2020:12:27:58 -0800] "POST /wp/wp-login.php HTTP/1.1" 200 6045 "-" "Mozilla/5.0 (Windows NT 6.1; WOW64; rv:18.0) Gecko/20100101 Firefox/18.0"
173.208.130.202 - - [07/Feb/2020:12:27:59 -0800] "GET /index.php?title=Special:UserLogin&returnto=Security%2B%20Threats,%20Attacks%20and%20Vulnerabilities&returntoquery=oldid=152 HTTP/1.1" 200 13416 "-" "Mozilla/5.0 (compatible; MJ12bot/v1.4.8; http://mj12bot.com/)"
80.82.70.206 - - [07/Feb/2020:12:27:59 -0800] "POST /wp/wp-login.php HTTP/1.1" 200 6045 "-" "Mozilla/5.0 (Windows NT 6.1; WOW64; rv:18.0) Gecko/20100101 Firefox/18.0"
80.82.70.206 - - [07/Feb/2020:12:28:00 -0800] "POST /wp/wp-login.php HTTP/1.1" 200 6045 "-" "Mozilla/5.0 (Windows NT 6.1; WOW64; rv:18.0) Gecko/20100101 Firefox/18.0"
