46.229.168.129 - - [07/Feb/2020:12:43:40 -0800] "GET /index.php?hidelinks=1&hideredirs=1&limit=100&title=Special%3AWhatLinksHere%2FDMZ HTTP/1.1" 404 14375 "-" "Mozilla/5.0 (compatible; SemrushBot/6~bl; +http://www.semrush.com/bot.html)"
5.9.138.189 - - [07/Feb/2020:12:43:42 -0800] "GET /index.php?title=Special:CreateAccount&returnto=Security%2B%20Risk%20Management&returntoquery=diff=233%26oldid=232&printable=yes HTTP/1.1" 200 10518 "-" "Mozilla/5.0 (compatible; MJ12bot/v1.4.8; http://mj12bot.com/)"
5.9.138.189 - - [07/Feb/2020:12:43:44 -0800] "GET /index.php?title=Special:CreateAccount&returnto=Security%2B%20Risk%20Management&returntoquery=diff=234%26oldid=233 HTTP/1.1" 200 10806 "-" "Mozilla/5.0 (compatible; MJ12bot/v1.4.8; http://mj12bot.com/)"
5.9.138.189 - - [07/Feb/2020:12:43:48 -0800] "GET /index.php?title=Special:CreateAccount&returnto=Security%2B%20Risk%20Management&returntoquery=diff=234%26oldid=233&printable=yes HTTP/1.1" 200 10518 "-" "Mozilla/5.0 (compatible; MJ12bot/v1.4.8; http://mj12bot.com/)"
5.9.138.189 - - [07/Feb/2020:12:43:52 -0800] "GET /index.php?title=Special:CreateAccount&returnto=Security%2B%20Risk%20Management&returntoquery=diff=235%26oldid=234 HTTP/1.1" 200 10805 "-" "Mozilla/5.0 (compatible; MJ12bot/v1.4.8; http://mj12bot.com/)"
5.9.138.189 - - [07/Feb/2020:12:43:55 -0800] "GET /index.php?title=Special:CreateAccount&returnto=Security%2B%20Risk%20Management&returntoquery=diff=235%26oldid=234&printable=yes HTTP/1.1" 200 10518 "-" "Mozilla/5.0 (compatible; MJ12bot/v1.4.8; http://mj12bot.com/)"
46.229.168.149 - - [07/Feb/2020:12:43:55 -0800] "GET /index.php?limit=20&printable=yes&title=Special%3AWhatLinksHere%2F-_Software HTTP/1.1" 200 15848 "-" "Mozilla/5.0 (compatible; SemrushBot/6~bl; +http://www.semrush.com/bot.html)"
5.9.138.189 - - [07/Feb/2020:12:43:58 -0800] "GET /index.php?title=Special:CreateAccount&returnto=Security%2B%20Risk%20Management&returntoquery=diff=236%26oldid=235 HTTP/1.1" 200 10805 "-" "Mozilla/5.0 (compatible; MJ12bot/v1.4.8; http://mj12bot.com/)"
46.229.168.130 - - [07/Feb/2020:12:43:59 -0800] "GET /index.php?printable=yes&returnto=Tools%2B%26%2BTechnologies&returntoquery=action%3Dinfo&title=Special%3ACreateAccount HTTP/1.1" 200 10506 "-" "Mozilla/5.0 (compatible; SemrushBot/6~bl; +http://www.semrush.com/bot.html)"
5.9.138.189 - - [07/Feb/2020:12:44:01 -0800] "GET /index.php?title=Special:CreateAccount&returnto=Security%2B%20Risk%20Management&returntoquery=diff=236%26oldid=235&printable=yes HTTP/1.1" 200 10518 "-" "Mozilla/5.0 (compatible; MJ12bot/v1.4.8; http://mj12bot.com/)"
5.9.138.189 - - [07/Feb/2020:12:44:03 -0800] "GET /index.php?title=Special:CreateAccount&returnto=Security%2B%20Risk%20Management&returntoquery=diff=237%26oldid=236 HTTP/1.1" 200 10805 "-" "Mozilla/5.0 (compatible; MJ12bot/v1.4.8; http://mj12bot.com/)"
46.229.168.147 - - [07/Feb/2020:12:44:04 -0800] "GET /index.php?action=history&title=CSC-6.2 HTTP/1.1" 200 29805 "-" "Mozilla/5.0 (compatible; SemrushBot/6~bl; +http://www.semrush.com/bot.html)"
5.9.138.189 - - [07/Feb/2020:12:44:06 -0800] "GET /index.php?title=Special:CreateAccount&returnto=Security%2B%20Risk%20Management&returntoquery=diff=237%26oldid=236&printable=yes HTTP/1.1" 200 10518 "-" "Mozilla/5.0 (compatible; MJ12bot/v1.4.8; http://mj12bot.com/)"
5.9.138.189 - - [07/Feb/2020:12:44:09 -0800] "GET /index.php?title=Special:CreateAccount&returnto=Security%2B%20Risk%20Management&returntoquery=diff=238%26oldid=237 HTTP/1.1" 200 10806 "-" "Mozilla/5.0 (compatible; MJ12bot/v1.4.8; http://mj12bot.com/)"
5.9.138.189 - - [07/Feb/2020:12:44:12 -0800] "GET /index.php?title=Special:CreateAccount&returnto=Security%2B%20Risk%20Management&returntoquery=diff=238%26oldid=237&printable=yes HTTP/1.1" 200 10519 "-" "Mozilla/5.0 (compatible; MJ12bot/v1.4.8; http://mj12bot.com/)"
5.9.138.189 - - [07/Feb/2020:12:44:17 -0800] "GET /index.php?title=Special:CreateAccount&returnto=Security%2B%20Risk%20Management&returntoquery=diff=239%26oldid=238 HTTP/1.1" 200 10805 "-" "Mozilla/5.0 (compatible; MJ12bot/v1.4.8; http://mj12bot.com/)"
5.9.138.189 - - [07/Feb/2020:12:44:20 -0800] "GET /index.php?title=Special:CreateAccount&returnto=Security%2B%20Risk%20Management&returntoquery=diff=239%26oldid=238&printable=yes HTTP/1.1" 200 10519 "-" "Mozilla/5.0 (compatible; MJ12bot/v1.4.8; http://mj12bot.com/)"
5.9.138.189 - - [07/Feb/2020:12:44:24 -0800] "GET /index.php?title=Special:CreateAccount&returnto=Security%2B%20Risk%20Management&returntoquery=diff=240%26oldid=239 HTTP/1.1" 200 10806 "-" "Mozilla/5.0 (compatible; MJ12bot/v1.4.8; http://mj12bot.com/)"
5.9.138.189 - - [07/Feb/2020:12:44:29 -0800] "GET /index.php?title=Special:CreateAccount&returnto=Security%2B%20Risk%20Management&returntoquery=diff=240%26oldid=239&printable=yes HTTP/1.1" 200 10518 "-" "Mozilla/5.0 (compatible; MJ12bot/v1.4.8; http://mj12bot.com/)"
5.9.138.189 - - [07/Feb/2020:12:44:31 -0800] "GET /index.php?title=Special:CreateAccount&returnto=Security%2B%20Risk%20Management&returntoquery=diff=241%26oldid=240 HTTP/1.1" 200 10805 "-" "Mozilla/5.0 (compatible; MJ12bot/v1.4.8; http://mj12bot.com/)"
5.9.138.189 - - [07/Feb/2020:12:44:34 -0800] "GET /index.php?title=Special:CreateAccount&returnto=Security%2B%20Risk%20Management&returntoquery=diff=241%26oldid=240&printable=yes HTTP/1.1" 200 10519 "-" "Mozilla/5.0 (compatible; MJ12bot/v1.4.8; http://mj12bot.com/)"
46.229.168.138 - - [07/Feb/2020:12:44:36 -0800] "GET /index.php?action=info&title=OPCW_Hacking HTTP/1.1" 200 16057 "-" "Mozilla/5.0 (compatible; SemrushBot/6~bl; +http://www.semrush.com/bot.html)"
5.9.138.189 - - [07/Feb/2020:12:44:39 -0800] "GET /index.php?title=Special:CreateAccount&returnto=Security%2B%20Risk%20Management&returntoquery=diff=242%26oldid=241&printable=yes HTTP/1.1" 200 10518 "-" "Mozilla/5.0 (compatible; MJ12bot/v1.4.8; http://mj12bot.com/)"
5.9.138.189 - - [07/Feb/2020:12:44:42 -0800] "GET /index.php?title=Special:CreateAccount&returnto=Security%2B%20Risk%20Management&returntoquery=diff=243%26oldid=242&printable=yes HTTP/1.1" 200 10519 "-" "Mozilla/5.0 (compatible; MJ12bot/v1.4.8; http://mj12bot.com/)"
5.9.138.189 - - [07/Feb/2020:12:44:45 -0800] "GET /index.php?title=Special:CreateAccount&returnto=Security%2B%20Risk%20Management&returntoquery=diff=246%26oldid=245 HTTP/1.1" 200 10805 "-" "Mozilla/5.0 (compatible; MJ12bot/v1.4.8; http://mj12bot.com/)"
5.9.138.189 - - [07/Feb/2020:12:44:48 -0800] "GET /index.php?title=Special:CreateAccount&returnto=Security%2B%20Risk%20Management&returntoquery=diff=246%26oldid=245&printable=yes HTTP/1.1" 200 10518 "-" "Mozilla/5.0 (compatible; MJ12bot/v1.4.8; http://mj12bot.com/)"
5.9.138.189 - - [07/Feb/2020:12:44:50 -0800] "GET /index.php?title=Special:CreateAccount&returnto=Security%2B%20Risk%20Management&returntoquery=diff=247%26oldid=246 HTTP/1.1" 200 10805 "-" "Mozilla/5.0 (compatible; MJ12bot/v1.4.8; http://mj12bot.com/)"
5.9.138.189 - - [07/Feb/2020:12:44:53 -0800] "GET /index.php?title=Special:CreateAccount&returnto=Security%2B%20Risk%20Management&returntoquery=diff=247%26oldid=246&printable=yes HTTP/1.1" 200 10518 "-" "Mozilla/5.0 (compatible; MJ12bot/v1.4.8; http://mj12bot.com/)"
5.9.138.189 - - [07/Feb/2020:12:44:56 -0800] "GET /index.php?title=Special:CreateAccount&returnto=Security%2B%20Risk%20Management&returntoquery=diff=248%26oldid=247 HTTP/1.1" 200 10805 "-" "Mozilla/5.0 (compatible; MJ12bot/v1.4.8; http://mj12bot.com/)"
5.9.138.189 - - [07/Feb/2020:12:44:59 -0800] "GET /index.php?title=Special:CreateAccount&returnto=Security%2B%20Risk%20Management&returntoquery=diff=248%26oldid=247&printable=yes HTTP/1.1" 200 10518 "-" "Mozilla/5.0 (compatible; MJ12bot/v1.4.8; http://mj12bot.com/)"
46.229.168.131 - - [07/Feb/2020:12:44:57 -0800] "GET /index.php?id=818&page=Information_security&printable=yes&title=Special%3ACiteThisPage HTTP/1.1" 200 16286 "-" "Mozilla/5.0 (compatible; SemrushBot/6~bl; +http://www.semrush.com/bot.html)"
5.9.138.189 - - [07/Feb/2020:12:45:02 -0800] "GET /index.php?title=Special:CreateAccount&returnto=Security%2B%20Risk%20Management&returntoquery=diff=249%26oldid=248 HTTP/1.1" 200 10805 "-" "Mozilla/5.0 (compatible; MJ12bot/v1.4.8; http://mj12bot.com/)"
5.9.138.189 - - [07/Feb/2020:12:45:04 -0800] "GET /index.php?title=Special:CreateAccount&returnto=Security%2B%20Risk%20Management&returntoquery=diff=249%26oldid=248&printable=yes HTTP/1.1" 200 10518 "-" "Mozilla/5.0 (compatible; MJ12bot/v1.4.8; http://mj12bot.com/)"
5.9.138.189 - - [07/Feb/2020:12:45:07 -0800] "GET /index.php?title=Special:CreateAccount&returnto=Security%2B%20Risk%20Management&returntoquery=diff=328%26oldid=249 HTTP/1.1" 200 10806 "-" "Mozilla/5.0 (compatible; MJ12bot/v1.4.8; http://mj12bot.com/)"
5.9.138.189 - - [07/Feb/2020:12:45:12 -0800] "GET /index.php?title=Special:CreateAccount&returnto=Security%2B%20Risk%20Management&returntoquery=diff=328%26oldid=249&printable=yes HTTP/1.1" 200 10518 "-" "Mozilla/5.0 (compatible; MJ12bot/v1.4.8; http://mj12bot.com/)"
5.9.138.189 - - [07/Feb/2020:12:45:15 -0800] "GET /index.php?title=Special:CreateAccount&returnto=Security%2B%20Risk%20Management&returntoquery=diff=330%26oldid=328 HTTP/1.1" 200 10805 "-" "Mozilla/5.0 (compatible; MJ12bot/v1.4.8; http://mj12bot.com/)"
5.9.138.189 - - [07/Feb/2020:12:45:18 -0800] "GET /index.php?title=Special:CreateAccount&returnto=Security%2B%20Risk%20Management&returntoquery=diff=330%26oldid=328&printable=yes HTTP/1.1" 200 10518 "-" "Mozilla/5.0 (compatible; MJ12bot/v1.4.8; http://mj12bot.com/)"
5.9.138.189 - - [07/Feb/2020:12:45:21 -0800] "GET /index.php?title=Special:CreateAccount&returnto=Security%2B%20Risk%20Management&returntoquery=diff=331%26oldid=330 HTTP/1.1" 200 10805 "-" "Mozilla/5.0 (compatible; MJ12bot/v1.4.8; http://mj12bot.com/)"
5.9.138.189 - - [07/Feb/2020:12:45:24 -0800] "GET /index.php?title=Special:CreateAccount&returnto=Security%2B%20Risk%20Management&returntoquery=diff=331%26oldid=330&printable=yes HTTP/1.1" 200 10519 "-" "Mozilla/5.0 (compatible; MJ12bot/v1.4.8; http://mj12bot.com/)"
5.9.138.189 - - [07/Feb/2020:12:45:29 -0800] "GET /index.php?title=Special:CreateAccount&returnto=Security%2B%20Risk%20Management&returntoquery=diff=332%26oldid=331 HTTP/1.1" 200 10805 "-" "Mozilla/5.0 (compatible; MJ12bot/v1.4.8; http://mj12bot.com/)"
5.9.138.189 - - [07/Feb/2020:12:45:32 -0800] "GET /index.php?title=Special:CreateAccount&returnto=Security%2B%20Risk%20Management&returntoquery=diff=332%26oldid=331&printable=yes HTTP/1.1" 200 10519 "-" "Mozilla/5.0 (compatible; MJ12bot/v1.4.8; http://mj12bot.com/)"
5.9.138.189 - - [07/Feb/2020:12:45:37 -0800] "GET /index.php?title=Special:CreateAccount&returnto=Security%2B%20Risk%20Management&returntoquery=diff=333%26oldid=332 HTTP/1.1" 200 10806 "-" "Mozilla/5.0 (compatible; MJ12bot/v1.4.8; http://mj12bot.com/)"
5.9.138.189 - - [07/Feb/2020:12:45:43 -0800] "GET /index.php?title=Special:CreateAccount&returnto=Security%2B%20Risk%20Management&returntoquery=diff=333%26oldid=332&printable=yes HTTP/1.1" 200 10518 "-" "Mozilla/5.0 (compatible; MJ12bot/v1.4.8; http://mj12bot.com/)"
148.251.9.145 - - [07/Feb/2020:12:45:44 -0800] "GET /index.php?title=Resume&action=edit&oldid=599 HTTP/1.1" 200 24252 "-" "Mozilla/5.0 (compatible; MJ12bot/v1.4.8; http://mj12bot.com/)"
5.9.138.189 - - [07/Feb/2020:12:45:48 -0800] "GET /index.php?title=Special:CreateAccount&returnto=Security%2B%20Risk%20Management&returntoquery=diff=334%26oldid=333 HTTP/1.1" 200 10806 "-" "Mozilla/5.0 (compatible; MJ12bot/v1.4.8; http://mj12bot.com/)"
148.251.9.145 - - [07/Feb/2020:12:45:48 -0800] "GET /index.php?title=Resume&curid=43&diff=0&oldid=552 HTTP/1.1" 200 176344 "-" "Mozilla/5.0 (compatible; MJ12bot/v1.4.8; http://mj12bot.com/)"
5.9.138.189 - - [07/Feb/2020:12:45:51 -0800] "GET /index.php?title=Special:CreateAccount&returnto=Security%2B%20Risk%20Management&returntoquery=diff=334%26oldid=333&printable=yes HTTP/1.1" 200 10518 "-" "Mozilla/5.0 (compatible; MJ12bot/v1.4.8; http://mj12bot.com/)"
5.9.138.189 - - [07/Feb/2020:12:45:54 -0800] "GET /index.php?title=Special:CreateAccount&returnto=Security%2B%20Risk%20Management&returntoquery=diff=335%26oldid=334&printable=yes HTTP/1.1" 200 10518 "-" "Mozilla/5.0 (compatible; MJ12bot/v1.4.8; http://mj12bot.com/)"
148.251.9.145 - - [07/Feb/2020:12:45:55 -0800] "GET /index.php?title=Resume&curid=43&diff=0&oldid=553 HTTP/1.1" 200 176791 "-" "Mozilla/5.0 (compatible; MJ12bot/v1.4.8; http://mj12bot.com/)"
5.9.138.189 - - [07/Feb/2020:12:45:57 -0800] "GET /index.php?title=Special:CreateAccount&returnto=Security%2B%20Risk%20Management&returntoquery=diff=336%26oldid=335&printable=yes HTTP/1.1" 200 10518 "-" "Mozilla/5.0 (compatible; MJ12bot/v1.4.8; http://mj12bot.com/)"
148.251.9.145 - - [07/Feb/2020:12:45:59 -0800] "GET /index.php?title=Resume&curid=43&diff=0&oldid=554 HTTP/1.1" 200 175201 "-" "Mozilla/5.0 (compatible; MJ12bot/v1.4.8; http://mj12bot.com/)"
5.9.138.189 - - [07/Feb/2020:12:45:59 -0800] "GET /index.php?title=Special:CreateAccount&returnto=Security%2B%20Risk%20Management&returntoquery=diff=337%26oldid=336&printable=yes HTTP/1.1" 200 10518 "-" "Mozilla/5.0 (compatible; MJ12bot/v1.4.8; http://mj12bot.com/)"
5.9.138.189 - - [07/Feb/2020:12:46:03 -0800] "GET /index.php?title=Special:CreateAccount&returnto=Security%2B%20Risk%20Management&returntoquery=diff=338%26oldid=337&printable=yes HTTP/1.1" 200 10519 "-" "Mozilla/5.0 (compatible; MJ12bot/v1.4.8; http://mj12bot.com/)"
148.251.9.145 - - [07/Feb/2020:12:46:04 -0800] "GET /index.php?title=Resume&curid=43&diff=0&oldid=555 HTTP/1.1" 200 174959 "-" "Mozilla/5.0 (compatible; MJ12bot/v1.4.8; http://mj12bot.com/)"
148.251.9.145 - - [07/Feb/2020:12:46:07 -0800] "GET /index.php?title=Resume&curid=43&diff=0&oldid=569 HTTP/1.1" 200 114028 "-" "Mozilla/5.0 (compatible; MJ12bot/v1.4.8; http://mj12bot.com/)"
5.9.138.189 - - [07/Feb/2020:12:46:07 -0800] "GET /index.php?title=Special:CreateAccount&returnto=Security%2B%20Risk%20Management&returntoquery=diff=347%26oldid=338&printable=yes HTTP/1.1" 200 10519 "-" "Mozilla/5.0 (compatible; MJ12bot/v1.4.8; http://mj12bot.com/)"
148.251.9.145 - - [07/Feb/2020:12:46:10 -0800] "GET /index.php?title=Resume&curid=43&diff=0&oldid=570 HTTP/1.1" 200 113839 "-" "Mozilla/5.0 (compatible; MJ12bot/v1.4.8; http://mj12bot.com/)"
5.9.138.189 - - [07/Feb/2020:12:46:12 -0800] "GET /index.php?title=Special:CreateAccount&returnto=Security%2B%20Risk%20Management&returntoquery=diff=348%26oldid=229&printable=yes HTTP/1.1" 200 10519 "-" "Mozilla/5.0 (compatible; MJ12bot/v1.4.8; http://mj12bot.com/)"
5.9.138.189 - - [07/Feb/2020:12:46:15 -0800] "GET /index.php?title=Special:CreateAccount&returnto=Security%2B%20Risk%20Management&returntoquery=diff=348%26oldid=230&printable=yes HTTP/1.1" 200 10519 "-" "Mozilla/5.0 (compatible; MJ12bot/v1.4.8; http://mj12bot.com/)"
148.251.9.145 - - [07/Feb/2020:12:46:17 -0800] "GET /index.php?title=Resume&curid=43&diff=0&oldid=571 HTTP/1.1" 200 112738 "-" "Mozilla/5.0 (compatible; MJ12bot/v1.4.8; http://mj12bot.com/)"
5.9.138.189 - - [07/Feb/2020:12:46:21 -0800] "GET /index.php?title=Special:CreateAccount&returnto=Security%2B%20Risk%20Management&returntoquery=diff=348%26oldid=231&printable=yes HTTP/1.1" 200 10518 "-" "Mozilla/5.0 (compatible; MJ12bot/v1.4.8; http://mj12bot.com/)"
46.229.168.135 - - [07/Feb/2020:12:46:22 -0800] "GET /index.php?hideredirs=1&hidetrans=1&limit=50&title=Special%3AWhatLinksHere%2FImpact HTTP/1.1" 200 17107 "-" "Mozilla/5.0 (compatible; SemrushBot/6~bl; +http://www.semrush.com/bot.html)"
46.229.168.152 - - [07/Feb/2020:12:46:24 -0800] "GET /index.php?returnto=Talk%3ASecure%2Bboot%2Band%2Battestation&title=Special%3ACreateAccount HTTP/1.1" 200 10746 "-" "Mozilla/5.0 (compatible; SemrushBot/6~bl; +http://www.semrush.com/bot.html)"
148.251.9.145 - - [07/Feb/2020:12:46:24 -0800] "GET /index.php?title=Resume&curid=43&diff=0&oldid=573 HTTP/1.1" 200 110250 "-" "Mozilla/5.0 (compatible; MJ12bot/v1.4.8; http://mj12bot.com/)"
5.9.138.189 - - [07/Feb/2020:12:46:26 -0800] "GET /index.php?title=Special:CreateAccount&returnto=Security%2B%20Risk%20Management&returntoquery=diff=348%26oldid=232&printable=yes HTTP/1.1" 200 10519 "-" "Mozilla/5.0 (compatible; MJ12bot/v1.4.8; http://mj12bot.com/)"
5.9.138.189 - - [07/Feb/2020:12:46:28 -0800] "GET /index.php?title=Special:CreateAccount&returnto=Security%2B%20Risk%20Management&returntoquery=diff=348%26oldid=234&printable=yes HTTP/1.1" 200 10518 "-" "Mozilla/5.0 (compatible; MJ12bot/v1.4.8; http://mj12bot.com/)"
5.9.138.189 - - [07/Feb/2020:12:46:31 -0800] "GET /index.php?title=Special:CreateAccount&returnto=Security%2B%20Risk%20Management&returntoquery=diff=348%26oldid=235&printable=yes HTTP/1.1" 200 10518 "-" "Mozilla/5.0 (compatible; MJ12bot/v1.4.8; http://mj12bot.com/)"
148.251.9.145 - - [07/Feb/2020:12:46:31 -0800] "GET /index.php?title=Resume&curid=43&diff=0&oldid=574 HTTP/1.1" 200 111427 "-" "Mozilla/5.0 (compatible; MJ12bot/v1.4.8; http://mj12bot.com/)"
5.9.138.189 - - [07/Feb/2020:12:46:35 -0800] "GET /index.php?title=Special:CreateAccount&returnto=Security%2B%20Risk%20Management&returntoquery=diff=348%26oldid=236&printable=yes HTTP/1.1" 200 10519 "-" "Mozilla/5.0 (compatible; MJ12bot/v1.4.8; http://mj12bot.com/)"
148.251.9.145 - - [07/Feb/2020:12:46:37 -0800] "GET /index.php?title=Resume&curid=43&diff=0&oldid=575 HTTP/1.1" 200 111042 "-" "Mozilla/5.0 (compatible; MJ12bot/v1.4.8; http://mj12bot.com/)"
5.9.138.189 - - [07/Feb/2020:12:46:38 -0800] "GET /index.php?title=Special:CreateAccount&returnto=Security%2B%20Risk%20Management&returntoquery=diff=348%26oldid=237&printable=yes HTTP/1.1" 200 10518 "-" "Mozilla/5.0 (compatible; MJ12bot/v1.4.8; http://mj12bot.com/)"
5.9.138.189 - - [07/Feb/2020:12:46:41 -0800] "GET /index.php?title=Special:CreateAccount&returnto=Security%2B%20Risk%20Management&returntoquery=diff=348%26oldid=238&printable=yes HTTP/1.1" 200 10518 "-" "Mozilla/5.0 (compatible; MJ12bot/v1.4.8; http://mj12bot.com/)"
46.229.168.130 - - [07/Feb/2020:12:46:40 -0800] "GET /index.php?printable=yes&returnto=Special%3AWhatLinksHere%2FSocial%2Bengineering&returntoquery=hideredirs%3D1%26limit%3D250&title=Special%3AUserLogin HTTP/1.1" 200 13148 "-" "Mozilla/5.0 (compatible; SemrushBot/6~bl; +http://www.semrush.com/bot.html)"
148.251.9.145 - - [07/Feb/2020:12:46:42 -0800] "GET /index.php?title=Resume&curid=43&diff=0&oldid=576 HTTP/1.1" 200 108927 "-" "Mozilla/5.0 (compatible; MJ12bot/v1.4.8; http://mj12bot.com/)"
5.9.138.189 - - [07/Feb/2020:12:46:44 -0800] "GET /index.php?title=Special:CreateAccount&returnto=Security%2B%20Risk%20Management&returntoquery=diff=348%26oldid=239&printable=yes HTTP/1.1" 200 10518 "-" "Mozilla/5.0 (compatible; MJ12bot/v1.4.8; http://mj12bot.com/)"
46.229.168.135 - - [07/Feb/2020:12:46:44 -0800] "GET /index.php?fulltext=1&profile=all&search=OAUTH&title=Special%3ASearch HTTP/1.1" 200 15839 "-" "Mozilla/5.0 (compatible; SemrushBot/6~bl; +http://www.semrush.com/bot.html)"
5.9.138.189 - - [07/Feb/2020:12:46:47 -0800] "GET /index.php?title=Special:CreateAccount&returnto=Security%2B%20Risk%20Management&returntoquery=diff=348%26oldid=241&printable=yes HTTP/1.1" 200 10518 "-" "Mozilla/5.0 (compatible; MJ12bot/v1.4.8; http://mj12bot.com/)"
148.251.9.145 - - [07/Feb/2020:12:46:50 -0800] "GET /index.php?title=Resume&curid=43&diff=0&oldid=577 HTTP/1.1" 200 109611 "-" "Mozilla/5.0 (compatible; MJ12bot/v1.4.8; http://mj12bot.com/)"
5.9.138.189 - - [07/Feb/2020:12:46:51 -0800] "GET /index.php?title=Special:CreateAccount&returnto=Security%2B%20Risk%20Management&returntoquery=diff=348%26oldid=242&printable=yes HTTP/1.1" 200 10518 "-" "Mozilla/5.0 (compatible; MJ12bot/v1.4.8; http://mj12bot.com/)"
5.9.138.189 - - [07/Feb/2020:12:46:54 -0800] "GET /index.php?title=Special:CreateAccount&returnto=Security%2B%20Risk%20Management&returntoquery=diff=348%26oldid=243&printable=yes HTTP/1.1" 200 10518 "-" "Mozilla/5.0 (compatible; MJ12bot/v1.4.8; http://mj12bot.com/)"
148.251.9.145 - - [07/Feb/2020:12:46:56 -0800] "GET /index.php?title=Resume&curid=43&diff=538&oldid=537 HTTP/1.1" 200 26474 "-" "Mozilla/5.0 (compatible; MJ12bot/v1.4.8; http://mj12bot.com/)"
5.9.138.189 - - [07/Feb/2020:12:46:57 -0800] "GET /index.php?title=Special:CreateAccount&returnto=Security%2B%20Risk%20Management&returntoquery=diff=348%26oldid=244&printable=yes HTTP/1.1" 200 10518 "-" "Mozilla/5.0 (compatible; MJ12bot/v1.4.8; http://mj12bot.com/)"
5.9.138.189 - - [07/Feb/2020:12:47:01 -0800] "GET /index.php?title=Special:CreateAccount&returnto=Security%2B%20Risk%20Management&returntoquery=diff=348%26oldid=245&printable=yes HTTP/1.1" 200 10518 "-" "Mozilla/5.0 (compatible; MJ12bot/v1.4.8; http://mj12bot.com/)"
148.251.9.145 - - [07/Feb/2020:12:47:02 -0800] "GET /index.php?title=Resume&curid=43&diff=539&oldid=538 HTTP/1.1" 200 22741 "-" "Mozilla/5.0 (compatible; MJ12bot/v1.4.8; http://mj12bot.com/)"
5.9.138.189 - - [07/Feb/2020:12:47:05 -0800] "GET /index.php?title=Special:CreateAccount&returnto=Security%2B%20Risk%20Management&returntoquery=diff=348%26oldid=246&printable=yes HTTP/1.1" 200 10518 "-" "Mozilla/5.0 (compatible; MJ12bot/v1.4.8; http://mj12bot.com/)"
46.229.168.135 - - [07/Feb/2020:12:47:06 -0800] "GET /index.php?fulltext=1&profile=images&search=-Ad%2Bhoc&title=Special%3ASearch HTTP/1.1" 200 15011 "-" "Mozilla/5.0 (compatible; SemrushBot/6~bl; +http://www.semrush.com/bot.html)"
5.9.138.189 - - [07/Feb/2020:12:47:08 -0800] "GET /index.php?title=Special:CreateAccount&returnto=Security%2B%20Risk%20Management&returntoquery=diff=348%26oldid=247&printable=yes HTTP/1.1" 200 10519 "-" "Mozilla/5.0 (compatible; MJ12bot/v1.4.8; http://mj12bot.com/)"
5.9.138.189 - - [07/Feb/2020:12:47:11 -0800] "GET /index.php?title=Special:CreateAccount&returnto=Security%2B%20Risk%20Management&returntoquery=diff=348%26oldid=248&printable=yes HTTP/1.1" 200 10518 "-" "Mozilla/5.0 (compatible; MJ12bot/v1.4.8; http://mj12bot.com/)"
148.251.9.145 - - [07/Feb/2020:12:47:15 -0800] "GET /index.php?title=Resume&curid=43&diff=541&oldid=540 HTTP/1.1" 200 28753 "-" "Mozilla/5.0 (compatible; MJ12bot/v1.4.8; http://mj12bot.com/)"
5.9.138.189 - - [07/Feb/2020:12:47:15 -0800] "GET /index.php?title=Special:CreateAccount&returnto=Security%2B%20Risk%20Management&returntoquery=diff=348%26oldid=249&printable=yes HTTP/1.1" 200 10520 "-" "Mozilla/5.0 (compatible; MJ12bot/v1.4.8; http://mj12bot.com/)"
46.229.168.138 - - [07/Feb/2020:12:47:22 -0800] "GET /index.php?limit=50&title=Special%3AWhatLinksHere%2FCSC-2.9 HTTP/1.1" 200 16454 "-" "Mozilla/5.0 (compatible; SemrushBot/6~bl; +http://www.semrush.com/bot.html)"
46.229.168.162 - - [07/Feb/2020:12:47:42 -0800] "GET /index.php?printable=yes&returnto=Incident%2Bresponse&returntoquery=printable%3Dyes&title=Special%3AUserLogin HTTP/1.1" 200 13072 "-" "Mozilla/5.0 (compatible; SemrushBot/6~bl; +http://www.semrush.com/bot.html)"
148.251.9.145 - - [07/Feb/2020:12:47:43 -0800] "GET /index.php?title=Resume&curid=43&diff=579&oldid=578 HTTP/1.1" 200 51671 "-" "Mozilla/5.0 (compatible; MJ12bot/v1.4.8; http://mj12bot.com/)"
5.9.138.189 - - [07/Feb/2020:12:47:44 -0800] "GET /index.php?title=Special:CreateAccount&returnto=Security%2B%20Risk%20Management&returntoquery=diff=348%26oldid=328&printable=yes HTTP/1.1" 200 10518 "-" "Mozilla/5.0 (compatible; MJ12bot/v1.4.8; http://mj12bot.com/)"
46.229.168.145 - - [07/Feb/2020:12:47:44 -0800] "GET /index.php?returnto=ID.AM-2&returntoquery=direction%3Dprev%26oldid%3D1954&title=Special%3AUserLogin HTTP/1.1" 200 13349 "-" "Mozilla/5.0 (compatible; SemrushBot/6~bl; +http://www.semrush.com/bot.html)"
5.9.138.189 - - [07/Feb/2020:12:47:47 -0800] "GET /index.php?title=Special:CreateAccount&returnto=Security%2B%20Risk%20Management&returntoquery=diff=348%26oldid=330&printable=yes HTTP/1.1" 200 10519 "-" "Mozilla/5.0 (compatible; MJ12bot/v1.4.8; http://mj12bot.com/)"
46.229.168.133 - - [07/Feb/2020:12:47:46 -0800] "GET /index.php?diff=3675&oldid=3429&title=CSC-12.3 HTTP/1.1" 200 12202 "-" "Mozilla/5.0 (compatible; SemrushBot/6~bl; +http://www.semrush.com/bot.html)"
5.9.138.189 - - [07/Feb/2020:12:47:50 -0800] "GET /index.php?title=Special:CreateAccount&returnto=Security%2B%20Risk%20Management&returntoquery=diff=348%26oldid=331&printable=yes HTTP/1.1" 200 10518 "-" "Mozilla/5.0 (compatible; MJ12bot/v1.4.8; http://mj12bot.com/)"
148.251.9.145 - - [07/Feb/2020:12:47:52 -0800] "GET /index.php?title=Resume&curid=43&diff=580&oldid=579 HTTP/1.1" 200 71798 "-" "Mozilla/5.0 (compatible; MJ12bot/v1.4.8; http://mj12bot.com/)"
5.9.138.189 - - [07/Feb/2020:12:47:53 -0800] "GET /index.php?title=Special:CreateAccount&returnto=Security%2B%20Risk%20Management&returntoquery=diff=348%26oldid=332&printable=yes HTTP/1.1" 200 10518 "-" "Mozilla/5.0 (compatible; MJ12bot/v1.4.8; http://mj12bot.com/)"
5.9.138.189 - - [07/Feb/2020:12:47:55 -0800] "GET /index.php?title=Special:CreateAccount&returnto=Security%2B%20Risk%20Management&returntoquery=diff=348%26oldid=333&printable=yes HTTP/1.1" 200 10518 "-" "Mozilla/5.0 (compatible; MJ12bot/v1.4.8; http://mj12bot.com/)"
5.9.138.189 - - [07/Feb/2020:12:47:58 -0800] "GET /index.php?title=Special:CreateAccount&returnto=Security%2B%20Risk%20Management&returntoquery=diff=348%26oldid=334&printable=yes HTTP/1.1" 200 10518 "-" "Mozilla/5.0 (compatible; MJ12bot/v1.4.8; http://mj12bot.com/)"
5.9.138.189 - - [07/Feb/2020:12:48:02 -0800] "GET /index.php?title=Special:CreateAccount&returnto=Security%2B%20Technologies%20and%20Tools&returntoquery=diff=394%26oldid=366&printable=yes HTTP/1.1" 200 10526 "-" "Mozilla/5.0 (compatible; MJ12bot/v1.4.8; http://mj12bot.com/)"
148.251.9.145 - - [07/Feb/2020:12:48:02 -0800] "GET /index.php?title=Resume&curid=43&diff=581&oldid=580 HTTP/1.1" 200 44703 "-" "Mozilla/5.0 (compatible; MJ12bot/v1.4.8; http://mj12bot.com/)"
5.9.138.189 - - [07/Feb/2020:12:48:06 -0800] "GET /index.php?title=Special:CreateAccount&returnto=Security%2B%20Technologies%20and%20Tools&returntoquery=diff=394%26oldid=368&printable=yes HTTP/1.1" 200 10525 "-" "Mozilla/5.0 (compatible; MJ12bot/v1.4.8; http://mj12bot.com/)"
5.9.138.189 - - [07/Feb/2020:12:48:09 -0800] "GET /index.php?title=Special:CreateAccount&returnto=Security%2B%20Technologies%20and%20Tools&returntoquery=diff=394%26oldid=369&printable=yes HTTP/1.1" 200 10525 "-" "Mozilla/5.0 (compatible; MJ12bot/v1.4.8; http://mj12bot.com/)"
148.251.9.145 - - [07/Feb/2020:12:48:09 -0800] "GET /index.php?title=Resume&curid=43&diff=582&oldid=581 HTTP/1.1" 200 40031 "-" "Mozilla/5.0 (compatible; MJ12bot/v1.4.8; http://mj12bot.com/)"
5.9.138.189 - - [07/Feb/2020:12:48:12 -0800] "GET /index.php?title=Special:CreateAccount&returnto=Security%2B%20Technologies%20and%20Tools&returntoquery=diff=394%26oldid=370&printable=yes HTTP/1.1" 200 10526 "-" "Mozilla/5.0 (compatible; MJ12bot/v1.4.8; http://mj12bot.com/)"
148.251.9.145 - - [07/Feb/2020:12:48:15 -0800] "GET /index.php?title=Resume&curid=43&diff=583&oldid=582 HTTP/1.1" 200 42427 "-" "Mozilla/5.0 (compatible; MJ12bot/v1.4.8; http://mj12bot.com/)"
5.9.138.189 - - [07/Feb/2020:12:48:20 -0800] "GET /index.php?title=Special:CreateAccount&returnto=Security%2B%20Technologies%20and%20Tools&returntoquery=diff=394%26oldid=371&printable=yes HTTP/1.1" 200 10525 "-" "Mozilla/5.0 (compatible; MJ12bot/v1.4.8; http://mj12bot.com/)"
5.9.138.189 - - [07/Feb/2020:12:48:24 -0800] "GET /index.php?title=Special:CreateAccount&returnto=Security%2B%20Technologies%20and%20Tools&returntoquery=diff=394%26oldid=372&printable=yes HTTP/1.1" 200 10525 "-" "Mozilla/5.0 (compatible; MJ12bot/v1.4.8; http://mj12bot.com/)"
148.251.9.145 - - [07/Feb/2020:12:48:25 -0800] "GET /index.php?title=Resume&curid=43&diff=584&oldid=583 HTTP/1.1" 200 41718 "-" "Mozilla/5.0 (compatible; MJ12bot/v1.4.8; http://mj12bot.com/)"
5.9.138.189 - - [07/Feb/2020:12:48:26 -0800] "GET /index.php?title=Special:CreateAccount&returnto=Security%2B%20Technologies%20and%20Tools&returntoquery=diff=394%26oldid=373&printable=yes HTTP/1.1" 200 10525 "-" "Mozilla/5.0 (compatible; MJ12bot/v1.4.8; http://mj12bot.com/)"
5.9.138.189 - - [07/Feb/2020:12:48:29 -0800] "GET /index.php?title=Special:CreateAccount&returnto=Security%2B%20Technologies%20and%20Tools&returntoquery=diff=394%26oldid=374&printable=yes HTTP/1.1" 200 10525 "-" "Mozilla/5.0 (compatible; MJ12bot/v1.4.8; http://mj12bot.com/)"
5.9.138.189 - - [07/Feb/2020:12:48:33 -0800] "GET /index.php?title=Special:CreateAccount&returnto=Security%2B%20Technologies%20and%20Tools&returntoquery=diff=prev%26oldid=394&printable=yes HTTP/1.1" 200 10526 "-" "Mozilla/5.0 (compatible; MJ12bot/v1.4.8; http://mj12bot.com/)"
5.9.138.189 - - [07/Feb/2020:12:48:35 -0800] "GET /index.php?title=Special:CreateAccount&returnto=Security%2B%20Technologies%20and%20Tools&returntoquery=direction=prev%26oldid=394&printable=yes HTTP/1.1" 200 10531 "-" "Mozilla/5.0 (compatible; MJ12bot/v1.4.8; http://mj12bot.com/)"
148.251.9.145 - - [07/Feb/2020:12:48:35 -0800] "GET /index.php?title=Resume&curid=43&diff=585&oldid=584 HTTP/1.1" 200 41071 "-" "Mozilla/5.0 (compatible; MJ12bot/v1.4.8; http://mj12bot.com/)"
5.9.138.189 - - [07/Feb/2020:12:48:38 -0800] "GET /index.php?title=Special:CreateAccount&returnto=Security%2B%20Technologies%20and%20Tools&returntoquery=oldid=225&printable=yes HTTP/1.1" 200 10512 "-" "Mozilla/5.0 (compatible; MJ12bot/v1.4.8; http://mj12bot.com/)"
5.9.138.189 - - [07/Feb/2020:12:48:42 -0800] "GET /index.php?title=Special:CreateAccount&returnto=Security%2B%20Threats,%20Attacks%20and%20Vulnerabilities&returntoquery=oldid=159&printable=yes HTTP/1.1" 200 10528 "-" "Mozilla/5.0 (compatible; MJ12bot/v1.4.8; http://mj12bot.com/)"
148.251.9.145 - - [07/Feb/2020:12:48:44 -0800] "GET /index.php?title=Resume&curid=43&diff=586&oldid=585 HTTP/1.1" 200 40276 "-" "Mozilla/5.0 (compatible; MJ12bot/v1.4.8; http://mj12bot.com/)"
5.9.138.189 - - [07/Feb/2020:12:48:46 -0800] "GET /index.php?title=Special:CreateAccount&returnto=Security%2B&returntoquery=diff=228%26oldid=226&printable=yes HTTP/1.1" 200 10502 "-" "Mozilla/5.0 (compatible; MJ12bot/v1.4.8; http://mj12bot.com/)"
5.9.138.189 - - [07/Feb/2020:12:48:48 -0800] "GET /index.php?title=Special:CreateAccount&returnto=Security%2B&returntoquery=diff=228%26oldid=227 HTTP/1.1" 200 10773 "-" "Mozilla/5.0 (compatible; MJ12bot/v1.4.8; http://mj12bot.com/)"
5.9.138.189 - - [07/Feb/2020:12:48:51 -0800] "GET /index.php?title=Special:CreateAccount&returnto=Security%2B&returntoquery=diff=228%26oldid=227%26printable=yes HTTP/1.1" 200 10809 "-" "Mozilla/5.0 (compatible; MJ12bot/v1.4.8; http://mj12bot.com/)"
148.251.9.145 - - [07/Feb/2020:12:48:53 -0800] "GET /index.php?title=Resume&curid=43&diff=587&oldid=586 HTTP/1.1" 200 40919 "-" "Mozilla/5.0 (compatible; MJ12bot/v1.4.8; http://mj12bot.com/)"
5.9.138.189 - - [07/Feb/2020:12:48:54 -0800] "GET /index.php?title=Special:CreateAccount&returnto=Security%2B&returntoquery=diff=228%26oldid=227%26printable=yes&printable=yes HTTP/1.1" 200 10520 "-" "Mozilla/5.0 (compatible; MJ12bot/v1.4.8; http://mj12bot.com/)"
5.9.138.189 - - [07/Feb/2020:12:48:57 -0800] "GET /index.php?title=Special:CreateAccount&returnto=Security%2B&returntoquery=diff=cur%26oldid=226 HTTP/1.1" 200 10773 "-" "Mozilla/5.0 (compatible; MJ12bot/v1.4.8; http://mj12bot.com/)"
5.9.138.189 - - [07/Feb/2020:12:49:00 -0800] "GET /index.php?title=Special:CreateAccount&returnto=Security%2B&returntoquery=diff=cur%26oldid=226&printable=yes HTTP/1.1" 200 10502 "-" "Mozilla/5.0 (compatible; MJ12bot/v1.4.8; http://mj12bot.com/)"
148.251.9.145 - - [07/Feb/2020:12:48:59 -0800] "GET /index.php?title=Resume&curid=43&diff=588&oldid=587 HTTP/1.1" 200 46315 "-" "Mozilla/5.0 (compatible; MJ12bot/v1.4.8; http://mj12bot.com/)"
5.9.138.189 - - [07/Feb/2020:12:49:03 -0800] "GET /index.php?title=Special:CreateAccount&returnto=Security%2B&returntoquery=diff=cur%26oldid=227 HTTP/1.1" 200 10773 "-" "Mozilla/5.0 (compatible; MJ12bot/v1.4.8; http://mj12bot.com/)"
5.9.138.189 - - [07/Feb/2020:12:49:07 -0800] "GET /index.php?title=Special:CreateAccount&returnto=Security%2B&returntoquery=diff=prev%26oldid=226&printable=yes HTTP/1.1" 200 10503 "-" "Mozilla/5.0 (compatible; MJ12bot/v1.4.8; http://mj12bot.com/)"
5.9.138.189 - - [07/Feb/2020:12:49:09 -0800] "GET /index.php?title=Special:CreateAccount&returnto=Security%2B&returntoquery=diff=prev%26oldid=227 HTTP/1.1" 200 10775 "-" "Mozilla/5.0 (compatible; MJ12bot/v1.4.8; http://mj12bot.com/)"
148.251.9.145 - - [07/Feb/2020:12:49:11 -0800] "GET /index.php?title=Resume&direction=prev&oldid=574 HTTP/1.1" 200 44225 "-" "Mozilla/5.0 (compatible; MJ12bot/v1.4.8; http://mj12bot.com/)"
5.9.138.189 - - [07/Feb/2020:12:49:13 -0800] "GET /index.php?title=Special:CreateAccount&returnto=Security%2B&returntoquery=diff=prev%26oldid=227&printable=yes HTTP/1.1" 200 10503 "-" "Mozilla/5.0 (compatible; MJ12bot/v1.4.8; http://mj12bot.com/)"
5.9.138.189 - - [07/Feb/2020:12:49:16 -0800] "GET /index.php?title=Special:CreateAccount&returnto=Security%2B&returntoquery=diff=prev%26oldid=228 HTTP/1.1" 200 10775 "-" "Mozilla/5.0 (compatible; MJ12bot/v1.4.8; http://mj12bot.com/)"
5.9.138.189 - - [07/Feb/2020:12:49:19 -0800] "GET /index.php?title=Special:CreateAccount&returnto=Security%2B&returntoquery=diff=prev%26oldid=228%26printable=yes HTTP/1.1" 200 10811 "-" "Mozilla/5.0 (compatible; MJ12bot/v1.4.8; http://mj12bot.com/)"
5.9.138.189 - - [07/Feb/2020:12:49:22 -0800] "GET /index.php?title=Special:CreateAccount&returnto=Security%2B&returntoquery=diff=prev%26oldid=228%26printable=yes&printable=yes HTTP/1.1" 200 10521 "-" "Mozilla/5.0 (compatible; MJ12bot/v1.4.8; http://mj12bot.com/)"
148.251.9.145 - - [07/Feb/2020:12:49:23 -0800] "GET /index.php?title=Resume&direction=prev&oldid=575 HTTP/1.1" 200 44844 "-" "Mozilla/5.0 (compatible; MJ12bot/v1.4.8; http://mj12bot.com/)"
5.9.138.189 - - [07/Feb/2020:12:49:25 -0800] "GET /index.php?title=Special:CreateAccount&returnto=Security%2B&returntoquery=diff=prev%26oldid=228&printable=yes HTTP/1.1" 200 10503 "-" "Mozilla/5.0 (compatible; MJ12bot/v1.4.8; http://mj12bot.com/)"
5.9.138.189 - - [07/Feb/2020:12:49:28 -0800] "GET /index.php?title=Special:CreateAccount&returnto=Security%2B&returntoquery=direction=next%26oldid=226 HTTP/1.1" 200 10785 "-" "Mozilla/5.0 (compatible; MJ12bot/v1.4.8; http://mj12bot.com/)"
46.229.168.138 - - [07/Feb/2020:12:49:29 -0800] "GET /index.php?printable=yes&returnto=Incident%2Bresponse&returntoquery=diff%3Dprev%26oldid%3D637&title=Special%3ACreateAccount HTTP/1.1" 200 10511 "-" "Mozilla/5.0 (compatible; SemrushBot/6~bl; +http://www.semrush.com/bot.html)"
5.9.138.189 - - [07/Feb/2020:12:49:30 -0800] "GET /index.php?title=Special:CreateAccount&returnto=Security%2B&returntoquery=direction=next%26oldid=226&printable=yes HTTP/1.1" 200 10508 "-" "Mozilla/5.0 (compatible; MJ12bot/v1.4.8; http://mj12bot.com/)"
148.251.9.145 - - [07/Feb/2020:12:49:32 -0800] "GET /index.php?title=Resume&feed=atom&action=history HTTP/1.1" 200 75536 "-" "Mozilla/5.0 (compatible; MJ12bot/v1.4.8; http://mj12bot.com/)"
5.9.138.189 - - [07/Feb/2020:12:49:33 -0800] "GET /index.php?title=Special:CreateAccount&returnto=Security%2B&returntoquery=direction=next%26oldid=227 HTTP/1.1" 200 10785 "-" "Mozilla/5.0 (compatible; MJ12bot/v1.4.8; http://mj12bot.com/)"
5.9.138.189 - - [07/Feb/2020:12:49:36 -0800] "GET /index.php?title=Special:CreateAccount&returnto=Security%2B&returntoquery=direction=next%26oldid=227%26printable=yes HTTP/1.1" 200 10822 "-" "Mozilla/5.0 (compatible; MJ12bot/v1.4.8; http://mj12bot.com/)"
5.9.138.189 - - [07/Feb/2020:12:49:40 -0800] "GET /index.php?title=Special:CreateAccount&returnto=Security%2B&returntoquery=direction=next%26oldid=227%26printable=yes&printable=yes HTTP/1.1" 200 10526 "-" "Mozilla/5.0 (compatible; MJ12bot/v1.4.8; http://mj12bot.com/)"
148.251.9.145 - - [07/Feb/2020:12:49:40 -0800] "GET /index.php?title=Resume&oldid=444 HTTP/1.1" 200 19218 "-" "Mozilla/5.0 (compatible; MJ12bot/v1.4.8; http://mj12bot.com/)"
5.9.138.189 - - [07/Feb/2020:12:49:43 -0800] "GET /index.php?title=Special:CreateAccount&returnto=Security%2B&returntoquery=direction=next%26oldid=227&printable=yes HTTP/1.1" 200 10508 "-" "Mozilla/5.0 (compatible; MJ12bot/v1.4.8; http://mj12bot.com/)"
46.229.168.129 - - [07/Feb/2020:12:49:44 -0800] "GET /robots.txt HTTP/1.1" 301 - "-" "Mozilla/5.0 (compatible; SemrushBot/6~bl; +http://www.semrush.com/bot.html)"
5.9.138.189 - - [07/Feb/2020:12:49:45 -0800] "GET /index.php?title=Special:CreateAccount&returnto=Security%2B&returntoquery=direction=prev%26oldid=226 HTTP/1.1" 200 10786 "-" "Mozilla/5.0 (compatible; MJ12bot/v1.4.8; http://mj12bot.com/)"
46.229.168.137 - - [07/Feb/2020:12:49:45 -0800] "GET /Robots.txt HTTP/1.1" 404 11924 "-" "Mozilla/5.0 (compatible; SemrushBot/6~bl; +http://www.semrush.com/bot.html)"
46.229.168.133 - - [07/Feb/2020:12:49:47 -0800] "GET /index.php?printable=yes&returnto=Special%3ARecentChanges&returntoquery=days%3D30%26from%3D20191010071257%26hideliu%3D1%26hidemyself%3D1%26limit%3D100&title=Special%3AUserLogin HTTP/1.1" 200 13204 "-" "Mozilla/5.0 (compatible; SemrushBot/6~bl; +http://www.semrush.com/bot.html)"
5.9.138.189 - - [07/Feb/2020:12:49:50 -0800] "GET /index.php?title=Special:CreateAccount&returnto=Security%2B&returntoquery=direction=prev%26oldid=226&printable=yes HTTP/1.1" 200 10509 "-" "Mozilla/5.0 (compatible; MJ12bot/v1.4.8; http://mj12bot.com/)"
46.229.168.134 - - [07/Feb/2020:12:49:50 -0800] "GET /index.php?printable=yes&title=Special%3AWhatLinksHere%2FSLA HTTP/1.1" 200 15376 "-" "Mozilla/5.0 (compatible; SemrushBot/6~bl; +http://www.semrush.com/bot.html)"
148.251.9.145 - - [07/Feb/2020:12:49:51 -0800] "GET /index.php?title=Resume&oldid=455 HTTP/1.1" 200 19348 "-" "Mozilla/5.0 (compatible; MJ12bot/v1.4.8; http://mj12bot.com/)"
5.9.138.189 - - [07/Feb/2020:12:49:54 -0800] "GET /index.php?title=Special:CreateAccount&returnto=Security%2B&returntoquery=direction=prev%26oldid=227 HTTP/1.1" 200 10785 "-" "Mozilla/5.0 (compatible; MJ12bot/v1.4.8; http://mj12bot.com/)"
5.9.138.189 - - [07/Feb/2020:12:49:58 -0800] "GET /index.php?title=Special:CreateAccount&returnto=Security%2B&returntoquery=direction=prev%26oldid=227&printable=yes HTTP/1.1" 200 10508 "-" "Mozilla/5.0 (compatible; MJ12bot/v1.4.8; http://mj12bot.com/)"
148.251.9.145 - - [07/Feb/2020:12:49:59 -0800] "GET /index.php?title=Resume&oldid=458 HTTP/1.1" 200 18954 "-" "Mozilla/5.0 (compatible; MJ12bot/v1.4.8; http://mj12bot.com/)"
5.9.138.189 - - [07/Feb/2020:12:50:02 -0800] "GET /index.php?title=Special:CreateAccount&returnto=Security%2B&returntoquery=direction=prev%26oldid=228 HTTP/1.1" 200 10785 "-" "Mozilla/5.0 (compatible; MJ12bot/v1.4.8; http://mj12bot.com/)"
5.9.138.189 - - [07/Feb/2020:12:50:06 -0800] "GET /index.php?title=Special:CreateAccount&returnto=Security%2B&returntoquery=direction=prev%26oldid=228%26printable=yes HTTP/1.1" 200 10822 "-" "Mozilla/5.0 (compatible; MJ12bot/v1.4.8; http://mj12bot.com/)"
5.9.138.189 - - [07/Feb/2020:12:50:10 -0800] "GET /index.php?title=Special:CreateAccount&returnto=Security%2B&returntoquery=direction=prev%26oldid=228%26printable=yes&printable=yes HTTP/1.1" 200 10526 "-" "Mozilla/5.0 (compatible; MJ12bot/v1.4.8; http://mj12bot.com/)"
5.9.138.189 - - [07/Feb/2020:12:50:15 -0800] "GET /index.php?title=Special:CreateAccount&returnto=Special:AllMessages&returntoquery=offset=Apihelp-undelete-param-title%26printable=yes HTTP/1.1" 200 10855 "-" "Mozilla/5.0 (compatible; MJ12bot/v1.4.8; http://mj12bot.com/)"
148.251.9.145 - - [07/Feb/2020:12:50:13 -0800] "GET /index.php?title=Resume&oldid=460 HTTP/1.1" 200 18954 "-" "Mozilla/5.0 (compatible; MJ12bot/v1.4.8; http://mj12bot.com/)"
5.9.138.189 - - [07/Feb/2020:12:50:19 -0800] "GET /index.php?title=Special:CreateAccount&returnto=Special:RecentChangesLinked&returntoquery=hideanons=0%26days=14%26target=Main_Page&printable=yes HTTP/1.1" 200 10542 "-" "Mozilla/5.0 (compatible; MJ12bot/v1.4.8; http://mj12bot.com/)"
148.251.9.145 - - [07/Feb/2020:12:50:21 -0800] "GET /index.php?title=Resume&oldid=461 HTTP/1.1" 200 18953 "-" "Mozilla/5.0 (compatible; MJ12bot/v1.4.8; http://mj12bot.com/)"
46.229.168.151 - - [07/Feb/2020:12:50:20 -0800] "GET /index.php?days=14&hidebots=0&hidehumans=1&hideminor=0&title=Special%3ARecentChanges HTTP/1.1" 404 28726 "-" "Mozilla/5.0 (compatible; SemrushBot/6~bl; +http://www.semrush.com/bot.html)"
5.9.138.189 - - [07/Feb/2020:12:50:22 -0800] "GET /index.php?title=Special:CreateAccount&returnto=Special:RecentChangesLinked&returntoquery=hideanons=0%26days=30%26from=20190823231700%26target=Main_Page HTTP/1.1" 200 10902 "-" "Mozilla/5.0 (compatible; MJ12bot/v1.4.8; http://mj12bot.com/)"
5.9.138.189 - - [07/Feb/2020:12:50:27 -0800] "GET /index.php?title=Special:CreateAccount&returnto=Special:RecentChangesLinked&returntoquery=hideanons=0%26days=30%26limit=100%26target=Main_Page HTTP/1.1" 200 10881 "-" "Mozilla/5.0 (compatible; MJ12bot/v1.4.8; http://mj12bot.com/)"
5.9.138.189 - - [07/Feb/2020:12:50:30 -0800] "GET /index.php?title=Special:CreateAccount&returnto=Special:RecentChangesLinked&returntoquery=hideanons=0%26days=30%26limit=250%26target=Main_Page HTTP/1.1" 200 10881 "-" "Mozilla/5.0 (compatible; MJ12bot/v1.4.8; http://mj12bot.com/)"
148.251.9.145 - - [07/Feb/2020:12:50:29 -0800] "GET /index.php?title=Resume&oldid=462 HTTP/1.1" 200 18954 "-" "Mozilla/5.0 (compatible; MJ12bot/v1.4.8; http://mj12bot.com/)"
5.9.138.189 - - [07/Feb/2020:12:50:33 -0800] "GET /index.php?title=Special:CreateAccount&returnto=Special:RecentChangesLinked&returntoquery=hideanons=0%26days=30%26limit=250%26target=Main_Page&printable=yes HTTP/1.1" 200 10557 "-" "Mozilla/5.0 (compatible; MJ12bot/v1.4.8; http://mj12bot.com/)"
5.9.138.189 - - [07/Feb/2020:12:50:38 -0800] "GET /index.php?title=Special:CreateAccount&returnto=Special:RecentChangesLinked&returntoquery=hideanons=0%26days=30%26limit=500%26target=Main_Page HTTP/1.1" 200 10881 "-" "Mozilla/5.0 (compatible; MJ12bot/v1.4.8; http://mj12bot.com/)"
46.229.168.154 - - [07/Feb/2020:12:50:37 -0800] "GET /index.php?printable=yes&returnto=PIPEDA&title=Special%3ACreateAccount HTTP/1.1" 200 10488 "-" "Mozilla/5.0 (compatible; SemrushBot/6~bl; +http://www.semrush.com/bot.html)"
5.9.138.189 - - [07/Feb/2020:12:50:41 -0800] "GET /index.php?title=Special:CreateAccount&returnto=Special:RecentChangesLinked&returntoquery=hideanons=0%26days=30%26limit=500%26target=Main_Page&printable=yes HTTP/1.1" 200 10556 "-" "Mozilla/5.0 (compatible; MJ12bot/v1.4.8; http://mj12bot.com/)"
148.251.9.145 - - [07/Feb/2020:12:50:39 -0800] "GET /index.php?title=Resume&oldid=463 HTTP/1.1" 200 18942 "-" "Mozilla/5.0 (compatible; MJ12bot/v1.4.8; http://mj12bot.com/)"
5.9.138.189 - - [07/Feb/2020:12:50:45 -0800] "GET /index.php?title=Special:CreateAccount&returnto=Special:RecentChangesLinked&returntoquery=hideanons=0%26days=30%26target=Main_Page HTTP/1.1" 200 10853 "-" "Mozilla/5.0 (compatible; MJ12bot/v1.4.8; http://mj12bot.com/)"
5.9.138.189 - - [07/Feb/2020:12:50:50 -0800] "GET /index.php?title=Special:CreateAccount&returnto=Special:RecentChangesLinked&returntoquery=hideanons=0%26days=30%26target=Main_Page%26printable=yes HTTP/1.1" 200 10890 "-" "Mozilla/5.0 (compatible; MJ12bot/v1.4.8; http://mj12bot.com/)"
148.251.9.145 - - [07/Feb/2020:12:50:50 -0800] "GET /index.php?title=Security%2B_Threats,_Attacks_and_Vulnerabilities&diff=393&oldid=203 HTTP/1.1" 200 120494 "-" "Mozilla/5.0 (compatible; MJ12bot/v1.4.8; http://mj12bot.com/)"
5.9.138.189 - - [07/Feb/2020:12:50:53 -0800] "GET /index.php?title=Special:CreateAccount&returnto=Special:RecentChangesLinked&returntoquery=hideanons=0%26days=30%26target=Main_Page%26printable=yes&printable=yes HTTP/1.1" 200 10561 "-" "Mozilla/5.0 (compatible; MJ12bot/v1.4.8; http://mj12bot.com/)"
5.9.138.189 - - [07/Feb/2020:12:50:58 -0800] "GET /index.php?title=Special:CreateAccount&returnto=Special:RecentChangesLinked&returntoquery=hideanons=0%26from=20190823231712%26target=Main_Page HTTP/1.1" 200 10877 "-" "Mozilla/5.0 (compatible; MJ12bot/v1.4.8; http://mj12bot.com/)"
5.9.138.189 - - [07/Feb/2020:12:51:00 -0800] "GET /index.php?title=Special:CreateAccount&returnto=Special:RecentChangesLinked&returntoquery=hideanons=0%26from=20190823231712%26target=Main_Page&printable=yes HTTP/1.1" 200 10554 "-" "Mozilla/5.0 (compatible; MJ12bot/v1.4.8; http://mj12bot.com/)"
148.251.9.145 - - [07/Feb/2020:12:51:02 -0800] "GET /index.php?title=Security%2B_Threats,_Attacks_and_Vulnerabilities&diff=393&oldid=205 HTTP/1.1" 200 120981 "-" "Mozilla/5.0 (compatible; MJ12bot/v1.4.8; http://mj12bot.com/)"
5.9.138.189 - - [07/Feb/2020:12:51:04 -0800] "GET /index.php?title=Special:CreateAccount&returnto=Special:RecentChangesLinked&returntoquery=hideanons=0%26limit=100%26target=Main_Page HTTP/1.1" 200 10858 "-" "Mozilla/5.0 (compatible; MJ12bot/v1.4.8; http://mj12bot.com/)"
5.9.138.189 - - [07/Feb/2020:12:51:07 -0800] "GET /index.php?title=Special:CreateAccount&returnto=Special:RecentChangesLinked&returntoquery=hideanons=1%26hidebots=0%26limit=250%26target=Main_Page HTTP/1.1" 200 10887 "-" "Mozilla/5.0 (compatible; MJ12bot/v1.4.8; http://mj12bot.com/)"
5.9.138.189 - - [07/Feb/2020:12:51:11 -0800] "GET /index.php?title=Special:CreateAccount&returnto=Special:RecentChangesLinked&returntoquery=hideanons=1%26hidebots=0%26limit=500%26target=Main_Page HTTP/1.1" 200 10887 "-" "Mozilla/5.0 (compatible; MJ12bot/v1.4.8; http://mj12bot.com/)"
5.9.138.189 - - [07/Feb/2020:12:51:14 -0800] "GET /index.php?title=Special:CreateAccount&returnto=Special:RecentChangesLinked&returntoquery=hideanons=1%26hidebots=0%26limit=500%26target=Main_Page&printable=yes HTTP/1.1" 200 10560 "-" "Mozilla/5.0 (compatible; MJ12bot/v1.4.8; http://mj12bot.com/)"
148.251.9.145 - - [07/Feb/2020:12:51:14 -0800] "GET /index.php?title=Security%2B_Threats,_Attacks_and_Vulnerabilities&direction=next&oldid=151&printable=yes HTTP/1.1" 200 38742 "-" "Mozilla/5.0 (compatible; MJ12bot/v1.4.8; http://mj12bot.com/)"
46.229.168.132 - - [07/Feb/2020:12:51:19 -0800] "GET /index.php?days=1&hideminor=0&tagfilter=mw-new-redirect&title=Special%3ARecentChanges&userExpLevel=registered HTTP/1.1" 404 29268 "-" "Mozilla/5.0 (compatible; SemrushBot/6~bl; +http://www.semrush.com/bot.html)"
5.9.138.189 - - [07/Feb/2020:12:51:20 -0800] "GET /index.php?title=Special:CreateAccount&returnto=Special:RecentChangesLinked&returntoquery=hideanons=1%26hidebots=0%26target=Main_Page HTTP/1.1" 200 10859 "-" "Mozilla/5.0 (compatible; MJ12bot/v1.4.8; http://mj12bot.com/)"
5.9.138.189 - - [07/Feb/2020:12:51:23 -0800] "GET /index.php?title=Special:CreateAccount&returnto=Special:RecentChangesLinked&returntoquery=hideanons=1%26hidebots=0%26target=Main_Page%26printable=yes HTTP/1.1" 200 10895 "-" "Mozilla/5.0 (compatible; MJ12bot/v1.4.8; http://mj12bot.com/)"
5.9.138.189 - - [07/Feb/2020:12:51:26 -0800] "GET /index.php?title=Special:CreateAccount&returnto=Special:RecentChangesLinked&returntoquery=hideanons=1%26hidebots=0%26target=Main_Page%26printable=yes&printable=yes HTTP/1.1" 200 10563 "-" "Mozilla/5.0 (compatible; MJ12bot/v1.4.8; http://mj12bot.com/)"
148.251.9.145 - - [07/Feb/2020:12:51:25 -0800] "GET /index.php?title=Special:CreateAccount&returnto=MediaWiki:Rcfilters-filter-categorization-description&printable=yes HTTP/1.1" 200 10538 "-" "Mozilla/5.0 (compatible; MJ12bot/v1.4.8; http://mj12bot.com/)"
5.9.138.189 - - [07/Feb/2020:12:51:29 -0800] "GET /index.php?title=Special:CreateAccount&returnto=Special:RecentChangesLinked&returntoquery=hideanons=1%26hidebots=0%26target=Main_Page&printable=yes HTTP/1.1" 200 10545 "-" "Mozilla/5.0 (compatible; MJ12bot/v1.4.8; http://mj12bot.com/)"
148.251.9.145 - - [07/Feb/2020:12:51:31 -0800] "GET /index.php?title=Special:CreateAccount&returnto=MediaWiki:Rcfilters-filter-editsbyself-description&returntoquery=printable=yes HTTP/1.1" 200 10837 "-" "Mozilla/5.0 (compatible; MJ12bot/v1.4.8; http://mj12bot.com/)"
5.9.138.189 - - [07/Feb/2020:12:51:31 -0800] "GET /index.php?title=Special:CreateAccount&returnto=Special:RecentChangesLinked&returntoquery=hideanons=1%26hideminor=1%26from=20190823231712%26target=Main_Page HTTP/1.1" 200 10909 "-" "Mozilla/5.0 (compatible; MJ12bot/v1.4.8; http://mj12bot.com/)"
5.9.138.189 - - [07/Feb/2020:12:51:35 -0800] "GET /index.php?title=Special:CreateAccount&returnto=Special:RecentChangesLinked&returntoquery=hideanons=1%26hideminor=1%26target=Main_Page HTTP/1.1" 200 10862 "-" "Mozilla/5.0 (compatible; MJ12bot/v1.4.8; http://mj12bot.com/)"
5.9.138.189 - - [07/Feb/2020:12:51:39 -0800] "GET /index.php?title=Special:CreateAccount&returnto=Special:RecentChangesLinked&returntoquery=hideanons=1%26hidemyself=1%26hidebots=0%26target=Main_Page HTTP/1.1" 200 10894 "-" "Mozilla/5.0 (compatible; MJ12bot/v1.4.8; http://mj12bot.com/)"
148.251.9.145 - - [07/Feb/2020:12:51:43 -0800] "GET /index.php?title=Special:CreateAccount&returnto=MediaWiki:Rcfilters-filter-logactions-label&printable=yes HTTP/1.1" 200 10527 "-" "Mozilla/5.0 (compatible; MJ12bot/v1.4.8; http://mj12bot.com/)"
5.9.138.189 - - [07/Feb/2020:12:51:44 -0800] "GET /index.php?title=Special:CreateAccount&returnto=Special:RecentChangesLinked&returntoquery=hideanons=1%26hidemyself=1%26limit=100%26target=Main_Page HTTP/1.1" 200 10891 "-" "Mozilla/5.0 (compatible; MJ12bot/v1.4.8; http://mj12bot.com/)"
5.9.138.189 - - [07/Feb/2020:12:51:47 -0800] "GET /index.php?title=Special:CreateAccount&returnto=Special:RecentChangesLinked&returntoquery=hideanons=1%26hidemyself=1%26limit=100%26target=Main_Page&printable=yes HTTP/1.1" 200 10561 "-" "Mozilla/5.0 (compatible; MJ12bot/v1.4.8; http://mj12bot.com/)"
5.9.138.189 - - [07/Feb/2020:12:51:50 -0800] "GET /index.php?title=Special:CreateAccount&returnto=Special:RecentChangesLinked&returntoquery=hideanons=1%26hidemyself=1%26limit=250%26target=Main_Page HTTP/1.1" 200 10892 "-" "Mozilla/5.0 (compatible; MJ12bot/v1.4.8; http://mj12bot.com/)"
148.251.9.145 - - [07/Feb/2020:12:51:53 -0800] "GET /index.php?title=Special:CreateAccount&returnto=MediaWiki:Rcfilters-filter-minor-label&printable=yes HTTP/1.1" 200 10522 "-" "Mozilla/5.0 (compatible; MJ12bot/v1.4.8; http://mj12bot.com/)"
