65.108.110.26 - - [30/Jan/2023:18:57:16 -0800] "GET /index.php?title=Special:UserLogin&returnto=Special:WhatLinksHere/Impact&returntoquery=hideredirs=1%26printable=yes&printable=yes HTTP/1.1" 404 - "-" "Mozilla/5.0 (compatible; MJ12bot/v1.4.8; http://mj12bot.com/)"
65.108.110.26 - - [30/Jan/2023:18:57:17 -0800] "GET /index.php?title=Special:UserLogin&returnto=Special:WhatLinksHere/Impact&returntoquery=hidetrans=1%26hideredirs=1&printable=yes HTTP/1.1" 404 - "-" "Mozilla/5.0 (compatible; MJ12bot/v1.4.8; http://mj12bot.com/)"
192.99.37.133 - - [30/Jan/2023:18:57:18 -0800] "GET /index.php?title=Special:WhatLinksHere/CSC-13.2&limit=250&hidelinks=1&hidetrans=1 HTTP/1.1" 404 - "-" "Mozilla/5.0 (compatible; MJ12bot/v1.4.8; http://mj12bot.com/)"
65.108.110.26 - - [30/Jan/2023:18:57:19 -0800] "GET /index.php?title=Special:UserLogin&returnto=Special:WhatLinksHere/Impact&returntoquery=hidetrans=1%26limit=100%26printable=yes&printable=yes HTTP/1.1" 404 - "-" "Mozilla/5.0 (compatible; MJ12bot/v1.4.8; http://mj12bot.com/)"
65.108.110.26 - - [30/Jan/2023:18:57:21 -0800] "GET /index.php?title=Special:UserLogin&returnto=Special:WhatLinksHere/Impact&returntoquery=hidetrans=1%26limit=100&printable=yes HTTP/1.1" 404 - "-" "Mozilla/5.0 (compatible; MJ12bot/v1.4.8; http://mj12bot.com/)"
192.99.37.133 - - [30/Jan/2023:18:57:21 -0800] "GET /index.php?title=Special:WhatLinksHere/CSC-13.2&limit=250&hidelinks=1&printable=yes HTTP/1.1" 404 - "-" "Mozilla/5.0 (compatible; MJ12bot/v1.4.8; http://mj12bot.com/)"
65.108.110.26 - - [30/Jan/2023:18:57:23 -0800] "GET /index.php?title=Special:UserLogin&returnto=Special:WhatLinksHere/Impact&returntoquery=hidetrans=1%26limit=20%26printable=yes&printable=yes HTTP/1.1" 404 - "-" "Mozilla/5.0 (compatible; MJ12bot/v1.4.8; http://mj12bot.com/)"
192.99.37.133 - - [30/Jan/2023:18:57:23 -0800] "GET /index.php?title=Special:WhatLinksHere/CSC-13.2&limit=250&hideredirs=1&hidelinks=1 HTTP/1.1" 404 - "-" "Mozilla/5.0 (compatible; MJ12bot/v1.4.8; http://mj12bot.com/)"
65.108.110.26 - - [30/Jan/2023:18:57:24 -0800] "GET /index.php?title=Special:UserLogin&returnto=Special:WhatLinksHere/Impact&returntoquery=hidetrans=1%26limit=20&printable=yes HTTP/1.1" 404 - "-" "Mozilla/5.0 (compatible; MJ12bot/v1.4.8; http://mj12bot.com/)"
192.99.37.133 - - [30/Jan/2023:18:57:25 -0800] "GET /index.php?title=Special:WhatLinksHere/CSC-13.2&limit=250&hideredirs=1&hidetrans=1 HTTP/1.1" 404 - "-" "Mozilla/5.0 (compatible; MJ12bot/v1.4.8; http://mj12bot.com/)"
65.108.110.26 - - [30/Jan/2023:18:57:26 -0800] "GET /index.php?title=Special:UserLogin&returnto=Special:WhatLinksHere/Impact&returntoquery=hidetrans=1%26limit=250%26printable=yes&printable=yes HTTP/1.1" 404 - "-" "Mozilla/5.0 (compatible; MJ12bot/v1.4.8; http://mj12bot.com/)"
192.99.37.133 - - [30/Jan/2023:18:57:27 -0800] "GET /index.php?title=Special:WhatLinksHere/CSC-13.2&limit=250&hideredirs=1&printable=yes HTTP/1.1" 404 - "-" "Mozilla/5.0 (compatible; MJ12bot/v1.4.8; http://mj12bot.com/)"
65.108.110.26 - - [30/Jan/2023:18:57:28 -0800] "GET /index.php?title=Special:UserLogin&returnto=Special:WhatLinksHere/Impact&returntoquery=hidetrans=1%26limit=250&printable=yes HTTP/1.1" 404 - "-" "Mozilla/5.0 (compatible; MJ12bot/v1.4.8; http://mj12bot.com/)"
192.99.37.133 - - [30/Jan/2023:18:57:29 -0800] "GET /index.php?title=Special:WhatLinksHere/CSC-13.2&limit=250&hidetrans=1&hidelinks=1 HTTP/1.1" 404 - "-" "Mozilla/5.0 (compatible; MJ12bot/v1.4.8; http://mj12bot.com/)"
65.108.110.26 - - [30/Jan/2023:18:57:30 -0800] "GET /index.php?title=Special:UserLogin&returnto=Special:WhatLinksHere/Impact&returntoquery=hidetrans=1%26limit=50%26printable=yes&printable=yes HTTP/1.1" 404 - "-" "Mozilla/5.0 (compatible; MJ12bot/v1.4.8; http://mj12bot.com/)"
192.99.37.133 - - [30/Jan/2023:18:57:31 -0800] "GET /index.php?title=Special:WhatLinksHere/CSC-13.2&limit=250&hidetrans=1&hideredirs=1 HTTP/1.1" 404 - "-" "Mozilla/5.0 (compatible; MJ12bot/v1.4.8; http://mj12bot.com/)"
65.108.110.26 - - [30/Jan/2023:18:57:32 -0800] "GET /index.php?title=Special:UserLogin&returnto=Special:WhatLinksHere/Impact&returntoquery=hidetrans=1%26limit=50&printable=yes HTTP/1.1" 404 - "-" "Mozilla/5.0 (compatible; MJ12bot/v1.4.8; http://mj12bot.com/)"
192.99.37.133 - - [30/Jan/2023:18:57:33 -0800] "GET /index.php?title=Special:WhatLinksHere/CSC-13.2&limit=250&hidetrans=1&printable=yes HTTP/1.1" 404 - "-" "Mozilla/5.0 (compatible; MJ12bot/v1.4.8; http://mj12bot.com/)"
65.108.110.26 - - [30/Jan/2023:18:57:33 -0800] "GET /index.php?title=Special:UserLogin&returnto=Special:WhatLinksHere/Impact&returntoquery=hidetrans=1%26limit=500%26printable=yes&printable=yes HTTP/1.1" 404 - "-" "Mozilla/5.0 (compatible; MJ12bot/v1.4.8; http://mj12bot.com/)"
192.155.90.118 - - [30/Jan/2023:18:57:35 -0800] "\x16\x03\x01" 400 987 "-" "-"
65.108.110.26 - - [30/Jan/2023:18:57:35 -0800] "GET /index.php?title=Special:UserLogin&returnto=Special:WhatLinksHere/Impact&returntoquery=hidetrans=1%26limit=500&printable=yes HTTP/1.1" 404 - "-" "Mozilla/5.0 (compatible; MJ12bot/v1.4.8; http://mj12bot.com/)"
192.99.37.133 - - [30/Jan/2023:18:57:36 -0800] "GET /index.php?title=Special:WhatLinksHere/CSC-13.2&limit=50&hidelinks=1 HTTP/1.1" 404 - "-" "Mozilla/5.0 (compatible; MJ12bot/v1.4.8; http://mj12bot.com/)"
65.108.110.26 - - [30/Jan/2023:18:57:37 -0800] "GET /index.php?title=Special:UserLogin&returnto=Special:WhatLinksHere/Impact&returntoquery=hidetrans=1%26printable=yes&printable=yes HTTP/1.1" 404 - "-" "Mozilla/5.0 (compatible; MJ12bot/v1.4.8; http://mj12bot.com/)"
192.99.37.133 - - [30/Jan/2023:18:57:38 -0800] "GET /index.php?title=Special:WhatLinksHere/CSC-13.2&limit=50&hideredirs=1 HTTP/1.1" 404 - "-" "Mozilla/5.0 (compatible; MJ12bot/v1.4.8; http://mj12bot.com/)"
65.108.110.26 - - [30/Jan/2023:18:57:38 -0800] "GET /index.php?title=Special:UserLogin&returnto=Special:WhatLinksHere/Impact&returntoquery=limit=100%26hideredirs=1%26hidetrans=1%26printable=yes&printable=yes HTTP/1.1" 404 - "-" "Mozilla/5.0 (compatible; MJ12bot/v1.4.8; http://mj12bot.com/)"
192.99.37.133 - - [30/Jan/2023:18:57:40 -0800] "GET /index.php?title=Special:WhatLinksHere/CSC-13.2&limit=50&hidetrans=1 HTTP/1.1" 404 - "-" "Mozilla/5.0 (compatible; MJ12bot/v1.4.8; http://mj12bot.com/)"
65.108.110.26 - - [30/Jan/2023:18:57:40 -0800] "GET /index.php?title=Special:UserLogin&returnto=Special:WhatLinksHere/Impact&returntoquery=limit=100%26hideredirs=1%26hidetrans=1&printable=yes HTTP/1.1" 404 - "-" "Mozilla/5.0 (compatible; MJ12bot/v1.4.8; http://mj12bot.com/)"
65.108.110.26 - - [30/Jan/2023:18:57:42 -0800] "GET /index.php?title=Special:UserLogin&returnto=Special:WhatLinksHere/Impact&returntoquery=limit=100%26hideredirs=1%26printable=yes&printable=yes HTTP/1.1" 404 - "-" "Mozilla/5.0 (compatible; MJ12bot/v1.4.8; http://mj12bot.com/)"
192.99.37.133 - - [30/Jan/2023:18:57:42 -0800] "GET /index.php?title=Special:WhatLinksHere/CSC-13.2&limit=500&hidelinks=1&hideredirs=1 HTTP/1.1" 404 - "-" "Mozilla/5.0 (compatible; MJ12bot/v1.4.8; http://mj12bot.com/)"
65.108.110.26 - - [30/Jan/2023:18:57:44 -0800] "GET /index.php?title=Special:UserLogin&returnto=Special:WhatLinksHere/Impact&returntoquery=limit=100%26hideredirs=1&printable=yes HTTP/1.1" 404 - "-" "Mozilla/5.0 (compatible; MJ12bot/v1.4.8; http://mj12bot.com/)"
192.99.37.133 - - [30/Jan/2023:18:57:44 -0800] "GET /index.php?title=Special:WhatLinksHere/CSC-13.2&limit=500&hidelinks=1&hidetrans=1 HTTP/1.1" 404 - "-" "Mozilla/5.0 (compatible; MJ12bot/v1.4.8; http://mj12bot.com/)"
216.244.66.231 - - [30/Jan/2023:18:57:45 -0800] "GET /index.php?title=CSC-12.10&direction=prev&oldid=10824&printable=yes HTTP/1.1" 404 - "-" "Mozilla/5.0 (compatible; DotBot/1.2; +https://opensiteexplorer.org/dotbot; help@moz.com)"
65.108.110.26 - - [30/Jan/2023:18:57:45 -0800] "GET /index.php?title=Special:UserLogin&returnto=Special:WhatLinksHere/Impact&returntoquery=limit=100%26hidetrans=1%26hideredirs=1%26printable=yes&printable=yes HTTP/1.1" 404 - "-" "Mozilla/5.0 (compatible; MJ12bot/v1.4.8; http://mj12bot.com/)"
192.99.37.133 - - [30/Jan/2023:18:57:46 -0800] "GET /index.php?title=Special:WhatLinksHere/CSC-13.2&limit=500&hidelinks=1&printable=yes HTTP/1.1" 404 - "-" "Mozilla/5.0 (compatible; MJ12bot/v1.4.8; http://mj12bot.com/)"
65.108.110.26 - - [30/Jan/2023:18:57:47 -0800] "GET /index.php?title=Special:UserLogin&returnto=Special:WhatLinksHere/Impact&returntoquery=limit=100%26hidetrans=1%26hideredirs=1&printable=yes HTTP/1.1" 404 - "-" "Mozilla/5.0 (compatible; MJ12bot/v1.4.8; http://mj12bot.com/)"
192.99.37.133 - - [30/Jan/2023:18:57:48 -0800] "GET /index.php?title=Special:WhatLinksHere/CSC-13.2&limit=500&hideredirs=1&hidelinks=1 HTTP/1.1" 404 - "-" "Mozilla/5.0 (compatible; MJ12bot/v1.4.8; http://mj12bot.com/)"
216.244.66.231 - - [30/Jan/2023:18:57:49 -0800] "GET /index.php?title=CSC-12.6&direction=prev&oldid=8692&printable=yes HTTP/1.1" 404 - "-" "Mozilla/5.0 (compatible; DotBot/1.2; +https://opensiteexplorer.org/dotbot; help@moz.com)"
65.108.110.26 - - [30/Jan/2023:18:57:49 -0800] "GET /index.php?title=Special:UserLogin&returnto=Special:WhatLinksHere/Impact&returntoquery=limit=100%26hidetrans=1%26printable=yes&printable=yes HTTP/1.1" 404 - "-" "Mozilla/5.0 (compatible; MJ12bot/v1.4.8; http://mj12bot.com/)"
192.99.37.133 - - [30/Jan/2023:18:57:49 -0800] "GET /index.php?title=Special:WhatLinksHere/CSC-13.2&limit=500&hideredirs=1&hidetrans=1 HTTP/1.1" 404 - "-" "Mozilla/5.0 (compatible; MJ12bot/v1.4.8; http://mj12bot.com/)"
65.108.110.26 - - [30/Jan/2023:18:57:51 -0800] "GET /index.php?title=Special:UserLogin&returnto=Special:WhatLinksHere/Impact&returntoquery=limit=100%26hidetrans=1&printable=yes HTTP/1.1" 404 - "-" "Mozilla/5.0 (compatible; MJ12bot/v1.4.8; http://mj12bot.com/)"
192.99.37.133 - - [30/Jan/2023:18:57:51 -0800] "GET /index.php?title=Special:WhatLinksHere/CSC-13.2&limit=500&hideredirs=1&printable=yes HTTP/1.1" 404 - "-" "Mozilla/5.0 (compatible; MJ12bot/v1.4.8; http://mj12bot.com/)"
65.108.110.26 - - [30/Jan/2023:18:57:53 -0800] "GET /index.php?title=Special:UserLogin&returnto=Special:WhatLinksHere/Impact&returntoquery=limit=100%26printable=yes&printable=yes HTTP/1.1" 404 - "-" "Mozilla/5.0 (compatible; MJ12bot/v1.4.8; http://mj12bot.com/)"
192.99.37.133 - - [30/Jan/2023:18:57:53 -0800] "GET /index.php?title=Special:WhatLinksHere/CSC-13.2&limit=500&hidetrans=1&hidelinks=1 HTTP/1.1" 404 - "-" "Mozilla/5.0 (compatible; MJ12bot/v1.4.8; http://mj12bot.com/)"
65.108.110.26 - - [30/Jan/2023:18:57:55 -0800] "GET /index.php?title=Special:UserLogin&returnto=Special:WhatLinksHere/Impact&returntoquery=limit=20%26hideredirs=1%26hidetrans=1%26printable=yes&printable=yes HTTP/1.1" 404 - "-" "Mozilla/5.0 (compatible; MJ12bot/v1.4.8; http://mj12bot.com/)"
192.99.37.133 - - [30/Jan/2023:18:57:56 -0800] "GET /index.php?title=Special:WhatLinksHere/CSC-13.2&limit=500&hidetrans=1&hideredirs=1 HTTP/1.1" 404 - "-" "Mozilla/5.0 (compatible; MJ12bot/v1.4.8; http://mj12bot.com/)"
65.108.110.26 - - [30/Jan/2023:18:57:57 -0800] "GET /index.php?title=Special:UserLogin&returnto=Special:WhatLinksHere/Impact&returntoquery=limit=20%26hideredirs=1%26hidetrans=1&printable=yes HTTP/1.1" 404 - "-" "Mozilla/5.0 (compatible; MJ12bot/v1.4.8; http://mj12bot.com/)"
65.108.110.26 - - [30/Jan/2023:18:57:59 -0800] "GET /index.php?title=Special:UserLogin&returnto=Special:WhatLinksHere/Impact&returntoquery=limit=20%26hideredirs=1%26printable=yes&printable=yes HTTP/1.1" 404 - "-" "Mozilla/5.0 (compatible; MJ12bot/v1.4.8; http://mj12bot.com/)"
192.99.37.133 - - [30/Jan/2023:18:57:59 -0800] "GET /index.php?title=Special:WhatLinksHere/CSC-13.2&limit=500&hidetrans=1&printable=yes HTTP/1.1" 404 - "-" "Mozilla/5.0 (compatible; MJ12bot/v1.4.8; http://mj12bot.com/)"
65.108.110.26 - - [30/Jan/2023:18:58:00 -0800] "GET /index.php?title=Special:UserLogin&returnto=Special:WhatLinksHere/Impact&returntoquery=limit=20%26hideredirs=1&printable=yes HTTP/1.1" 404 - "-" "Mozilla/5.0 (compatible; MJ12bot/v1.4.8; http://mj12bot.com/)"
192.99.37.133 - - [30/Jan/2023:18:58:01 -0800] "GET /index.php?title=Special:WhatLinksHere/CSC-15.10&limit=20&hideredirs=1&hidelinks=1&printable=yes HTTP/1.1" 404 - "-" "Mozilla/5.0 (compatible; MJ12bot/v1.4.8; http://mj12bot.com/)"
65.108.110.26 - - [30/Jan/2023:18:58:02 -0800] "GET /index.php?title=Special:UserLogin&returnto=Special:WhatLinksHere/Impact&returntoquery=limit=20%26hidetrans=1%26hideredirs=1%26printable=yes&printable=yes HTTP/1.1" 404 - "-" "Mozilla/5.0 (compatible; MJ12bot/v1.4.8; http://mj12bot.com/)"
65.108.110.26 - - [30/Jan/2023:18:58:04 -0800] "GET /index.php?title=Special:UserLogin&returnto=Special:WhatLinksHere/Impact&returntoquery=limit=20%26hidetrans=1%26hideredirs=1&printable=yes HTTP/1.1" 404 - "-" "Mozilla/5.0 (compatible; MJ12bot/v1.4.8; http://mj12bot.com/)"
192.99.37.133 - - [30/Jan/2023:18:58:04 -0800] "GET /index.php?title=Special:WhatLinksHere/CSC-16.1&limit=50&hideredirs=1&hidelinks=1&printable=yes HTTP/1.1" 404 - "-" "Mozilla/5.0 (compatible; MJ12bot/v1.4.8; http://mj12bot.com/)"
65.108.110.26 - - [30/Jan/2023:18:58:06 -0800] "GET /index.php?title=Special:UserLogin&returnto=Special:WhatLinksHere/Impact&returntoquery=limit=20%26hidetrans=1%26printable=yes&printable=yes HTTP/1.1" 404 - "-" "Mozilla/5.0 (compatible; MJ12bot/v1.4.8; http://mj12bot.com/)"
192.99.37.133 - - [30/Jan/2023:18:58:06 -0800] "GET /index.php?title=Special:WhatLinksHere/CSC-16.1&limit=50&hideredirs=1&hidetrans=1&printable=yes HTTP/1.1" 404 - "-" "Mozilla/5.0 (compatible; MJ12bot/v1.4.8; http://mj12bot.com/)"
65.108.110.26 - - [30/Jan/2023:18:58:07 -0800] "GET /index.php?title=Special:UserLogin&returnto=Special:WhatLinksHere/Impact&returntoquery=limit=20%26hidetrans=1&printable=yes HTTP/1.1" 404 - "-" "Mozilla/5.0 (compatible; MJ12bot/v1.4.8; http://mj12bot.com/)"
192.99.37.133 - - [30/Jan/2023:18:58:08 -0800] "GET /index.php?title=Special:WhatLinksHere/CSC-16.3&limit=20&hideredirs=1&hidelinks=1&printable=yes HTTP/1.1" 404 - "-" "Mozilla/5.0 (compatible; MJ12bot/v1.4.8; http://mj12bot.com/)"
65.108.110.26 - - [30/Jan/2023:18:58:09 -0800] "GET /index.php?title=Special:UserLogin&returnto=Special:WhatLinksHere/Impact&returntoquery=limit=20%26printable=yes&printable=yes HTTP/1.1" 404 - "-" "Mozilla/5.0 (compatible; MJ12bot/v1.4.8; http://mj12bot.com/)"
192.99.37.133 - - [30/Jan/2023:18:58:10 -0800] "GET /index.php?title=Special:WhatLinksHere/CSC-16.3&limit=50&hideredirs=1&hidelinks=1&printable=yes HTTP/1.1" 404 - "-" "Mozilla/5.0 (compatible; MJ12bot/v1.4.8; http://mj12bot.com/)"
65.108.110.26 - - [30/Jan/2023:18:58:11 -0800] "GET /index.php?title=Special:UserLogin&returnto=Special:WhatLinksHere/Impact&returntoquery=limit=250%26hideredirs=1%26hidetrans=1&printable=yes HTTP/1.1" 404 - "-" "Mozilla/5.0 (compatible; MJ12bot/v1.4.8; http://mj12bot.com/)"
192.99.37.133 - - [30/Jan/2023:18:58:12 -0800] "GET /index.php?title=Special:WhatLinksHere/CSC-16.3&limit=50&hideredirs=1&hidetrans=1&printable=yes HTTP/1.1" 404 - "-" "Mozilla/5.0 (compatible; MJ12bot/v1.4.8; http://mj12bot.com/)"
65.108.110.26 - - [30/Jan/2023:18:58:13 -0800] "GET /index.php?title=Special:UserLogin&returnto=Special:WhatLinksHere/Impact&returntoquery=limit=250%26hideredirs=1%26printable=yes&printable=yes HTTP/1.1" 404 - "-" "Mozilla/5.0 (compatible; MJ12bot/v1.4.8; http://mj12bot.com/)"
192.99.37.133 - - [30/Jan/2023:18:58:14 -0800] "GET /index.php?title=Special:WhatLinksHere/CSC-16.4&limit=50&hideredirs=1&hidelinks=1&printable=yes HTTP/1.1" 404 - "-" "Mozilla/5.0 (compatible; MJ12bot/v1.4.8; http://mj12bot.com/)"
65.108.110.26 - - [30/Jan/2023:18:58:15 -0800] "GET /index.php?title=Special:UserLogin&returnto=Special:WhatLinksHere/Impact&returntoquery=limit=250%26hideredirs=1&printable=yes HTTP/1.1" 404 - "-" "Mozilla/5.0 (compatible; MJ12bot/v1.4.8; http://mj12bot.com/)"
192.99.37.133 - - [30/Jan/2023:18:58:16 -0800] "GET /index.php?title=Special:WhatLinksHere/CSC-16.4&limit=50&hideredirs=1&hidetrans=1&printable=yes HTTP/1.1" 404 - "-" "Mozilla/5.0 (compatible; MJ12bot/v1.4.8; http://mj12bot.com/)"
65.108.110.26 - - [30/Jan/2023:18:58:16 -0800] "GET /index.php?title=Special:UserLogin&returnto=Special:WhatLinksHere/Impact&returntoquery=limit=250%26hidetrans=1%26hideredirs=1%26printable=yes&printable=yes HTTP/1.1" 404 - "-" "Mozilla/5.0 (compatible; MJ12bot/v1.4.8; http://mj12bot.com/)"
192.99.37.133 - - [30/Jan/2023:18:58:17 -0800] "GET /index.php?title=Special:WhatLinksHere/CSC-16.5&limit=50&hideredirs=1&hidelinks=1&printable=yes HTTP/1.1" 404 - "-" "Mozilla/5.0 (compatible; MJ12bot/v1.4.8; http://mj12bot.com/)"
65.108.110.26 - - [30/Jan/2023:18:58:18 -0800] "GET /index.php?title=Special:UserLogin&returnto=Special:WhatLinksHere/Impact&returntoquery=limit=250%26hidetrans=1%26hideredirs=1&printable=yes HTTP/1.1" 404 - "-" "Mozilla/5.0 (compatible; MJ12bot/v1.4.8; http://mj12bot.com/)"
65.108.110.26 - - [30/Jan/2023:18:58:20 -0800] "GET /index.php?title=Special:UserLogin&returnto=Special:WhatLinksHere/Impact&returntoquery=limit=250%26hidetrans=1%26printable=yes&printable=yes HTTP/1.1" 404 - "-" "Mozilla/5.0 (compatible; MJ12bot/v1.4.8; http://mj12bot.com/)"
192.99.37.133 - - [30/Jan/2023:18:58:21 -0800] "GET /index.php?title=Special:WhatLinksHere/CSC-16.5&limit=50&hideredirs=1&hidetrans=1&printable=yes HTTP/1.1" 404 - "-" "Mozilla/5.0 (compatible; MJ12bot/v1.4.8; http://mj12bot.com/)"
65.108.110.26 - - [30/Jan/2023:18:58:22 -0800] "GET /index.php?title=Special:UserLogin&returnto=Special:WhatLinksHere/Impact&returntoquery=limit=250%26hidetrans=1&printable=yes HTTP/1.1" 404 - "-" "Mozilla/5.0 (compatible; MJ12bot/v1.4.8; http://mj12bot.com/)"
192.99.37.133 - - [30/Jan/2023:18:58:22 -0800] "GET /index.php?title=Special:WhatLinksHere/CSC-17&limit=50&hideredirs=1&hidetrans=1&printable=yes HTTP/1.1" 404 - "-" "Mozilla/5.0 (compatible; MJ12bot/v1.4.8; http://mj12bot.com/)"
65.108.110.26 - - [30/Jan/2023:18:58:23 -0800] "GET /index.php?title=Special:UserLogin&returnto=Special:WhatLinksHere/Impact&returntoquery=limit=250%26printable=yes&printable=yes HTTP/1.1" 404 - "-" "Mozilla/5.0 (compatible; MJ12bot/v1.4.8; http://mj12bot.com/)"
192.99.37.133 - - [30/Jan/2023:18:58:24 -0800] "GET /index.php?title=Special:WhatLinksHere/CSC-4.1&limit=100&hidelinks=1&hideredirs=1&printable=yes HTTP/1.1" 404 - "-" "Mozilla/5.0 (compatible; MJ12bot/v1.4.8; http://mj12bot.com/)"
65.108.110.26 - - [30/Jan/2023:18:58:25 -0800] "GET /index.php?title=Special:UserLogin&returnto=Special:WhatLinksHere/Impact&returntoquery=limit=50%26hideredirs=1%26hidetrans=1&printable=yes HTTP/1.1" 404 - "-" "Mozilla/5.0 (compatible; MJ12bot/v1.4.8; http://mj12bot.com/)"
192.99.37.133 - - [30/Jan/2023:18:58:26 -0800] "GET /index.php?title=Special:WhatLinksHere/CSC-4.1&limit=100&hideredirs=1&hidelinks=1&printable=yes HTTP/1.1" 404 - "-" "Mozilla/5.0 (compatible; MJ12bot/v1.4.8; http://mj12bot.com/)"
65.108.110.26 - - [30/Jan/2023:18:58:27 -0800] "GET /index.php?title=Special:UserLogin&returnto=Special:WhatLinksHere/Impact&returntoquery=limit=50%26hideredirs=1%26printable=yes&printable=yes HTTP/1.1" 404 - "-" "Mozilla/5.0 (compatible; MJ12bot/v1.4.8; http://mj12bot.com/)"
192.99.37.133 - - [30/Jan/2023:18:58:29 -0800] "GET /index.php?title=Special:WhatLinksHere/CSC-4.1&limit=100&hideredirs=1&hidetrans=1&hidelinks=1 HTTP/1.1" 404 - "-" "Mozilla/5.0 (compatible; MJ12bot/v1.4.8; http://mj12bot.com/)"
65.108.110.26 - - [30/Jan/2023:18:58:29 -0800] "GET /index.php?title=Special:UserLogin&returnto=Special:WhatLinksHere/Impact&returntoquery=limit=50%26hideredirs=1&printable=yes HTTP/1.1" 404 - "-" "Mozilla/5.0 (compatible; MJ12bot/v1.4.8; http://mj12bot.com/)"
192.99.37.133 - - [30/Jan/2023:18:58:30 -0800] "GET /index.php?title=Special:WhatLinksHere/CSC-4.1&limit=100&hideredirs=1&hidetrans=1&printable=yes HTTP/1.1" 404 - "-" "Mozilla/5.0 (compatible; MJ12bot/v1.4.8; http://mj12bot.com/)"
65.108.110.26 - - [30/Jan/2023:18:58:31 -0800] "GET /index.php?title=Special:UserLogin&returnto=Special:WhatLinksHere/Impact&returntoquery=limit=50%26hidetrans=1%26printable=yes&printable=yes HTTP/1.1" 404 - "-" "Mozilla/5.0 (compatible; MJ12bot/v1.4.8; http://mj12bot.com/)"
192.99.37.133 - - [30/Jan/2023:18:58:32 -0800] "GET /index.php?title=Special:WhatLinksHere/CSC-4.1&limit=100&hidetrans=1&hideredirs=1&printable=yes HTTP/1.1" 404 - "-" "Mozilla/5.0 (compatible; MJ12bot/v1.4.8; http://mj12bot.com/)"
65.108.110.26 - - [30/Jan/2023:18:58:32 -0800] "GET /index.php?title=Special:UserLogin&returnto=Special:WhatLinksHere/Impact&returntoquery=limit=50%26hidetrans=1&printable=yes HTTP/1.1" 404 - "-" "Mozilla/5.0 (compatible; MJ12bot/v1.4.8; http://mj12bot.com/)"
65.108.110.26 - - [30/Jan/2023:18:58:34 -0800] "GET /index.php?title=Special:UserLogin&returnto=Special:WhatLinksHere/Impact&returntoquery=limit=50%26printable=yes&printable=yes HTTP/1.1" 404 - "-" "Mozilla/5.0 (compatible; MJ12bot/v1.4.8; http://mj12bot.com/)"
192.99.37.133 - - [30/Jan/2023:18:58:34 -0800] "GET /index.php?title=Special:WhatLinksHere/CSC-4.1&limit=20&hidelinks=1&hideredirs=1&printable=yes HTTP/1.1" 404 - "-" "Mozilla/5.0 (compatible; MJ12bot/v1.4.8; http://mj12bot.com/)"
65.108.110.26 - - [30/Jan/2023:18:58:36 -0800] "GET /index.php?title=Special:UserLogin&returnto=Special:WhatLinksHere/Impact&returntoquery=limit=500%26hideredirs=1%26hidetrans=1&printable=yes HTTP/1.1" 404 - "-" "Mozilla/5.0 (compatible; MJ12bot/v1.4.8; http://mj12bot.com/)"
192.99.37.133 - - [30/Jan/2023:18:58:37 -0800] "GET /index.php?title=Special:WhatLinksHere/CSC-4.1&limit=20&hideredirs=1&hidelinks=1&printable=yes HTTP/1.1" 404 - "-" "Mozilla/5.0 (compatible; MJ12bot/v1.4.8; http://mj12bot.com/)"
65.108.110.26 - - [30/Jan/2023:18:58:38 -0800] "GET /index.php?title=Special:UserLogin&returnto=Special:WhatLinksHere/Impact&returntoquery=limit=500%26hideredirs=1&printable=yes HTTP/1.1" 404 - "-" "Mozilla/5.0 (compatible; MJ12bot/v1.4.8; http://mj12bot.com/)"
192.99.37.133 - - [30/Jan/2023:18:58:38 -0800] "GET /index.php?title=Special:WhatLinksHere/CSC-4.1&limit=20&hideredirs=1&hidetrans=1&hidelinks=1 HTTP/1.1" 404 - "-" "Mozilla/5.0 (compatible; MJ12bot/v1.4.8; http://mj12bot.com/)"
65.108.110.26 - - [30/Jan/2023:18:58:39 -0800] "GET /index.php?title=Special:UserLogin&returnto=Special:WhatLinksHere/PCI-DSS-1.1.7&returntoquery=limit=100%26hidetrans=1%26printable=yes HTTP/1.1" 404 - "-" "Mozilla/5.0 (compatible; MJ12bot/v1.4.8; http://mj12bot.com/)"
192.99.37.133 - - [30/Jan/2023:18:58:40 -0800] "GET /index.php?title=Special:WhatLinksHere/CSC-4.1&limit=20&hideredirs=1&hidetrans=1&printable=yes HTTP/1.1" 404 - "-" "Mozilla/5.0 (compatible; MJ12bot/v1.4.8; http://mj12bot.com/)"
65.108.110.26 - - [30/Jan/2023:18:58:41 -0800] "GET /index.php?title=Special:UserLogin&returnto=Special:WhatLinksHere/PCI-DSS-10.2.7&returntoquery=limit=50%26hideredirs=1%26hidetrans=1 HTTP/1.1" 404 - "-" "Mozilla/5.0 (compatible; MJ12bot/v1.4.8; http://mj12bot.com/)"
192.99.37.133 - - [30/Jan/2023:18:58:42 -0800] "GET /index.php?title=Special:WhatLinksHere/CSC-4.1&limit=20&hidetrans=1&hideredirs=1&printable=yes HTTP/1.1" 404 - "-" "Mozilla/5.0 (compatible; MJ12bot/v1.4.8; http://mj12bot.com/)"
65.108.110.26 - - [30/Jan/2023:18:58:43 -0800] "GET /index.php?title=Special:UserLogin&returnto=Special:WhatLinksHere/PCI-DSS-10.2.7&returntoquery=limit=50%26hideredirs=1%26printable=yes HTTP/1.1" 404 - "-" "Mozilla/5.0 (compatible; MJ12bot/v1.4.8; http://mj12bot.com/)"
192.99.37.133 - - [30/Jan/2023:18:58:44 -0800] "GET /index.php?title=Special:WhatLinksHere/CSC-4.1&limit=250&hidelinks=1&hideredirs=1&printable=yes HTTP/1.1" 404 - "-" "Mozilla/5.0 (compatible; MJ12bot/v1.4.8; http://mj12bot.com/)"
65.108.110.26 - - [30/Jan/2023:18:58:45 -0800] "GET /index.php?title=Special:UserLogin&returnto=Special:WhatLinksHere/PCI-DSS-10.2.7&returntoquery=limit=50%26hidetrans=1%26printable=yes HTTP/1.1" 404 - "-" "Mozilla/5.0 (compatible; MJ12bot/v1.4.8; http://mj12bot.com/)"
65.108.110.26 - - [30/Jan/2023:18:58:46 -0800] "GET /index.php?title=Special:UserLogin&returnto=Special:WhatLinksHere/PCI-DSS-10.3&returntoquery=hidetrans=1%26hideredirs=1%26printable=yes HTTP/1.1" 404 - "-" "Mozilla/5.0 (compatible; MJ12bot/v1.4.8; http://mj12bot.com/)"
192.99.37.133 - - [30/Jan/2023:18:58:46 -0800] "GET /index.php?title=Special:WhatLinksHere/CSC-4.1&limit=250&hideredirs=1&hidetrans=1&printable=yes HTTP/1.1" 404 - "-" "Mozilla/5.0 (compatible; MJ12bot/v1.4.8; http://mj12bot.com/)"
65.108.110.26 - - [30/Jan/2023:18:58:48 -0800] "GET /index.php?title=Special:UserLogin&returnto=Special:WhatLinksHere/PCI-DSS-10.3&returntoquery=limit=50%26hideredirs=1%26hidetrans=1 HTTP/1.1" 404 - "-" "Mozilla/5.0 (compatible; MJ12bot/v1.4.8; http://mj12bot.com/)"
192.99.37.133 - - [30/Jan/2023:18:58:50 -0800] "GET /index.php?title=Special:WhatLinksHere/CSC-4.1&limit=250&hidetrans=1&hideredirs=1&printable=yes HTTP/1.1" 404 - "-" "Mozilla/5.0 (compatible; MJ12bot/v1.4.8; http://mj12bot.com/)"
65.108.110.26 - - [30/Jan/2023:18:58:50 -0800] "GET /index.php?title=Special:UserLogin&returnto=Special:WhatLinksHere/PCI-DSS-10.3&returntoquery=limit=50%26hideredirs=1%26printable=yes HTTP/1.1" 404 - "-" "Mozilla/5.0 (compatible; MJ12bot/v1.4.8; http://mj12bot.com/)"
65.108.110.26 - - [30/Jan/2023:18:58:52 -0800] "GET /index.php?title=Special:UserLogin&returnto=Special:WhatLinksHere/PCI-DSS-10.3&returntoquery=limit=50%26hidetrans=1%26printable=yes HTTP/1.1" 404 - "-" "Mozilla/5.0 (compatible; MJ12bot/v1.4.8; http://mj12bot.com/)"
65.108.110.26 - - [30/Jan/2023:18:58:53 -0800] "GET /index.php?title=Special:UserLogin&returnto=Special:WhatLinksHere/PCI-DSS-10.3.1 HTTP/1.1" 404 - "-" "Mozilla/5.0 (compatible; MJ12bot/v1.4.8; http://mj12bot.com/)"
65.108.110.26 - - [30/Jan/2023:18:58:55 -0800] "GET /index.php?title=Special:UserLogin&returnto=Special:WhatLinksHere/PCI-DSS-10.3.2&returntoquery=printable=yes HTTP/1.1" 404 - "-" "Mozilla/5.0 (compatible; MJ12bot/v1.4.8; http://mj12bot.com/)"
65.108.110.26 - - [30/Jan/2023:18:58:57 -0800] "GET /index.php?title=Special:UserLogin&returnto=Special:WhatLinksHere/PCI-DSS-10.4.3&returntoquery=printable=yes HTTP/1.1" 404 - "-" "Mozilla/5.0 (compatible; MJ12bot/v1.4.8; http://mj12bot.com/)"
192.99.37.133 - - [30/Jan/2023:18:58:58 -0800] "GET /index.php?title=Special:WhatLinksHere/CSC-4.1&limit=50&hidelinks=1&printable=yes HTTP/1.1" 404 - "-" "Mozilla/5.0 (compatible; MJ12bot/v1.4.8; http://mj12bot.com/)"
65.108.110.26 - - [30/Jan/2023:18:58:59 -0800] "GET /index.php?title=Special:UserLogin&returnto=Special:WhatLinksHere/PCI-DSS-12.3.6&returntoquery=limit=500%26hideredirs=1%26printable=yes HTTP/1.1" 404 - "-" "Mozilla/5.0 (compatible; MJ12bot/v1.4.8; http://mj12bot.com/)"
65.108.110.26 - - [30/Jan/2023:18:59:00 -0800] "GET /index.php?title=Special:UserLogin&returnto=Special:WhatLinksHere/PCI-DSS-12.3.6&returntoquery=limit=500%26hidetrans=1%26printable=yes HTTP/1.1" 404 - "-" "Mozilla/5.0 (compatible; MJ12bot/v1.4.8; http://mj12bot.com/)"
65.108.110.26 - - [30/Jan/2023:18:59:02 -0800] "GET /index.php?title=Special:UserLogin&returnto=Special:WhatLinksHere/PCI-DSS-12.4.1&returntoquery=limit=50%26hideredirs=1%26hidetrans=1 HTTP/1.1" 404 - "-" "Mozilla/5.0 (compatible; MJ12bot/v1.4.8; http://mj12bot.com/)"
192.99.37.133 - - [30/Jan/2023:18:59:03 -0800] "GET /index.php?title=Special:WhatLinksHere/CSC-4.1&limit=50&hideredirs=1&hidelinks=1 HTTP/1.1" 404 - "-" "Mozilla/5.0 (compatible; MJ12bot/v1.4.8; http://mj12bot.com/)"
65.108.110.26 - - [30/Jan/2023:18:59:04 -0800] "GET /index.php?title=Special:UserLogin&returnto=Special:WhatLinksHere/PCI-DSS-12.4.1&returntoquery=limit=50%26hideredirs=1%26printable=yes HTTP/1.1" 404 - "-" "Mozilla/5.0 (compatible; MJ12bot/v1.4.8; http://mj12bot.com/)"
65.108.110.26 - - [30/Jan/2023:18:59:06 -0800] "GET /index.php?title=Special:UserLogin&returnto=Special:WhatLinksHere/PCI-DSS-12.4.1&returntoquery=limit=50%26hidetrans=1%26printable=yes HTTP/1.1" 404 - "-" "Mozilla/5.0 (compatible; MJ12bot/v1.4.8; http://mj12bot.com/)"
65.108.110.26 - - [30/Jan/2023:18:59:08 -0800] "GET /index.php?title=Special:UserLogin&returnto=Special:WhatLinksHere/PCI-DSS-12.5.1&returntoquery=hidetrans=1%26limit=50%26printable=yes HTTP/1.1" 404 - "-" "Mozilla/5.0 (compatible; MJ12bot/v1.4.8; http://mj12bot.com/)"
192.99.37.133 - - [30/Jan/2023:18:59:09 -0800] "GET /index.php?title=Special:WhatLinksHere/CSC-4.1&limit=50&hideredirs=1&hidetrans=1 HTTP/1.1" 404 - "-" "Mozilla/5.0 (compatible; MJ12bot/v1.4.8; http://mj12bot.com/)"
65.108.110.26 - - [30/Jan/2023:18:59:09 -0800] "GET /index.php?title=Special:UserLogin&returnto=Special:WhatLinksHere/PCI-DSS-12.5.1&returntoquery=limit=50%26hideredirs=1%26hidetrans=1 HTTP/1.1" 404 - "-" "Mozilla/5.0 (compatible; MJ12bot/v1.4.8; http://mj12bot.com/)"
65.108.110.26 - - [30/Jan/2023:18:59:11 -0800] "GET /index.php?title=Special:UserLogin&returnto=Special:WhatLinksHere/PCI-DSS-12.5.1&returntoquery=limit=50%26hideredirs=1%26printable=yes HTTP/1.1" 404 - "-" "Mozilla/5.0 (compatible; MJ12bot/v1.4.8; http://mj12bot.com/)"
65.108.110.26 - - [30/Jan/2023:18:59:13 -0800] "GET /index.php?title=Special:UserLogin&returnto=Special:WhatLinksHere/PCI-DSS-12.5.1&returntoquery=limit=50%26hidetrans=1%26printable=yes HTTP/1.1" 404 - "-" "Mozilla/5.0 (compatible; MJ12bot/v1.4.8; http://mj12bot.com/)"
65.108.110.26 - - [30/Jan/2023:18:59:15 -0800] "GET /index.php?title=Special:UserLogin&returnto=Special:WhatLinksHere/PCI-DSS-12.8.1&returntoquery=hideredirs=1%26hidetrans=1%26limit=100 HTTP/1.1" 404 - "-" "Mozilla/5.0 (compatible; MJ12bot/v1.4.8; http://mj12bot.com/)"
192.99.37.133 - - [30/Jan/2023:18:59:15 -0800] "GET /index.php?title=Special:WhatLinksHere/CSC-4.1&limit=50&hideredirs=1&printable=yes HTTP/1.1" 404 - "-" "Mozilla/5.0 (compatible; MJ12bot/v1.4.8; http://mj12bot.com/)"
65.108.110.26 - - [30/Jan/2023:18:59:17 -0800] "GET /index.php?title=Special:UserLogin&returnto=Special:WhatLinksHere/PCI-DSS-12.8.1&returntoquery=hideredirs=1%26hidetrans=1%26limit=20 HTTP/1.1" 404 - "-" "Mozilla/5.0 (compatible; MJ12bot/v1.4.8; http://mj12bot.com/)"
65.108.110.26 - - [30/Jan/2023:18:59:18 -0800] "GET /index.php?title=Special:UserLogin&returnto=Special:WhatLinksHere/PCI-DSS-12.8.1&returntoquery=hideredirs=1%26hidetrans=1%26limit=250 HTTP/1.1" 404 - "-" "Mozilla/5.0 (compatible; MJ12bot/v1.4.8; http://mj12bot.com/)"
216.244.66.231 - - [30/Jan/2023:18:59:19 -0800] "GET /index.php?title=CSC-7.1&diff=11597&oldid=8819 HTTP/1.1" 404 - "-" "Mozilla/5.0 (compatible; DotBot/1.2; +https://opensiteexplorer.org/dotbot; help@moz.com)"
65.108.110.26 - - [30/Jan/2023:18:59:20 -0800] "GET /index.php?title=Special:UserLogin&returnto=Special:WhatLinksHere/PCI-DSS-12.8.1&returntoquery=hideredirs=1%26hidetrans=1%26limit=50 HTTP/1.1" 404 - "-" "Mozilla/5.0 (compatible; MJ12bot/v1.4.8; http://mj12bot.com/)"
65.108.110.26 - - [30/Jan/2023:18:59:22 -0800] "GET /index.php?title=Special:UserLogin&returnto=Special:WhatLinksHere/PCI-DSS-12.8.1&returntoquery=hideredirs=1%26hidetrans=1%26limit=500 HTTP/1.1" 404 - "-" "Mozilla/5.0 (compatible; MJ12bot/v1.4.8; http://mj12bot.com/)"
65.108.110.26 - - [30/Jan/2023:18:59:24 -0800] "GET /index.php?title=Special:UserLogin&returnto=Special:WhatLinksHere/PCI-DSS-12.8.1&returntoquery=hideredirs=1%26hidetrans=1%26printable=yes HTTP/1.1" 404 - "-" "Mozilla/5.0 (compatible; MJ12bot/v1.4.8; http://mj12bot.com/)"
216.244.66.231 - - [30/Jan/2023:18:59:24 -0800] "GET /index.php?title=PCI-DSS-7.3&direction=next&oldid=4771 HTTP/1.1" 404 - "-" "Mozilla/5.0 (compatible; DotBot/1.2; +https://opensiteexplorer.org/dotbot; help@moz.com)"
65.108.110.26 - - [30/Jan/2023:18:59:26 -0800] "GET /index.php?title=Special:UserLogin&returnto=Special:WhatLinksHere/PCI-DSS-12.8.1&returntoquery=hideredirs=1%26limit=100%26printable=yes HTTP/1.1" 404 - "-" "Mozilla/5.0 (compatible; MJ12bot/v1.4.8; http://mj12bot.com/)"
216.244.66.231 - - [30/Jan/2023:18:59:26 -0800] "GET /index.php?title=PR.DS-1&direction=next&oldid=1836 HTTP/1.1" 404 - "-" "Mozilla/5.0 (compatible; DotBot/1.2; +https://opensiteexplorer.org/dotbot; help@moz.com)"
192.99.37.133 - - [30/Jan/2023:18:59:27 -0800] "GET /index.php?title=Special:WhatLinksHere/CSC-4.1&limit=500&hidelinks=1&hideredirs=1&printable=yes HTTP/1.1" 404 - "-" "Mozilla/5.0 (compatible; MJ12bot/v1.4.8; http://mj12bot.com/)"
65.108.110.26 - - [30/Jan/2023:18:59:27 -0800] "GET /index.php?title=Special:UserLogin&returnto=Special:WhatLinksHere/PCI-DSS-12.8.1&returntoquery=hideredirs=1%26limit=20%26printable=yes HTTP/1.1" 404 - "-" "Mozilla/5.0 (compatible; MJ12bot/v1.4.8; http://mj12bot.com/)"
65.108.110.26 - - [30/Jan/2023:18:59:29 -0800] "GET /index.php?title=Special:UserLogin&returnto=Special:WhatLinksHere/PCI-DSS-12.8.1&returntoquery=hideredirs=1%26limit=250%26printable=yes HTTP/1.1" 404 - "-" "Mozilla/5.0 (compatible; MJ12bot/v1.4.8; http://mj12bot.com/)"
216.244.66.231 - - [30/Jan/2023:18:59:31 -0800] "GET /index.php?title=PR.IP-6&direction=next&oldid=2069 HTTP/1.1" 404 - "-" "Mozilla/5.0 (compatible; DotBot/1.2; +https://opensiteexplorer.org/dotbot; help@moz.com)"
65.108.110.26 - - [30/Jan/2023:18:59:31 -0800] "GET /index.php?title=Special:UserLogin&returnto=Special:WhatLinksHere/PCI-DSS-12.8.1&returntoquery=hideredirs=1%26limit=50%26printable=yes HTTP/1.1" 404 - "-" "Mozilla/5.0 (compatible; MJ12bot/v1.4.8; http://mj12bot.com/)"
192.99.37.133 - - [30/Jan/2023:18:59:31 -0800] "GET /index.php?title=Special:WhatLinksHere/CSC-4.1&limit=500&hideredirs=1&hidelinks=1&printable=yes HTTP/1.1" 404 - "-" "Mozilla/5.0 (compatible; MJ12bot/v1.4.8; http://mj12bot.com/)"
65.108.110.26 - - [30/Jan/2023:18:59:33 -0800] "GET /index.php?title=Special:UserLogin&returnto=Special:WhatLinksHere/PCI-DSS-12.8.1&returntoquery=hideredirs=1%26limit=500%26printable=yes HTTP/1.1" 404 - "-" "Mozilla/5.0 (compatible; MJ12bot/v1.4.8; http://mj12bot.com/)"
216.244.66.231 - - [30/Jan/2023:18:59:34 -0800] "GET /index.php?title=PR.IP-8&direction=next&oldid=6467 HTTP/1.1" 404 - "-" "Mozilla/5.0 (compatible; DotBot/1.2; +https://opensiteexplorer.org/dotbot; help@moz.com)"
65.108.110.26 - - [30/Jan/2023:18:59:35 -0800] "GET /index.php?title=Special:UserLogin&returnto=Special:WhatLinksHere/PCI-DSS-12.8.1&returntoquery=hidetrans=1%26hideredirs=1%26printable=yes HTTP/1.1" 404 - "-" "Mozilla/5.0 (compatible; MJ12bot/v1.4.8; http://mj12bot.com/)"
216.244.66.231 - - [30/Jan/2023:18:59:37 -0800] "GET /index.php?title=RS.AN-1&direction=next&oldid=10527 HTTP/1.1" 404 - "-" "Mozilla/5.0 (compatible; DotBot/1.2; +https://opensiteexplorer.org/dotbot; help@moz.com)"
192.99.37.133 - - [30/Jan/2023:18:59:38 -0800] "GET /index.php?title=Special:WhatLinksHere/CSC-4.1&limit=500&hideredirs=1&hidetrans=1&hidelinks=1 HTTP/1.1" 404 - "-" "Mozilla/5.0 (compatible; MJ12bot/v1.4.8; http://mj12bot.com/)"
192.99.37.133 - - [30/Jan/2023:18:59:41 -0800] "GET /index.php?title=Special:WhatLinksHere/CSC-4.1&limit=500&hideredirs=1&hidetrans=1&printable=yes HTTP/1.1" 404 - "-" "Mozilla/5.0 (compatible; MJ12bot/v1.4.8; http://mj12bot.com/)"
192.99.37.133 - - [30/Jan/2023:18:59:46 -0800] "GET /index.php?title=Special:WhatLinksHere/CSC-4.1&limit=500&hidetrans=1&hideredirs=1&printable=yes HTTP/1.1" 404 - "-" "Mozilla/5.0 (compatible; MJ12bot/v1.4.8; http://mj12bot.com/)"
192.99.37.133 - - [30/Jan/2023:18:59:50 -0800] "GET /index.php?title=Special:WhatLinksHere/CSC-4.2&hideredirs=1&hidelinks=1&limit=100&printable=yes HTTP/1.1" 404 - "-" "Mozilla/5.0 (compatible; MJ12bot/v1.4.8; http://mj12bot.com/)"
192.99.37.133 - - [30/Jan/2023:18:59:54 -0800] "GET /index.php?title=Special:WhatLinksHere/CSC-4.2&hideredirs=1&hidelinks=1&limit=20&printable=yes HTTP/1.1" 404 - "-" "Mozilla/5.0 (compatible; MJ12bot/v1.4.8; http://mj12bot.com/)"
192.99.37.133 - - [30/Jan/2023:18:59:56 -0800] "GET /index.php?title=Special:WhatLinksHere/CSC-4.2&hideredirs=1&hidelinks=1&limit=250&printable=yes HTTP/1.1" 404 - "-" "Mozilla/5.0 (compatible; MJ12bot/v1.4.8; http://mj12bot.com/)"
192.99.37.133 - - [30/Jan/2023:19:00:02 -0800] "GET /index.php?title=Special:WhatLinksHere/CSC-4.2&hideredirs=1&hidelinks=1&limit=500&printable=yes HTTP/1.1" 404 - "-" "Mozilla/5.0 (compatible; MJ12bot/v1.4.8; http://mj12bot.com/)"
192.99.37.133 - - [30/Jan/2023:19:00:06 -0800] "GET /index.php?title=Special:WhatLinksHere/CSC-4.2&hideredirs=1&hidetrans=1&limit=100&printable=yes HTTP/1.1" 404 - "-" "Mozilla/5.0 (compatible; MJ12bot/v1.4.8; http://mj12bot.com/)"
192.99.37.133 - - [30/Jan/2023:19:00:11 -0800] "GET /index.php?title=Special:WhatLinksHere/CSC-4.2&hideredirs=1&hidetrans=1&limit=20&printable=yes HTTP/1.1" 404 - "-" "Mozilla/5.0 (compatible; MJ12bot/v1.4.8; http://mj12bot.com/)"
192.99.37.133 - - [30/Jan/2023:19:00:20 -0800] "GET /index.php?title=Special:WhatLinksHere/CSC-4.2&hideredirs=1&hidetrans=1&limit=250&printable=yes HTTP/1.1" 404 - "-" "Mozilla/5.0 (compatible; MJ12bot/v1.4.8; http://mj12bot.com/)"
192.99.37.133 - - [30/Jan/2023:19:00:24 -0800] "GET /index.php?title=Special:WhatLinksHere/CSC-4.2&hideredirs=1&hidetrans=1&limit=50&printable=yes HTTP/1.1" 404 - "-" "Mozilla/5.0 (compatible; MJ12bot/v1.4.8; http://mj12bot.com/)"
192.99.37.133 - - [30/Jan/2023:19:00:31 -0800] "GET /index.php?title=Special:WhatLinksHere/CSC-4.2&hideredirs=1&hidetrans=1&limit=500&printable=yes HTTP/1.1" 404 - "-" "Mozilla/5.0 (compatible; MJ12bot/v1.4.8; http://mj12bot.com/)"
192.99.37.133 - - [30/Jan/2023:19:00:35 -0800] "GET /index.php?title=Special:WhatLinksHere/CSC-4.2&limit=100&hidelinks=1&hideredirs=1 HTTP/1.1" 404 - "-" "Mozilla/5.0 (compatible; MJ12bot/v1.4.8; http://mj12bot.com/)"
192.99.37.133 - - [30/Jan/2023:19:00:38 -0800] "GET /index.php?title=Special:WhatLinksHere/CSC-4.2&limit=100&hideredirs=1&hidelinks=1&printable=yes HTTP/1.1" 404 - "-" "Mozilla/5.0 (compatible; MJ12bot/v1.4.8; http://mj12bot.com/)"
192.99.37.133 - - [30/Jan/2023:19:00:49 -0800] "GET /index.php?title=Special:WhatLinksHere/CSC-4.3&limit=250&hideredirs=1&hidetrans=1&hidelinks=1 HTTP/1.1" 404 - "-" "Mozilla/5.0 (compatible; MJ12bot/v1.4.8; http://mj12bot.com/)"
192.99.37.133 - - [30/Jan/2023:19:01:00 -0800] "GET /index.php?title=Special:WhatLinksHere/CSC-4.3&limit=250&hideredirs=1&hidetrans=1&printable=yes HTTP/1.1" 404 - "-" "Mozilla/5.0 (compatible; MJ12bot/v1.4.8; http://mj12bot.com/)"
192.99.37.133 - - [30/Jan/2023:19:01:09 -0800] "GET /index.php?title=Special:WhatLinksHere/CSC-4.3&limit=250&hidetrans=1&hideredirs=1&printable=yes HTTP/1.1" 404 - "-" "Mozilla/5.0 (compatible; MJ12bot/v1.4.8; http://mj12bot.com/)"
192.99.37.133 - - [30/Jan/2023:19:01:13 -0800] "GET /index.php?title=Special:WhatLinksHere/CSC-4.3&limit=50&hidelinks=1&printable=yes HTTP/1.1" 404 - "-" "Mozilla/5.0 (compatible; MJ12bot/v1.4.8; http://mj12bot.com/)"
192.99.37.133 - - [30/Jan/2023:19:01:17 -0800] "GET /index.php?title=Special:WhatLinksHere/CSC-4.3&limit=50&hideredirs=1&hidelinks=1 HTTP/1.1" 404 - "-" "Mozilla/5.0 (compatible; MJ12bot/v1.4.8; http://mj12bot.com/)"
192.99.37.133 - - [30/Jan/2023:19:01:23 -0800] "GET /index.php?title=Special:WhatLinksHere/CSC-4.3&limit=50&hideredirs=1&hidetrans=1 HTTP/1.1" 404 - "-" "Mozilla/5.0 (compatible; MJ12bot/v1.4.8; http://mj12bot.com/)"
192.99.37.133 - - [30/Jan/2023:19:01:37 -0800] "GET /index.php?title=Special:WhatLinksHere/CSC-4.3&limit=50&hidetrans=1&printable=yes HTTP/1.1" 404 - "-" "Mozilla/5.0 (compatible; MJ12bot/v1.4.8; http://mj12bot.com/)"
216.244.66.231 - - [30/Jan/2023:19:01:39 -0800] "GET /index.php?title=Incident&action=edit&redlink=1 HTTP/1.1" 404 - "-" "Mozilla/5.0 (compatible; DotBot/1.2; +https://opensiteexplorer.org/dotbot; help@moz.com)"
192.99.37.133 - - [30/Jan/2023:19:01:45 -0800] "GET /index.php?title=Special:WhatLinksHere/CSC-4.3&limit=500&hidelinks=1&hideredirs=1&printable=yes HTTP/1.1" 404 - "-" "Mozilla/5.0 (compatible; MJ12bot/v1.4.8; http://mj12bot.com/)"
192.99.37.133 - - [30/Jan/2023:19:01:47 -0800] "GET /index.php?title=Special:WhatLinksHere/CSC-4.3&limit=500&hideredirs=1&hidelinks=1&hidetrans=1 HTTP/1.1" 404 - "-" "Mozilla/5.0 (compatible; MJ12bot/v1.4.8; http://mj12bot.com/)"
192.99.37.133 - - [30/Jan/2023:19:01:49 -0800] "GET /index.php?title=Special:WhatLinksHere/CSC-4.3&limit=500&hideredirs=1&hidelinks=1&printable=yes HTTP/1.1" 404 - "-" "Mozilla/5.0 (compatible; MJ12bot/v1.4.8; http://mj12bot.com/)"
192.99.37.133 - - [30/Jan/2023:19:01:52 -0800] "GET /index.php?title=Special:WhatLinksHere/CSC-4.3&limit=500&hideredirs=1&hidetrans=1&hidelinks=1 HTTP/1.1" 404 - "-" "Mozilla/5.0 (compatible; MJ12bot/v1.4.8; http://mj12bot.com/)"
192.99.37.133 - - [30/Jan/2023:19:01:53 -0800] "GET /index.php?title=Special:WhatLinksHere/CSC-4.3&limit=500&hideredirs=1&hidetrans=1&printable=yes HTTP/1.1" 404 - "-" "Mozilla/5.0 (compatible; MJ12bot/v1.4.8; http://mj12bot.com/)"
192.99.37.133 - - [30/Jan/2023:19:01:58 -0800] "GET /index.php?title=Special:WhatLinksHere/CSC-4.3&limit=500&hidetrans=1&hideredirs=1&printable=yes HTTP/1.1" 404 - "-" "Mozilla/5.0 (compatible; MJ12bot/v1.4.8; http://mj12bot.com/)"
192.99.37.133 - - [30/Jan/2023:19:01:59 -0800] "GET /index.php?title=Special:WhatLinksHere/CSC-4.4&hideredirs=1&hidelinks=1&limit=100&printable=yes HTTP/1.1" 404 - "-" "Mozilla/5.0 (compatible; MJ12bot/v1.4.8; http://mj12bot.com/)"
192.99.37.133 - - [30/Jan/2023:19:02:01 -0800] "GET /index.php?title=Special:WhatLinksHere/CSC-4.4&hideredirs=1&hidelinks=1&limit=20&printable=yes HTTP/1.1" 404 - "-" "Mozilla/5.0 (compatible; MJ12bot/v1.4.8; http://mj12bot.com/)"
192.99.37.133 - - [30/Jan/2023:19:02:04 -0800] "GET /index.php?title=Special:WhatLinksHere/CSC-4.4&hideredirs=1&hidelinks=1&limit=250&printable=yes HTTP/1.1" 404 - "-" "Mozilla/5.0 (compatible; MJ12bot/v1.4.8; http://mj12bot.com/)"
192.99.37.133 - - [30/Jan/2023:19:02:06 -0800] "GET /index.php?title=Special:WhatLinksHere/CSC-4.4&hideredirs=1&hidelinks=1&limit=50&printable=yes HTTP/1.1" 404 - "-" "Mozilla/5.0 (compatible; MJ12bot/v1.4.8; http://mj12bot.com/)"
192.99.37.133 - - [30/Jan/2023:19:02:10 -0800] "GET /index.php?title=Special:WhatLinksHere/CSC-4.4&hideredirs=1&hidelinks=1&limit=500&printable=yes HTTP/1.1" 404 - "-" "Mozilla/5.0 (compatible; MJ12bot/v1.4.8; http://mj12bot.com/)"
192.99.37.133 - - [30/Jan/2023:19:02:12 -0800] "GET /index.php?title=Special:WhatLinksHere/CSC-4.4&hideredirs=1&hidetrans=1&limit=100&printable=yes HTTP/1.1" 404 - "-" "Mozilla/5.0 (compatible; MJ12bot/v1.4.8; http://mj12bot.com/)"
192.99.37.133 - - [30/Jan/2023:19:02:15 -0800] "GET /index.php?title=Special:WhatLinksHere/CSC-4.4&hideredirs=1&hidetrans=1&limit=20&printable=yes HTTP/1.1" 404 - "-" "Mozilla/5.0 (compatible; MJ12bot/v1.4.8; http://mj12bot.com/)"
192.99.37.133 - - [30/Jan/2023:19:02:16 -0800] "GET /index.php?title=Special:WhatLinksHere/CSC-4.4&hideredirs=1&hidetrans=1&limit=250&printable=yes HTTP/1.1" 404 - "-" "Mozilla/5.0 (compatible; MJ12bot/v1.4.8; http://mj12bot.com/)"
192.99.37.133 - - [30/Jan/2023:19:02:18 -0800] "GET /index.php?title=Special:WhatLinksHere/CSC-4.4&hideredirs=1&hidetrans=1&limit=50&printable=yes HTTP/1.1" 404 - "-" "Mozilla/5.0 (compatible; MJ12bot/v1.4.8; http://mj12bot.com/)"
192.99.37.133 - - [30/Jan/2023:19:02:20 -0800] "GET /index.php?title=Special:WhatLinksHere/CSC-4.4&hideredirs=1&hidetrans=1&limit=500&printable=yes HTTP/1.1" 404 - "-" "Mozilla/5.0 (compatible; MJ12bot/v1.4.8; http://mj12bot.com/)"
192.99.37.133 - - [30/Jan/2023:19:02:22 -0800] "GET /index.php?title=Special:WhatLinksHere/CSC-4.4&limit=100&hidelinks=1&hideredirs=1&printable=yes HTTP/1.1" 404 - "-" "Mozilla/5.0 (compatible; MJ12bot/v1.4.8; http://mj12bot.com/)"
192.99.37.133 - - [30/Jan/2023:19:02:25 -0800] "GET /index.php?title=Special:WhatLinksHere/CSC-4.4&limit=100&hideredirs=1&hidelinks=1&hidetrans=1 HTTP/1.1" 404 - "-" "Mozilla/5.0 (compatible; MJ12bot/v1.4.8; http://mj12bot.com/)"
192.99.37.133 - - [30/Jan/2023:19:02:27 -0800] "GET /index.php?title=Special:WhatLinksHere/CSC-4.4&limit=100&hideredirs=1&hidelinks=1&printable=yes HTTP/1.1" 404 - "-" "Mozilla/5.0 (compatible; MJ12bot/v1.4.8; http://mj12bot.com/)"
192.99.37.133 - - [30/Jan/2023:19:02:28 -0800] "GET /index.php?title=Special:WhatLinksHere/CSC-4.4&limit=100&hideredirs=1&hidetrans=1&hidelinks=1 HTTP/1.1" 404 - "-" "Mozilla/5.0 (compatible; MJ12bot/v1.4.8; http://mj12bot.com/)"
192.99.37.133 - - [30/Jan/2023:19:02:31 -0800] "GET /index.php?title=Special:WhatLinksHere/CSC-4.4&limit=100&hideredirs=1&hidetrans=1&printable=yes HTTP/1.1" 404 - "-" "Mozilla/5.0 (compatible; MJ12bot/v1.4.8; http://mj12bot.com/)"
192.99.37.133 - - [30/Jan/2023:19:02:36 -0800] "GET /index.php?title=Special:WhatLinksHere/CSC-4.4&limit=100&hidetrans=1&hideredirs=1&printable=yes HTTP/1.1" 404 - "-" "Mozilla/5.0 (compatible; MJ12bot/v1.4.8; http://mj12bot.com/)"
192.99.37.133 - - [30/Jan/2023:19:02:37 -0800] "GET /index.php?title=Special:WhatLinksHere/CSC-4.4&limit=20&hidelinks=1&hideredirs=1&printable=yes HTTP/1.1" 404 - "-" "Mozilla/5.0 (compatible; MJ12bot/v1.4.8; http://mj12bot.com/)"
192.99.37.133 - - [30/Jan/2023:19:02:39 -0800] "GET /index.php?title=Special:WhatLinksHere/CSC-4.4&limit=20&hidelinks=1&hidetrans=1 HTTP/1.1" 404 - "-" "Mozilla/5.0 (compatible; MJ12bot/v1.4.8; http://mj12bot.com/)"
192.99.37.133 - - [30/Jan/2023:19:02:41 -0800] "GET /index.php?title=Special:WhatLinksHere/CSC-4.4&limit=20&hideredirs=1&hidelinks=1&hidetrans=1 HTTP/1.1" 404 - "-" "Mozilla/5.0 (compatible; MJ12bot/v1.4.8; http://mj12bot.com/)"
192.99.37.133 - - [30/Jan/2023:19:02:43 -0800] "GET /index.php?title=Special:WhatLinksHere/CSC-4.4&limit=20&hideredirs=1&hidelinks=1&printable=yes HTTP/1.1" 404 - "-" "Mozilla/5.0 (compatible; MJ12bot/v1.4.8; http://mj12bot.com/)"
192.99.37.133 - - [30/Jan/2023:19:02:45 -0800] "GET /index.php?title=Special:WhatLinksHere/CSC-4.4&limit=20&hideredirs=1&hidetrans=1&hidelinks=1 HTTP/1.1" 404 - "-" "Mozilla/5.0 (compatible; MJ12bot/v1.4.8; http://mj12bot.com/)"
192.99.37.133 - - [30/Jan/2023:19:02:47 -0800] "GET /index.php?title=Special:WhatLinksHere/CSC-4.4&limit=20&hideredirs=1&hidetrans=1&printable=yes HTTP/1.1" 404 - "-" "Mozilla/5.0 (compatible; MJ12bot/v1.4.8; http://mj12bot.com/)"
192.99.37.133 - - [30/Jan/2023:19:02:50 -0800] "GET /index.php?title=Special:WhatLinksHere/CSC-4.4&limit=20&hidetrans=1&hideredirs=1&printable=yes HTTP/1.1" 404 - "-" "Mozilla/5.0 (compatible; MJ12bot/v1.4.8; http://mj12bot.com/)"
192.99.37.133 - - [30/Jan/2023:19:02:53 -0800] "GET /index.php?title=Special:WhatLinksHere/CSC-4.4&limit=250&hidelinks=1&hideredirs=1&printable=yes HTTP/1.1" 404 - "-" "Mozilla/5.0 (compatible; MJ12bot/v1.4.8; http://mj12bot.com/)"
192.99.37.133 - - [30/Jan/2023:19:02:55 -0800] "GET /index.php?title=Special:WhatLinksHere/CSC-4.4&limit=250&hideredirs=1&hidelinks=1&hidetrans=1 HTTP/1.1" 404 - "-" "Mozilla/5.0 (compatible; MJ12bot/v1.4.8; http://mj12bot.com/)"
192.99.37.133 - - [30/Jan/2023:19:02:58 -0800] "GET /index.php?title=Special:WhatLinksHere/CSC-4.4&limit=250&hideredirs=1&hidelinks=1&printable=yes HTTP/1.1" 404 - "-" "Mozilla/5.0 (compatible; MJ12bot/v1.4.8; http://mj12bot.com/)"
192.99.37.133 - - [30/Jan/2023:19:03:00 -0800] "GET /index.php?title=Special:WhatLinksHere/CSC-4.4&limit=250&hideredirs=1&hidetrans=1&hidelinks=1 HTTP/1.1" 404 - "-" "Mozilla/5.0 (compatible; MJ12bot/v1.4.8; http://mj12bot.com/)"
192.99.37.133 - - [30/Jan/2023:19:03:03 -0800] "GET /index.php?title=Special:WhatLinksHere/CSC-4.4&limit=250&hideredirs=1&hidetrans=1&printable=yes HTTP/1.1" 404 - "-" "Mozilla/5.0 (compatible; MJ12bot/v1.4.8; http://mj12bot.com/)"
192.99.37.133 - - [30/Jan/2023:19:03:05 -0800] "GET /index.php?title=Special:WhatLinksHere/CSC-4.4&limit=250&hidetrans=1&hideredirs=1&printable=yes HTTP/1.1" 404 - "-" "Mozilla/5.0 (compatible; MJ12bot/v1.4.8; http://mj12bot.com/)"
192.99.37.133 - - [30/Jan/2023:19:03:07 -0800] "GET /index.php?title=Special:WhatLinksHere/CSC-4.4&limit=50&hidelinks=1&printable=yes HTTP/1.1" 404 - "-" "Mozilla/5.0 (compatible; MJ12bot/v1.4.8; http://mj12bot.com/)"
192.99.37.133 - - [30/Jan/2023:19:03:09 -0800] "GET /index.php?title=Special:WhatLinksHere/CSC-4.4&limit=50&hideredirs=1&hidelinks=1 HTTP/1.1" 404 - "-" "Mozilla/5.0 (compatible; MJ12bot/v1.4.8; http://mj12bot.com/)"
192.99.37.133 - - [30/Jan/2023:19:03:11 -0800] "GET /index.php?title=Special:WhatLinksHere/CSC-4.4&limit=50&hideredirs=1&hidetrans=1 HTTP/1.1" 404 - "-" "Mozilla/5.0 (compatible; MJ12bot/v1.4.8; http://mj12bot.com/)"
192.99.37.133 - - [30/Jan/2023:19:03:14 -0800] "GET /index.php?title=Special:WhatLinksHere/CSC-4.4&limit=50&hideredirs=1&printable=yes HTTP/1.1" 404 - "-" "Mozilla/5.0 (compatible; MJ12bot/v1.4.8; http://mj12bot.com/)"
192.99.37.133 - - [30/Jan/2023:19:03:16 -0800] "GET /index.php?title=Special:WhatLinksHere/CSC-4.4&limit=50&hidetrans=1&printable=yes HTTP/1.1" 404 - "-" "Mozilla/5.0 (compatible; MJ12bot/v1.4.8; http://mj12bot.com/)"
192.99.37.133 - - [30/Jan/2023:19:03:18 -0800] "GET /index.php?title=Special:WhatLinksHere/CSC-4.4&limit=500&hidelinks=1&hideredirs=1&printable=yes HTTP/1.1" 404 - "-" "Mozilla/5.0 (compatible; MJ12bot/v1.4.8; http://mj12bot.com/)"
192.99.37.133 - - [30/Jan/2023:19:03:21 -0800] "GET /index.php?title=Special:WhatLinksHere/CSC-4.4&limit=500&hideredirs=1&hidelinks=1&hidetrans=1 HTTP/1.1" 404 - "-" "Mozilla/5.0 (compatible; MJ12bot/v1.4.8; http://mj12bot.com/)"
192.99.37.133 - - [30/Jan/2023:19:03:23 -0800] "GET /index.php?title=Special:WhatLinksHere/CSC-4.4&limit=500&hideredirs=1&hidelinks=1&printable=yes HTTP/1.1" 404 - "-" "Mozilla/5.0 (compatible; MJ12bot/v1.4.8; http://mj12bot.com/)"
192.99.37.133 - - [30/Jan/2023:19:03:25 -0800] "GET /index.php?title=Special:WhatLinksHere/CSC-4.4&limit=500&hideredirs=1&hidetrans=1&hidelinks=1 HTTP/1.1" 404 - "-" "Mozilla/5.0 (compatible; MJ12bot/v1.4.8; http://mj12bot.com/)"
192.99.37.133 - - [30/Jan/2023:19:03:28 -0800] "GET /index.php?title=Special:WhatLinksHere/CSC-4.4&limit=500&hideredirs=1&hidetrans=1&printable=yes HTTP/1.1" 404 - "-" "Mozilla/5.0 (compatible; MJ12bot/v1.4.8; http://mj12bot.com/)"
192.99.37.133 - - [30/Jan/2023:19:03:31 -0800] "GET /index.php?title=Special:WhatLinksHere/CSC-4.4&limit=500&hidetrans=1&hideredirs=1&printable=yes HTTP/1.1" 404 - "-" "Mozilla/5.0 (compatible; MJ12bot/v1.4.8; http://mj12bot.com/)"
